ClassDecl (name: Main, superClass: Object)
| VarDecl (name: i, type: int)
| MethodDecl (argumentNames: [], argumentTypes: [], name: main, returnType: void)
| | Seq ()
| | | VarDecl (name: a, type: A)
| | | VarDecl (name: arr, type: A[])
| | Seq ()
| | | Assign ()
| | | | Var (name: a)
| | | | NewObject (typeName: A)
| | | Assign ()
| | | | Var (name: arr)
| | | | NewArray (typeName: A[])
| | | | | BinaryOp (operator: B_MINUS)
| | | | | | BinaryOp (operator: B_PLUS)
| | | | | | | IntConst (value: 1)
| | | | | | | BinaryOp (operator: B_TIMES)
| | | | | | | | IntConst (value: 2)
| | | | | | | | IntConst (value: 3)
| | | | | | BinaryOp (operator: B_MOD)
| | | | | | | BinaryOp (operator: B_DIV)
| | | | | | | | IntConst (value: 4)
| | | | | | | | IntConst (value: 5)
| | | | | | | IntConst (value: 6)
| | | Assign ()
| | | | Index ()
| | | | | Var (name: arr)
| | | | | BinaryOp (operator: B_MINUS)
| | | | | | BinaryOp (operator: B_PLUS)
| | | | | | | IntConst (value: 55)
| | | | | | | IntConst (value: 37)
| | | | | | BinaryOp (operator: B_DIV)
| | | | | | | IntConst (value: 68)
| | | | | | | Var (name: i)
| | | | Var (name: a)
| | | Assign ()
| | | | Var (name: a)
| | | | Index ()
| | | | | Var (name: arr)
| | | | | BinaryOp (operator: B_MINUS)
| | | | | | BinaryOp (operator: B_PLUS)
| | | | | | | Var (name: i)
| | | | | | | IntConst (value: 42)
| | | | | | BinaryOp (operator: B_DIV)
| | | | | | | IntConst (value: 30)
| | | | | | | IntConst (value: 4)
ClassDecl (name: A, superClass: Object)
