ClassDecl (name: Main, superClass: Object)
| MethodDecl (argumentNames: [], argumentTypes: [], name: main, returnType: void)
| | Seq ()
| | | VarDecl (name: a, type: boolean)
| | | VarDecl (name: b, type: boolean)
| | Seq ()
| | | Assign ()
| | | | Var (name: a)
| | | | BooleanConst (value: true)
| | | Assign ()
| | | | Var (name: b)
| | | | Field (fieldName: f)
| | | | | Var (name: a)
