ClassDecl (name: foo, superClass: Object)
| VarDecl (name: foo, type: foo)
| MethodDecl (argumentNames: [], argumentTypes: [], name: foo, returnType: void)
| | Seq ()
| | | VarDecl (name: foo, type: int)
| | Seq ()
| | | Assign ()
| | | | Var (name: foo)
| | | | IntConst (value: 2)
| | | BuiltInWrite ()
| | | | Var (name: foo)
| MethodDecl (argumentNames: [], argumentTypes: [], name: bar, returnType: void)
| | Seq ()
| | Seq ()
ClassDecl (name: bar, superClass: foo)
| VarDecl (name: foo, type: foo)
| MethodDecl (argumentNames: [], argumentTypes: [], name: bar, returnType: void)
| | Seq ()
| | Seq ()
| | | MethodCall ()
| | | | MethodCallExpr (methodName: foo)
| | | | | ThisRef ()
| | | MethodCall ()
| | | | MethodCallExpr (methodName: bar)
| | | | | ThisRef ()
ClassDecl (name: Main, superClass: Object)
| MethodDecl (argumentNames: [], argumentTypes: [], name: main, returnType: void)
| | Seq ()
| | | VarDecl (name: f, type: foo)
| | Seq ()
| | | Assign ()
| | | | Var (name: f)
| | | | NewObject (typeName: foo)
| | | MethodCall ()
| | | | MethodCallExpr (methodName: foo)
| | | | | Var (name: f)
