ClassDecl (name: Main, superClass: Object)
| MethodDecl (argumentNames: [], argumentTypes: [], name: main, returnType: void)
| | Seq ()
| | | VarDecl (name: a, type: A)
| | Seq ()
| | | Assign ()
| | | | Var (name: a)
| | | | NewObject (typeName: A)
| | | Assign ()
| | | | Var (name: a)
| | | | MethodCallExpr (methodName: foo)
| | | | | Var (name: a)
| | | | | IntConst (value: 41)
ClassDecl (name: A, superClass: Object)
| VarDecl (name: x, type: int)
| MethodDecl (argumentNames: [i], argumentTypes: [int], name: foo, returnType: A)
| | Seq ()
| | Seq ()
| | | Assign ()
| | | | Field (fieldName: x)
| | | | | ThisRef ()
| | | | IntConst (value: 1)
| | | BuiltInWrite ()
| | | | MethodCallExpr (methodName: bar)
| | | | | ThisRef ()
| | | | | Var (name: i)
| | | ReturnStmt ()
| | | | ThisRef ()
| MethodDecl (argumentNames: [i], argumentTypes: [int], name: bar, returnType: int)
| | Seq ()
| | Seq ()
| | | ReturnStmt ()
| | | | BinaryOp (operator: B_PLUS)
| | | | | Var (name: i)
| | | | | Field (fieldName: x)
| | | | | | ThisRef ()
