ClassDecl (name: Main, superClass: Object)
| MethodDecl (argumentNames: [], argumentTypes: [], name: main, returnType: void)
| | Seq ()
| | | VarDecl (name: i, type: int)
| | Seq ()
| | | Assign ()
| | | | Var (name: i)
| | | | IntConst (value: 1)
| | | Assign ()
| | | | Var (name: i)
| | | | BinaryOp (operator: B_PLUS)
| | | | | Var (name: i)
| | | | | IntConst (value: 1)
