ClassDecl (name: X, superClass: Object)
| MethodDecl (argumentNames: [x], argumentTypes: [int], name: method, returnType: void)
| | Seq ()
| | Seq ()
ClassDecl (name: Y, superClass: X)
| MethodDecl (argumentNames: [x, y], argumentTypes: [boolean, int], name: method, returnType: void)
| | Seq ()
| | Seq ()
ClassDecl (name: Main, superClass: Object)
| MethodDecl (argumentNames: [], argumentTypes: [], name: main, returnType: void)
| | Seq ()
| | Seq ()
