ClassDecl (name: Main, superClass: Object)
| VarDecl (name: A, type: int)
| MethodDecl (argumentNames: [], argumentTypes: [], name: main, returnType: void)
| | Seq ()
| | Seq ()
| MethodDecl (argumentNames: [], argumentTypes: [], name: print, returnType: void)
| | Seq ()
| | Seq ()
| | | ReturnStmt ()
| MethodDecl (argumentNames: [], argumentTypes: [], name: print2, returnType: void)
| | Seq ()
| | | VarDecl (name: a, type: int)
| | Seq ()
| | | Assign ()
| | | | Var (name: a)
| | | | IntConst (value: 5)
| | | IfElse ()
| | | | BinaryOp (operator: B_NOT_EQUAL)
| | | | | Var (name: a)
| | | | | IntConst (value: 5)
| | | | Seq ()
| | | | | ReturnStmt ()
| | | | Seq ()
| | | | | ReturnStmt ()
| MethodDecl (argumentNames: [], argumentTypes: [], name: print3, returnType: void)
| | Seq ()
| | | VarDecl (name: a, type: int)
| | Seq ()
| | | Assign ()
| | | | Var (name: a)
| | | | IntConst (value: 5)
| | | IfElse ()
| | | | BinaryOp (operator: B_NOT_EQUAL)
| | | | | Var (name: a)
| | | | | IntConst (value: 5)
| | | | Seq ()
| | | | Seq ()
| | | | | ReturnStmt ()
| MethodDecl (argumentNames: [], argumentTypes: [], name: print4, returnType: void)
| | Seq ()
| | | VarDecl (name: a, type: int)
| | Seq ()
| | | Assign ()
| | | | Var (name: a)
| | | | IntConst (value: 5)
| | | IfElse ()
| | | | BinaryOp (operator: B_NOT_EQUAL)
| | | | | Var (name: a)
| | | | | IntConst (value: 5)
| | | | Seq ()
| | | | | ReturnStmt ()
| | | | | BuiltInWrite ()
| | | | | | Var (name: a)
| | | | Seq ()
| | | | | ReturnStmt ()
| MethodDecl (argumentNames: [], argumentTypes: [], name: print5, returnType: void)
| | Seq ()
| | | VarDecl (name: a, type: int)
| | Seq ()
| | | Assign ()
| | | | Var (name: a)
| | | | IntConst (value: 5)
| | | IfElse ()
| | | | BinaryOp (operator: B_NOT_EQUAL)
| | | | | Var (name: a)
| | | | | IntConst (value: 5)
| | | | Seq ()
| | | | | ReturnStmt ()
| | | | Seq ()
| | | | | ReturnStmt ()
| | | | | BuiltInWrite ()
| | | | | | Var (name: a)
