ClassDecl (name: Main, superClass: Object)
| VarDecl (name: a, type: A)
| VarDecl (name: b, type: B)
| MethodDecl (argumentNames: [], argumentTypes: [], name: main, returnType: void)
| | Seq ()
| | Seq ()
ClassDecl (name: A, superClass: Object)
| VarDecl (name: x, type: int)
ClassDecl (name: B, superClass: A)
