ClassDecl (name: X, superClass: Object)
ClassDecl (name: Main, superClass: Object)
| MethodDecl (argumentNames: [], argumentTypes: [], name: main, returnType: void)
| | Seq ()
| | | VarDecl (name: x, type: X)
| | Seq ()
| | | Assign ()
| | | | Field (fieldName: x)
| | | | | ThisRef ()
| | | | NewObject (typeName: X)
