ClassDecl (name: Main, superClass: Object)
| MethodDecl (argumentNames: [], argumentTypes: [], name: main, returnType: void)
| | Seq ()
| | | VarDecl (name: a, type: int)
| | Seq ()
| | | IfElse ()
| | | | BinaryOp (operator: B_OR)
| | | | | BinaryOp (operator: B_AND)
| | | | | | BooleanConst (value: true)
| | | | | | BooleanConst (value: false)
| | | | | BooleanConst (value: true)
| | | | Seq ()
| | | | | BuiltInWrite ()
| | | | | | IntConst (value: 0)
| | | | Seq ()
| | | | | BuiltInWrite ()
| | | | | | IntConst (value: 1)
| | | Assign ()
| | | | Var (name: a)
| | | | MethodCallExpr (methodName: foo)
| | | | | ThisRef ()
| | | | | BinaryOp (operator: B_OR)
| | | | | | BinaryOp (operator: B_AND)
| | | | | | | BooleanConst (value: true)
| | | | | | | BooleanConst (value: false)
| | | | | | BooleanConst (value: true)
| | | | | BinaryOp (operator: B_AND)
| | | | | | BooleanConst (value: true)
| | | | | | BooleanConst (value: false)
| | | BuiltInWrite ()
| | | | Var (name: a)
| MethodDecl (argumentNames: [a, b], argumentTypes: [boolean, boolean], name: foo, returnType: int)
| | Seq ()
| | Seq ()
| | | IfElse ()
| | | | BinaryOp (operator: B_AND)
| | | | | Var (name: a)
| | | | | Var (name: b)
| | | | Seq ()
| | | | | ReturnStmt ()
| | | | | | IntConst (value: 3)
| | | | Seq ()
| | | | | ReturnStmt ()
| | | | | | IntConst (value: 5)
