ClassDecl (name: Main, superClass: Object)
| MethodDecl (argumentNames: [], argumentTypes: [], name: main, returnType: void)
| | Seq ()
| | | VarDecl (name: y, type: int)
| | | VarDecl (name: x, type: int)
| | Seq ()
| | | MethodCall ()
| | | | MethodCallExpr (methodName: main)
| | | | | ThisRef ()
| | | Assign ()
| | | | Var (name: c)
| | | | MethodCallExpr (methodName: main)
| | | | | ThisRef ()
| | | MethodCall ()
| | | | MethodCallExpr (methodName: main)
| | | | | Var (name: a)
| | | MethodCall ()
| | | | MethodCallExpr (methodName: main)
| | | | | Field (fieldName: b)
| | | | | | Var (name: a)
| | | Assign ()
| | | | Var (name: c)
| | | | MethodCallExpr (methodName: main)
| | | | | Var (name: c)
| | | Assign ()
| | | | Var (name: c)
| | | | MethodCallExpr (methodName: main)
| | | | | Field (fieldName: b)
| | | | | | Var (name: a)
| | | MethodCall ()
| | | | MethodCallExpr (methodName: main)
| | | | | MethodCallExpr (methodName: main)
| | | | | | ThisRef ()
| | | MethodCall ()
| | | | MethodCallExpr (methodName: main)
| | | | | Field (fieldName: c)
| | | | | | MethodCallExpr (methodName: main)
| | | | | | | ThisRef ()
| | | Assign ()
| | | | Var (name: d)
| | | | MethodCallExpr (methodName: main)
| | | | | Field (fieldName: c)
| | | | | | MethodCallExpr (methodName: main)
| | | | | | | ThisRef ()
| | | MethodCall ()
| | | | MethodCallExpr (methodName: main)
| | | | | ThisRef ()
| | | | | IntConst (value: 1)
| | | Assign ()
| | | | Var (name: c)
| | | | MethodCallExpr (methodName: main)
| | | | | ThisRef ()
| | | | | IntConst (value: 1)
| | | | | Var (name: a)
| | | MethodCall ()
| | | | MethodCallExpr (methodName: main)
| | | | | Var (name: a)
| | | | | BinaryOp (operator: B_PLUS)
| | | | | | Var (name: c)
| | | | | | IntConst (value: 3)
| | | MethodCall ()
| | | | MethodCallExpr (methodName: main)
| | | | | Field (fieldName: b)
| | | | | | Var (name: a)
| | | | | BooleanConst (value: true)
| | | Assign ()
| | | | Var (name: c)
| | | | MethodCallExpr (methodName: main)
| | | | | Var (name: c)
| | | | | Var (name: a)
| | | | | Var (name: b)
| | | | | Var (name: c)
| | | | | BinaryOp (operator: B_PLUS)
| | | | | | Var (name: a)
| | | | | | IntConst (value: 1)
| | | Assign ()
| | | | Var (name: c)
| | | | MethodCallExpr (methodName: main)
| | | | | Field (fieldName: b)
| | | | | | Var (name: a)
| | | | | IntConst (value: 3)
| | | MethodCall ()
| | | | MethodCallExpr (methodName: main)
| | | | | MethodCallExpr (methodName: main)
| | | | | | ThisRef ()
| | | | | | IntConst (value: 5)
| | | | | IntConst (value: 3)
| | | MethodCall ()
| | | | MethodCallExpr (methodName: main)
| | | | | Field (fieldName: c)
| | | | | | MethodCallExpr (methodName: main)
| | | | | | | ThisRef ()
| | | | | | | IntConst (value: 3)
| | | | | | | IntConst (value: 4)
| | | | | | | IntConst (value: 5)
| | | | | Var (name: a)
| | | | | IntConst (value: 1)
| | | | | Var (name: a)
| | | Assign ()
| | | | Var (name: d)
| | | | MethodCallExpr (methodName: main)
| | | | | Field (fieldName: c)
| | | | | | MethodCallExpr (methodName: main)
| | | | | | | ThisRef ()
| | | | | | | Var (name: as)
| | | | | BooleanConst (value: true)
| | | | | BooleanConst (value: false)
| | | | | BinaryOp (operator: B_PLUS)
| | | | | | IntConst (value: 1)
| | | | | | BinaryOp (operator: B_TIMES)
| | | | | | | IntConst (value: 2)
| | | | | | | IntConst (value: 4)
| | | Assign ()
| | | | Var (name: y)
| | | | IntConst (value: 3)
| | | Assign ()
| | | | Var (name: x)
| | | | IntConst (value: 3)
| | | MethodCall ()
| | | | MethodCallExpr (methodName: print)
| | | | | Var (name: x)
| | | | | Var (name: x)
| | | | | Var (name: y)
| MethodDecl (argumentNames: [x, y], argumentTypes: [int, int], name: print, returnType: void)
| | Seq ()
| | | VarDecl (name: c, type: int)
| | Seq ()
| | | Assign ()
| | | | Var (name: c)
| | | | BinaryOp (operator: B_PLUS)
| | | | | Var (name: x)
| | | | | Var (name: y)
| | | Assign ()
| | | | Var (name: c)
| | | | ThisRef ()
