ClassDecl (name: Main, superClass: Object)
| MethodDecl (argumentNames: [], argumentTypes: [], name: main, returnType: void)
| | Seq ()
| | | VarDecl (name: a, type: boolean)
| | Seq ()
| | | Assign ()
| | | | Var (name: a)
| | | | BooleanConst (value: false)
| | | BuiltInWrite ()
| | | | IntConst (value: 53110)
| | | BuiltInWriteln ()
