ClassDecl (name: Main, superClass: Object)
| MethodDecl (argumentNames: [], argumentTypes: [], name: main, returnType: void)
| | Seq ()
| | Seq ()
| | | IfElse ()
| | | | BooleanConst (value: true)
| | | | Seq ()
| | | | | Assign ()
| | | | | | Var (name: a)
| | | | | | IntConst (value: 1)
| | | | Seq ()
| | | | | Assign ()
| | | | | | Var (name: a)
| | | | | | IntConst (value: 0)
| | | IfElse ()
| | | | BooleanConst (value: true)
| | | | Seq ()
| | | | | Assign ()
| | | | | | Var (name: a)
| | | | | | IntConst (value: 1)
| | | | | Assign ()
| | | | | | Var (name: b)
| | | | | | IntConst (value: 2)
| | | | Seq ()
| | | | | Assign ()
| | | | | | Var (name: a)
| | | | | | IntConst (value: 0)
| | | | | Assign ()
| | | | | | Var (name: b)
| | | | | | IntConst (value: 3)
| | | IfElse ()
| | | | BooleanConst (value: true)
| | | | Seq ()
| | | | Seq ()
| | | IfElse ()
| | | | BinaryOp (operator: B_EQUAL)
| | | | | Var (name: b)
| | | | | BinaryOp (operator: B_PLUS)
| | | | | | IntConst (value: 1)
| | | | | | IntConst (value: 2)
| | | | Seq ()
| | | | Nop ()
| | | IfElse ()
| | | | BinaryOp (operator: B_EQUAL)
| | | | | Var (name: b)
| | | | | BooleanConst (value: true)
| | | | Seq ()
| | | | | Assign ()
| | | | | | Var (name: a)
| | | | | | IntConst (value: 2)
| | | | Nop ()
| | | IfElse ()
| | | | BinaryOp (operator: B_EQUAL)
| | | | | Var (name: b)
| | | | | BooleanConst (value: true)
| | | | Seq ()
| | | | | Assign ()
| | | | | | Var (name: a)
| | | | | | IntConst (value: 2)
| | | | | Assign ()
| | | | | | Var (name: b)
| | | | | | IntConst (value: 2)
| | | | Nop ()
| | | IfElse ()
| | | | BooleanConst (value: true)
| | | | Seq ()
| | | | Seq ()
| | | | | Assign ()
| | | | | | Var (name: a)
| | | | | | IntConst (value: 0)
| | | | | Assign ()
| | | | | | Var (name: b)
| | | | | | IntConst (value: 3)
| | | IfElse ()
| | | | BooleanConst (value: true)
| | | | Seq ()
| | | | | Assign ()
| | | | | | Var (name: a)
| | | | | | IntConst (value: 1)
| | | | | Assign ()
| | | | | | Var (name: b)
| | | | | | IntConst (value: 2)
| | | | Seq ()
