ClassDecl (name: A, superClass: Object)
| MethodDecl (argumentNames: [arg, arg2], argumentTypes: [int, int], name: foo, returnType: void)
| | Seq ()
| | Seq ()
ClassDecl (name: B, superClass: A)
ClassDecl (name: C, superClass: B)
| MethodDecl (argumentNames: [arg, ar2], argumentTypes: [int, int], name: foo, returnType: int)
| | Seq ()
| | Seq ()
| | | ReturnStmt ()
| | | | Var (name: arg)
ClassDecl (name: Main, superClass: Object)
| MethodDecl (argumentNames: [], argumentTypes: [], name: main, returnType: void)
| | Seq ()
| | Seq ()
| | | BuiltInWriteln ()
