ClassDecl (name: A, superClass: Object)
| VarDecl (name: foo, type: int)
| MethodDecl (argumentNames: [], argumentTypes: [], name: bar, returnType: B)
| | Seq ()
| | | VarDecl (name: x, type: int)
| | Seq ()
ClassDecl (name: B, superClass: A)
| VarDecl (name: bar, type: int)
ClassDecl (name: Main, superClass: Object)
| MethodDecl (argumentNames: [x], argumentTypes: [int], name: main, returnType: void)
| | Seq ()
| | Seq ()
