ClassDecl (name: Main, superClass: Object)
| MethodDecl (argumentNames: [], argumentTypes: [], name: main, returnType: void)
| | Seq ()
| | | VarDecl (name: a, type: A)
| | | VarDecl (name: b, type: int[])
| | | VarDecl (name: c, type: A[])
| | Seq ()
| | | Assign ()
| | | | Var (name: a)
| | | | NullConst ()
| | | Assign ()
| | | | Var (name: b)
| | | | NullConst ()
| | | Assign ()
| | | | Var (name: c)
| | | | NullConst ()
ClassDecl (name: A, superClass: Object)
