ClassDecl (name: Main, superClass: Object)
| VarDecl (name: b, type: boolean)
| MethodDecl (argumentNames: [], argumentTypes: [], name: main, returnType: void)
| | Seq ()
| | | VarDecl (name: aref, type: A)
| | | VarDecl (name: bref, type: B)
| | Seq ()
| | | Assign ()
| | | | Var (name: aref)
| | | | NewObject (typeName: A)
| | | Assign ()
| | | | Var (name: bref)
| | | | Cast (typeName: B)
| | | | | Var (name: aref)
ClassDecl (name: A, superClass: Object)
ClassDecl (name: B, superClass: A)
