Main.main
  BB0 out: [a, b, bools, i]
    a = new A[][1]: []
    b = new B[][1]: [a]
    i = new int[][2]: [a, b]
    bools = new boolean[][2]: [a, b, i]
    b[0] = new B(): [a, b, bools, i]
    a[0] = b[0]: [a, b, bools, i]
    i[0] = 1: [a, b, bools, i]
    i[1] = (i[0] + 1): [a, b, bools, i]
    bools[0] = true: [a, b, bools, i]
    bools[1] = (bools[0] && false): [a, b, bools, i]
  BB1 out: [a, b, bools, i]


