ClassDecl (name: A, superClass: Object)
ClassDecl (name: B, superClass: A)
ClassDecl (name: Main, superClass: Object)
| MethodDecl (argumentNames: [], argumentTypes: [], name: main, returnType: void)
| | Seq ()
| | Seq ()
| MethodDecl (argumentNames: [], argumentTypes: [], name: method, returnType: int)
| | Seq ()
| | Seq ()
| | | IfElse ()
| | | | BooleanConst (value: true)
| | | | Seq ()
| | | | | ReturnStmt ()
| | | | | | IntConst (value: 1)
| | | | Seq ()
| | | | | IfElse ()
| | | | | | BooleanConst (value: false)
| | | | | | Seq ()
| | | | | | | ReturnStmt ()
| | | | | | | | IntConst (value: 1)
| | | | | | Seq ()
| | | ReturnStmt ()
| | | | IntConst (value: 1)
