ClassDecl (name: Main, superClass: Object)
| MethodDecl (argumentNames: [], argumentTypes: [], name: main, returnType: void)
| | Seq ()
| | | VarDecl (name: super, type: Super)
| | | VarDecl (name: sub, type: Sub[])
| | Seq ()
| | | Assign ()
| | | | Var (name: super)
| | | | Index ()
| | | | | Var (name: sub)
| | | | | IntConst (value: 0)
ClassDecl (name: Sub, superClass: Super)
ClassDecl (name: Super, superClass: Object)
