digraph G {
  graph [ rankdir = "LR" ];
  subgraph cluster_0 {
    label = "Main.main"
    M0_BB0 [
      shape="record"
      label="BB0|this.b2 = false|this.b1 = (true \|\| this.b2)|this.b1 = !(true)|this.b1 = !((this.b2 && this.b1))"
    ];
    M0_BB0 -> M0_BB1;
    M0_BB1 [
      shape="record"
      label="BB1"
    ];
  }
}
