ClassDecl (name: Main, superClass: Object)
| MethodDecl (argumentNames: [], argumentTypes: [], name: main, returnType: void)
| | Seq ()
| | | VarDecl (name: x, type: boolean)
| | Seq ()
| | | Assign ()
| | | | Var (name: x)
| | | | BinaryOp (operator: B_OR)
| | | | | IntConst (value: 5)
| | | | | IntConst (value: 5)
