ClassDecl (name: Main, superClass: Object)
| VarDecl (name: c, type: C)
| VarDecl (name: r, type: R)
| MethodDecl (argumentNames: [], argumentTypes: [], name: main, returnType: void)
| | Seq ()
| | Seq ()
| | | Assign ()
| | | | Var (name: c)
| | | | Var (name: r)
| | | Assign ()
| | | | Var (name: r)
| | | | Cast (typeName: R)
| | | | | Var (name: c)
| | | Assign ()
| | | | Var (name: c)
| | | | Cast (typeName: C)
| | | | | Var (name: r)
| | | Assign ()
| | | | Var (name: r)
| | | | Var (name: c)
ClassDecl (name: A, superClass: Object)
ClassDecl (name: C, superClass: Object)
ClassDecl (name: R, superClass: C)
