ClassDecl (name: A, superClass: Object)
| VarDecl (name: a, type: int)
ClassDecl (name: Main, superClass: Object)
| VarDecl (name: a, type: int[])
| MethodDecl (argumentNames: [], argumentTypes: [], name: main, returnType: void)
| | Seq ()
| | Seq ()
| | | Assign ()
| | | | Var (name: a)
| | | | NewArray (typeName: A[])
| | | | | IntConst (value: 3)
| | | Assign ()
| | | | Var (name: a)
| | | | Cast (typeName: int[])
| | | | | Var (name: a)
