ClassDecl (name: Main, superClass: Object)
| VarDecl (name: b, type: B)
| MethodDecl (argumentNames: [], argumentTypes: [], name: main, returnType: void)
| | Seq ()
| | Seq ()
| | | Assign ()
| | | | Var (name: b)
| | | | NewObject (typeName: B)
| | | MethodCall ()
| | | | MethodCallExpr (methodName: init)
| | | | | Var (name: b)
| | | BuiltInWrite ()
| | | | MethodCallExpr (methodName: foo)
| | | | | Var (name: b)
ClassDecl (name: A, superClass: Object)
| VarDecl (name: a, type: int)
| VarDecl (name: b, type: int)
| MethodDecl (argumentNames: [], argumentTypes: [], name: foo, returnType: void)
| | Seq ()
| | Seq ()
| | | ReturnStmt ()
| | | | BinaryOp (operator: B_PLUS)
| | | | | Var (name: a)
| | | | | Var (name: b)
ClassDecl (name: B, superClass: Object)
| VarDecl (name: a, type: A)
| MethodDecl (argumentNames: [], argumentTypes: [], name: init, returnType: void)
| | Seq ()
| | Seq ()
| | | Assign ()
| | | | Var (name: a)
| | | | NewObject (typeName: A)
| | | Assign ()
| | | | Field (fieldName: a)
| | | | | Var (name: a)
| | | | IntConst (value: 2)
| | | Assign ()
| | | | Field (fieldName: b)
| | | | | Var (name: a)
| | | | IntConst (value: 3)
| MethodDecl (argumentNames: [], argumentTypes: [], name: foo, returnType: int)
| | Seq ()
| | Seq ()
| | | ReturnStmt ()
| | | | Field (fieldName: foo)
| | | | | Var (name: a)
