ClassDecl (name: Main, superClass: Object)
| MethodDecl (argumentNames: [], argumentTypes: [], name: main, returnType: void)
| | Seq ()
| | | VarDecl (name: r1, type: int)
| | | VarDecl (name: r2, type: int)
| | | VarDecl (name: r3, type: int)
| | Seq ()
| | | Assign ()
| | | | Var (name: r1)
| | | | IntConst (value: 8)
| | | Assign ()
| | | | Var (name: r2)
| | | | IntConst (value: 2)
| | | Assign ()
| | | | Var (name: r3)
| | | | IntConst (value: 9)
| | | BuiltInWrite ()
| | | | BinaryOp (operator: B_DIV)
| | | | | BinaryOp (operator: B_DIV)
| | | | | | Var (name: r1)
| | | | | | Var (name: r2)
| | | | | Var (name: r2)
| | | BuiltInWriteln ()
| | | BuiltInWrite ()
| | | | BinaryOp (operator: B_DIV)
| | | | | Var (name: r3)
| | | | | Var (name: r2)
| | | BuiltInWriteln ()
| | | Assign ()
| | | | Var (name: r2)
| | | | BinaryOp (operator: B_TIMES)
| | | | | Var (name: r1)
| | | | | Var (name: r3)
| | | BuiltInWrite ()
| | | | Var (name: r2)
| | | BuiltInWriteln ()
| | | BuiltInWrite ()
| | | | BinaryOp (operator: B_MINUS)
| | | | | BinaryOp (operator: B_DIV)
| | | | | | BinaryOp (operator: B_TIMES)
| | | | | | | IntConst (value: 3)
| | | | | | | IntConst (value: 4)
| | | | | | BinaryOp (operator: B_TIMES)
| | | | | | | IntConst (value: 2)
| | | | | | | IntConst (value: 3)
| | | | | BinaryOp (operator: B_PLUS)
| | | | | | BinaryOp (operator: B_PLUS)
| | | | | | | IntConst (value: 4)
| | | | | | | IntConst (value: 7)
| | | | | | BinaryOp (operator: B_PLUS)
| | | | | | | IntConst (value: 9)
| | | | | | | IntConst (value: 13)
| | | BuiltInWriteln ()
| | | BuiltInWrite ()
| | | | BinaryOp (operator: B_DIV)
| | | | | BinaryOp (operator: B_DIV)
| | | | | | BinaryOp (operator: B_DIV)
| | | | | | | BinaryOp (operator: B_DIV)
| | | | | | | | BinaryOp (operator: B_TIMES)
| | | | | | | | | IntConst (value: 3)
| | | | | | | | | IntConst (value: 4)
| | | | | | | | BinaryOp (operator: B_TIMES)
| | | | | | | | | IntConst (value: 2)
| | | | | | | | | IntConst (value: 3)
| | | | | | | BinaryOp (operator: B_DIV)
| | | | | | | | BinaryOp (operator: B_DIV)
| | | | | | | | | IntConst (value: 18)
| | | | | | | | | IntConst (value: 4)
| | | | | | | | BinaryOp (operator: B_DIV)
| | | | | | | | | IntConst (value: 13)
| | | | | | | | | IntConst (value: 9)
| | | | | | BinaryOp (operator: B_DIV)
| | | | | | | BinaryOp (operator: B_DIV)
| | | | | | | | BinaryOp (operator: B_TIMES)
| | | | | | | | | IntConst (value: 17)
| | | | | | | | | IntConst (value: 12)
| | | | | | | | BinaryOp (operator: B_TIMES)
| | | | | | | | | IntConst (value: 2)
| | | | | | | | | IntConst (value: 3)
| | | | | | | BinaryOp (operator: B_DIV)
| | | | | | | | BinaryOp (operator: B_DIV)
| | | | | | | | | IntConst (value: 18)
| | | | | | | | | IntConst (value: 4)
| | | | | | | | BinaryOp (operator: B_DIV)
| | | | | | | | | IntConst (value: 13)
| | | | | | | | | IntConst (value: 9)
| | | | | BinaryOp (operator: B_DIV)
| | | | | | BinaryOp (operator: B_DIV)
| | | | | | | BinaryOp (operator: B_DIV)
| | | | | | | | BinaryOp (operator: B_TIMES)
| | | | | | | | | IntConst (value: 700)
| | | | | | | | | IntConst (value: 4)
| | | | | | | | BinaryOp (operator: B_TIMES)
| | | | | | | | | IntConst (value: 2)
| | | | | | | | | IntConst (value: 3)
| | | | | | | BinaryOp (operator: B_DIV)
| | | | | | | | BinaryOp (operator: B_DIV)
| | | | | | | | | IntConst (value: 18)
| | | | | | | | | IntConst (value: 4)
| | | | | | | | BinaryOp (operator: B_DIV)
| | | | | | | | | IntConst (value: 13)
| | | | | | | | | IntConst (value: 9)
| | | | | | BinaryOp (operator: B_DIV)
| | | | | | | BinaryOp (operator: B_DIV)
| | | | | | | | BinaryOp (operator: B_TIMES)
| | | | | | | | | IntConst (value: 17)
| | | | | | | | | IntConst (value: 12)
| | | | | | | | BinaryOp (operator: B_TIMES)
| | | | | | | | | IntConst (value: 2)
| | | | | | | | | IntConst (value: 3)
| | | | | | | BinaryOp (operator: B_DIV)
| | | | | | | | BinaryOp (operator: B_DIV)
| | | | | | | | | IntConst (value: 18)
| | | | | | | | | IntConst (value: 4)
| | | | | | | | BinaryOp (operator: B_DIV)
| | | | | | | | | IntConst (value: 13)
| | | | | | | | | IntConst (value: 9)
