ClassDecl (name: Main, superClass: Object)
| MethodDecl (argumentNames: [], argumentTypes: [], name: main, returnType: void)
| | Seq ()
| | Seq ()
| | | IfElse ()
| | | | BooleanConst (value: true)
| | | | Seq ()
| | | | Nop ()
| | | IfElse ()
| | | | IntConst (value: 1)
| | | | Seq ()
| | | | Nop ()
