digraph G {
  graph [ rankdir = "LR" ];
  subgraph cluster_0 {
    label = "Main.main"
    M0_BB0 [
      shape="record"
      label="BB0|this.i = 4|If: (this.i \< 2)"
    ];
    M0_BB0 -> M0_BB2;
    M0_BB0 -> M0_BB3 [label="False"];
    M0_BB1 [
      shape="record"
      label="BB1"
    ];
    M0_BB2 [
      shape="record"
      label="BB2|write(2)"
    ];
    M0_BB2 -> M0_BB4;
    M0_BB3 [
      shape="record"
      label="BB3|write(this.i)"
    ];
    M0_BB3 -> M0_BB4;
    M0_BB4 [
      shape="record"
      label="BB4"
    ];
    M0_BB4 -> M0_BB1;
  }
}
