ClassDecl (name: Main, superClass: Object)
| MethodDecl (argumentNames: [], argumentTypes: [], name: main, returnType: void)
| | Seq ()
| | | VarDecl (name: a, type: A)
| | | VarDecl (name: b, type: B)
| | | VarDecl (name: c, type: C)
| | Seq ()
| | | Assign ()
| | | | Var (name: c)
| | | | NewObject (typeName: C)
| | | Assign ()
| | | | Var (name: b)
| | | | NewObject (typeName: b)
| | | Assign ()
| | | | Var (name: a)
| | | | NewObject (typeName: A)
| | | Assign ()
| | | | Field (fieldName: arr)
| | | | | Var (name: c)
| | | | NewArray (typeName: A[])
| | | | | IntConst (value: 10)
| | | Assign ()
| | | | Index ()
| | | | | Field (fieldName: arr)
| | | | | | Var (name: c)
| | | | | IntConst (value: 5)
| | | | Var (name: c)
| | | Assign ()
| | | | Var (name: a)
| | | | Cast (typeName: A)
| | | | | MethodCallExpr (methodName: make)
| | | | | | Index ()
| | | | | | | Field (fieldName: arr)
| | | | | | | | Var (name: c)
| | | | | | | IntConst (value: 5)
| | | Assign ()
| | | | Var (name: b)
| | | | Cast (typeName: B)
| | | | | Var (name: a)
| | | Assign ()
| | | | Var (name: c)
| | | | Cast (typeName: C)
| | | | | Var (name: a)
ClassDecl (name: A, superClass: Object)
| VarDecl (name: arr, type: A[])
| MethodDecl (argumentNames: [], argumentTypes: [], name: f, returnType: int)
| | Seq ()
| | Seq ()
| | | ReturnStmt ()
| | | | BinaryOp (operator: B_TIMES)
| | | | | IntConst (value: 5)
| | | | | IntConst (value: 2)
ClassDecl (name: B, superClass: A)
| MethodDecl (argumentNames: [], argumentTypes: [], name: f, returnType: int)
| | Seq ()
| | Seq ()
| | | ReturnStmt ()
| | | | BinaryOp (operator: B_TIMES)
| | | | | IntConst (value: 6)
| | | | | IntConst (value: 2)
ClassDecl (name: C, superClass: B)
| MethodDecl (argumentNames: [], argumentTypes: [], name: f, returnType: int)
| | Seq ()
| | Seq ()
| | | ReturnStmt ()
| | | | BinaryOp (operator: B_TIMES)
| | | | | IntConst (value: 7)
| | | | | IntConst (value: 2)
| MethodDecl (argumentNames: [], argumentTypes: [], name: make, returnType: C)
| | Seq ()
| | | VarDecl (name: c, type: C)
| | Seq ()
| | | Assign ()
| | | | Var (name: c)
| | | | NewObject (typeName: C)
| | | ReturnStmt ()
| | | | Var (name: c)
