ClassDecl (name: Main, superClass: Object)
| MethodDecl (argumentNames: [], argumentTypes: [], name: main, returnType: void)
| | Seq ()
| | Seq ()
ClassDecl (name: A, superClass: Object)
| MethodDecl (argumentNames: [a], argumentTypes: [int], name: foo, returnType: N)
| | Seq ()
| | | VarDecl (name: n, type: N)
| | Seq ()
| | | ReturnStmt ()
| | | | Var (name: n)
ClassDecl (name: B, superClass: A)
| MethodDecl (argumentNames: [x], argumentTypes: [boolean], name: foo, returnType: N)
| | Seq ()
| | | VarDecl (name: n, type: N)
| | Seq ()
| | | ReturnStmt ()
| | | | Var (name: n)
ClassDecl (name: N, superClass: Object)
ClassDecl (name: M, superClass: N)
