ClassDecl (name: Main, superClass: Object)
| VarDecl (name: i, type: int)
| VarDecl (name: b, type: boolean)
| VarDecl (name: a, type: A)
| VarDecl (name: s, type: S)
| MethodDecl (argumentNames: [], argumentTypes: [], name: main, returnType: void)
| | Seq ()
| | Seq ()
| | | Assign ()
| | | | Var (name: s)
| | | | NullConst ()
| | | Assign ()
| | | | Var (name: a)
| | | | NullConst ()
ClassDecl (name: A, superClass: Object)
ClassDecl (name: S, superClass: A)
