ClassDecl (name: Main, superClass: Object)
| MethodDecl (argumentNames: [], argumentTypes: [], name: main, returnType: void)
| | Seq ()
| | Seq ()
ClassDecl (name: A, superClass: Object)
| VarDecl (name: i, type: int)
| VarDecl (name: h, type: int)
| MethodDecl (argumentNames: [i1], argumentTypes: [int], name: fun1, returnType: void)
| | Seq ()
| | Seq ()
ClassDecl (name: S, superClass: A)
| VarDecl (name: h, type: int)
| VarDecl (name: s, type: int)
| MethodDecl (argumentNames: [], argumentTypes: [], name: fun1, returnType: void)
| | Seq ()
| | Seq ()
