digraph G {
  graph [ rankdir = "LR" ];
  subgraph cluster_0 {
    label = "Main.main"
    M0_BB0 [
      shape="record"
      label="BB0|this.x = this.a.i|this.x = this.s.s|this.x = this.s.i|this.a.fun1(...)|this.s.fun1(...)|this.x = this.a.h|this.x = this.s.h"
    ];
    M0_BB0 -> M0_BB1;
    M0_BB1 [
      shape="record"
      label="BB1"
    ];
  }
  subgraph cluster_1 {
    label = "A.fun1"
    M1_BB0 [
      shape="record"
      label="BB0"
    ];
    M1_BB0 -> M1_BB1;
    M1_BB1 [
      shape="record"
      label="BB1"
    ];
  }
  subgraph cluster_2 {
    label = "S.fun1"
    M2_BB0 [
      shape="record"
      label="BB0"
    ];
    M2_BB0 -> M2_BB1;
    M2_BB1 [
      shape="record"
      label="BB1"
    ];
  }
}
