ClassDecl (name: Main, superClass: Object)
| MethodDecl (argumentNames: [], argumentTypes: [], name: main, returnType: void)
| | Seq ()
| | Seq ()
| MethodDecl (argumentNames: [], argumentTypes: [], name: foo1, returnType: A)
| | Seq ()
| | | VarDecl (name: s, type: S)
| | Seq ()
| | | ReturnStmt ()
| | | | Var (name: s)
| MethodDecl (argumentNames: [], argumentTypes: [], name: foo2, returnType: A)
| | Seq ()
| | | VarDecl (name: s, type: S)
| | Seq ()
| | | ReturnStmt ()
| | | | Var (name: s)
| MethodDecl (argumentNames: [], argumentTypes: [], name: foo3, returnType: S)
| | Seq ()
| | Seq ()
| | | ReturnStmt ()
| | | | NullConst ()
| MethodDecl (argumentNames: [], argumentTypes: [], name: foo4, returnType: void)
| | Seq ()
| | Seq ()
| | | ReturnStmt ()
| MethodDecl (argumentNames: [], argumentTypes: [], name: foo6, returnType: S)
| | Seq ()
| | | VarDecl (name: a, type: A)
| | Seq ()
| | | ReturnStmt ()
| | | | Var (name: a)
ClassDecl (name: A, superClass: Object)
ClassDecl (name: B, superClass: Object)
ClassDecl (name: S, superClass: A)
