ClassDecl (name: Main, superClass: Object)
| VarDecl (name: b, type: boolean)
| MethodDecl (argumentNames: [], argumentTypes: [], name: main, returnType: void)
| | Seq ()
| | Seq ()
| | | BuiltInWrite ()
| | | | IntConst (value: 1)
| | | BuiltInWrite ()
| | | | MethodCallExpr (methodName: foo)
| | | | | ThisRef ()
| | | BuiltInWrite ()
| | | | Var (name: b)
| MethodDecl (argumentNames: [], argumentTypes: [], name: foo, returnType: int)
| | Seq ()
| | Seq ()
| | | ReturnStmt ()
| | | | IntConst (value: 1)
| MethodDecl (argumentNames: [], argumentTypes: [], name: foo1, returnType: void)
| | Seq ()
| | Seq ()
