ClassDecl (name: Main, superClass: Object)
| VarDecl (name: i, type: int)
| VarDecl (name: iarr, type: int[])
| VarDecl (name: a, type: A)
| VarDecl (name: arr, type: A[])
| MethodDecl (argumentNames: [], argumentTypes: [], name: main, returnType: void)
| | Seq ()
| | Seq ()
| | | Assign ()
| | | | Var (name: a)
| | | | NewObject (typeName: A)
| | | Assign ()
| | | | Var (name: arr)
| | | | NewArray (typeName: A[])
| | | | | IntConst (value: 42)
| | | Assign ()
| | | | Var (name: iarr)
| | | | NewArray (typeName: int[])
| | | | | IntConst (value: 10)
| | | Assign ()
| | | | Var (name: a)
| | | | Index ()
| | | | | Var (name: arr)
| | | | | BinaryOp (operator: B_TIMES)
| | | | | | Field (fieldName: x)
| | | | | | | Index ()
| | | | | | | | Var (name: arr)
| | | | | | | | Index ()
| | | | | | | | | Field (fieldName: xs)
| | | | | | | | | | Index ()
| | | | | | | | | | | Var (name: arr)
| | | | | | | | | | | BinaryOp (operator: B_PLUS)
| | | | | | | | | | | | Index ()
| | | | | | | | | | | | | Var (name: iarr)
| | | | | | | | | | | | | IntConst (value: 2)
| | | | | | | | | | | | Var (name: i)
| | | | | | | | | Var (name: i)
| | | | | | Var (name: i)
ClassDecl (name: A, superClass: Object)
| VarDecl (name: x, type: int)
| VarDecl (name: xs, type: int[])
