ClassDecl (name: BinaryTree, superClass: Object)
| VarDecl (name: key, type: int)
| VarDecl (name: value, type: Object)
| VarDecl (name: left, type: BinaryTree)
| VarDecl (name: right, type: BinaryTree)
| MethodDecl (argumentNames: [obj, w], argumentTypes: [Object, int], name: insert, returnType: void)
| | Seq ()
| | Seq ()
| | | IfElse ()
| | | | BinaryOp (operator: B_EQUAL)
| | | | | Var (name: value)
| | | | | NullConst ()
| | | | Seq ()
| | | | | Assign ()
| | | | | | Var (name: value)
| | | | | | Var (name: obj)
| | | | | Assign ()
| | | | | | Var (name: key)
| | | | | | Var (name: w)
| | | | Seq ()
| | | | | IfElse ()
| | | | | | BinaryOp (operator: B_LESS_THAN)
| | | | | | | Var (name: w)
| | | | | | | Var (name: key)
| | | | | | Seq ()
| | | | | | | IfElse ()
| | | | | | | | BinaryOp (operator: B_EQUAL)
| | | | | | | | | Var (name: left)
| | | | | | | | | NullConst ()
| | | | | | | | Seq ()
| | | | | | | | | Assign ()
| | | | | | | | | | Var (name: left)
| | | | | | | | | | NewObject (typeName: BinaryTree)
| | | | | | | | Nop ()
| | | | | | | MethodCall ()
| | | | | | | | MethodCallExpr (methodName: insert)
| | | | | | | | | Var (name: left)
| | | | | | | | | Var (name: obj)
| | | | | | | | | Var (name: w)
| | | | | | Seq ()
| | | | | | | IfElse ()
| | | | | | | | BinaryOp (operator: B_EQUAL)
| | | | | | | | | Var (name: right)
| | | | | | | | | NullConst ()
| | | | | | | | Seq ()
| | | | | | | | | Assign ()
| | | | | | | | | | Var (name: right)
| | | | | | | | | | NewObject (typeName: BinaryTree)
| | | | | | | | Nop ()
| | | | | | | MethodCall ()
| | | | | | | | MethodCallExpr (methodName: insert)
| | | | | | | | | Var (name: right)
| | | | | | | | | Var (name: obj)
| | | | | | | | | Var (name: w)
| MethodDecl (argumentNames: [], argumentTypes: [], name: printKeys, returnType: void)
| | Seq ()
| | Seq ()
| | | IfElse ()
| | | | BinaryOp (operator: B_NOT_EQUAL)
| | | | | Var (name: left)
| | | | | NullConst ()
| | | | Seq ()
| | | | | MethodCall ()
| | | | | | MethodCallExpr (methodName: printKeys)
| | | | | | | Var (name: left)
| | | | Nop ()
| | | BuiltInWrite ()
| | | | Var (name: key)
| | | IfElse ()
| | | | BinaryOp (operator: B_NOT_EQUAL)
| | | | | Var (name: right)
| | | | | NullConst ()
| | | | Seq ()
| | | | | MethodCall ()
| | | | | | MethodCallExpr (methodName: printKeys)
| | | | | | | Var (name: right)
| | | | Nop ()
| MethodDecl (argumentNames: [i], argumentTypes: [int], name: get, returnType: Object)
| | Seq ()
| | Seq ()
| | | IfElse ()
| | | | BinaryOp (operator: B_EQUAL)
| | | | | Var (name: i)
| | | | | Var (name: key)
| | | | Seq ()
| | | | | ReturnStmt ()
| | | | | | Var (name: value)
| | | | Nop ()
| | | IfElse ()
| | | | BinaryOp (operator: B_AND)
| | | | | BinaryOp (operator: B_EQUAL)
| | | | | | Var (name: left)
| | | | | | NullConst ()
| | | | | BinaryOp (operator: B_EQUAL)
| | | | | | Var (name: right)
| | | | | | NullConst ()
| | | | Seq ()
| | | | | ReturnStmt ()
| | | | | | Var (name: value)
| | | | Nop ()
| | | IfElse ()
| | | | BinaryOp (operator: B_AND)
| | | | | BinaryOp (operator: B_EQUAL)
| | | | | | Var (name: left)
| | | | | | NullConst ()
| | | | | BinaryOp (operator: B_LESS_THAN)
| | | | | | Var (name: i)
| | | | | | Var (name: key)
| | | | Seq ()
| | | | | ReturnStmt ()
| | | | | | Var (name: value)
| | | | Nop ()
| | | IfElse ()
| | | | BinaryOp (operator: B_AND)
| | | | | BinaryOp (operator: B_EQUAL)
| | | | | | Var (name: right)
| | | | | | NullConst ()
| | | | | BinaryOp (operator: B_GREATER_THAN)
| | | | | | Var (name: i)
| | | | | | Var (name: key)
| | | | Seq ()
| | | | | ReturnStmt ()
| | | | | | Var (name: value)
| | | | Nop ()
| | | IfElse ()
| | | | BinaryOp (operator: B_LESS_THAN)
| | | | | Var (name: i)
| | | | | Var (name: key)
| | | | Seq ()
| | | | | ReturnStmt ()
| | | | | | MethodCallExpr (methodName: get)
| | | | | | | Var (name: left)
| | | | | | | Var (name: i)
| | | | Nop ()
| | | IfElse ()
| | | | BinaryOp (operator: B_GREATER_THAN)
| | | | | Var (name: i)
| | | | | Var (name: key)
| | | | Seq ()
| | | | | ReturnStmt ()
| | | | | | MethodCallExpr (methodName: get)
| | | | | | | Var (name: right)
| | | | | | | Var (name: i)
| | | | Nop ()
| | | ReturnStmt ()
| | | | NullConst ()
ClassDecl (name: BinaryTreeFactory, superClass: Object)
| MethodDecl (argumentNames: [], argumentTypes: [], name: newTree, returnType: BinaryTree)
| | Seq ()
| | | VarDecl (name: bn, type: BinaryTree)
| | Seq ()
| | | Assign ()
| | | | Var (name: bn)
| | | | NewObject (typeName: BinaryTree)
| | | ReturnStmt ()
| | | | Var (name: bn)
| MethodDecl (argumentNames: [values, size], argumentTypes: [Object[], int], name: fromArray, returnType: BinaryTree)
| | Seq ()
| | | VarDecl (name: bn, type: BinaryTree)
| | | VarDecl (name: i, type: int)
| | Seq ()
| | | Assign ()
| | | | Var (name: bn)
| | | | NewObject (typeName: BinaryTree)
| | | WhileLoop ()
| | | | BinaryOp (operator: B_LESS_THAN)
| | | | | Var (name: i)
| | | | | Var (name: size)
| | | | Seq ()
| | | | | MethodCall ()
| | | | | | MethodCallExpr (methodName: insert)
| | | | | | | Var (name: bn)
| | | | | | | Index ()
| | | | | | | | Var (name: values)
| | | | | | | | Var (name: i)
| | | | | | | Var (name: i)
| | | | | Assign ()
| | | | | | Var (name: i)
| | | | | | BinaryOp (operator: B_PLUS)
| | | | | | | Var (name: i)
| | | | | | | IntConst (value: 1)
| | | ReturnStmt ()
| | | | Var (name: bn)
ClassDecl (name: Main, superClass: Object)
| VarDecl (name: t, type: int)
| MethodDecl (argumentNames: [], argumentTypes: [], name: checkpoint, returnType: void)
| | Seq ()
| | Seq ()
| | | BuiltInWriteln ()
| | | BuiltInWrite ()
| | | | Var (name: t)
| | | BuiltInWriteln ()
| | | Assign ()
| | | | Var (name: t)
| | | | BinaryOp (operator: B_PLUS)
| | | | | Var (name: t)
| | | | | IntConst (value: 1)
| MethodDecl (argumentNames: [], argumentTypes: [], name: main, returnType: void)
| | Seq ()
| | | VarDecl (name: i, type: int)
| | | VarDecl (name: p, type: int)
| | | VarDecl (name: size, type: int)
| | | VarDecl (name: input, type: int[])
| | Seq ()
| | | MethodCall ()
| | | | MethodCallExpr (methodName: checkpoint)
| | | | | ThisRef ()
| | | Assign ()
| | | | Var (name: size)
| | | | BuiltInRead ()
| | | Assign ()
| | | | Var (name: input)
| | | | NewArray (typeName: int[])
| | | | | Var (name: size)
| | | MethodCall ()
| | | | MethodCallExpr (methodName: checkpoint)
| | | | | ThisRef ()
| | | Assign ()
| | | | Var (name: p)
| | | | BuiltInRead ()
| | | WhileLoop ()
| | | | BinaryOp (operator: B_AND)
| | | | | BinaryOp (operator: B_NOT_EQUAL)
| | | | | | Var (name: p)
| | | | | | UnaryOp (operator: U_MINUS)
| | | | | | | IntConst (value: 1)
| | | | | BinaryOp (operator: B_LESS_THAN)
| | | | | | Var (name: i)
| | | | | | Var (name: size)
| | | | Seq ()
| | | | | IfElse ()
| | | | | | BinaryOp (operator: B_GREATER_THAN)
| | | | | | | Var (name: p)
| | | | | | | IntConst (value: 0)
| | | | | | Seq ()
| | | | | | | Assign ()
| | | | | | | | Index ()
| | | | | | | | | Var (name: input)
| | | | | | | | | Var (name: i)
| | | | | | | | Var (name: p)
| | | | | | Nop ()
| | | | | Assign ()
| | | | | | Var (name: p)
| | | | | | BuiltInRead ()
| | | | | Assign ()
| | | | | | Var (name: i)
| | | | | | BinaryOp (operator: B_PLUS)
| | | | | | | Var (name: i)
| | | | | | | IntConst (value: 1)
| | | MethodCall ()
| | | | MethodCallExpr (methodName: checkpoint)
| | | | | ThisRef ()
| | | MethodCall ()
| | | | MethodCallExpr (methodName: sortedPrint)
| | | | | ThisRef ()
| | | | | Var (name: input)
| | | | | Var (name: i)
| | | BuiltInWriteln ()
| | | MethodCall ()
| | | | MethodCallExpr (methodName: checkpoint)
| | | | | ThisRef ()
| | | MethodCall ()
| | | | MethodCallExpr (methodName: cellTest)
| | | | | ThisRef ()
| | | | | Var (name: input)
| | | | | Var (name: i)
| MethodDecl (argumentNames: [input, size], argumentTypes: [int[], int], name: sortedPrint, returnType: void)
| | Seq ()
| | | VarDecl (name: factory, type: BinaryTreeFactory)
| | | VarDecl (name: tree, type: BinaryTree)
| | | VarDecl (name: a, type: Object)
| | | VarDecl (name: i, type: int)
| | Seq ()
| | | Assign ()
| | | | Var (name: factory)
| | | | NewObject (typeName: BinaryTreeFactory)
| | | Assign ()
| | | | Var (name: tree)
| | | | MethodCallExpr (methodName: newTree)
| | | | | Var (name: factory)
| | | Assign ()
| | | | Var (name: a)
| | | | NewObject (typeName: Object)
| | | WhileLoop ()
| | | | BinaryOp (operator: B_LESS_THAN)
| | | | | Var (name: i)
| | | | | Var (name: size)
| | | | Seq ()
| | | | | MethodCall ()
| | | | | | MethodCallExpr (methodName: insert)
| | | | | | | Var (name: tree)
| | | | | | | Var (name: a)
| | | | | | | Index ()
| | | | | | | | Var (name: input)
| | | | | | | | Var (name: i)
| | | | | Assign ()
| | | | | | Var (name: i)
| | | | | | BinaryOp (operator: B_PLUS)
| | | | | | | Var (name: i)
| | | | | | | IntConst (value: 1)
| | | MethodCall ()
| | | | MethodCallExpr (methodName: printKeys)
| | | | | Var (name: tree)
| MethodDecl (argumentNames: [input, size], argumentTypes: [int[], int], name: cellTest, returnType: void)
| | Seq ()
| | | VarDecl (name: factory, type: BinaryTreeFactory)
| | | VarDecl (name: tree, type: BinaryTree)
| | | VarDecl (name: c, type: Cell)
| | | VarDecl (name: normalCells, type: Object[])
| | | VarDecl (name: mixedCells, type: Object[])
| | | VarDecl (name: i, type: int)
| | Seq ()
| | | MethodCall ()
| | | | MethodCallExpr (methodName: checkpoint)
| | | | | ThisRef ()
| | | Assign ()
| | | | Var (name: factory)
| | | | NewObject (typeName: BinaryTreeFactory)
| | | Assign ()
| | | | Var (name: normalCells)
| | | | NewArray (typeName: Object[])
| | | | | Var (name: size)
| | | Assign ()
| | | | Var (name: mixedCells)
| | | | NewArray (typeName: Object[])
| | | | | Var (name: size)
| | | WhileLoop ()
| | | | BinaryOp (operator: B_LESS_THAN)
| | | | | Var (name: i)
| | | | | Var (name: size)
| | | | Seq ()
| | | | | Assign ()
| | | | | | Var (name: c)
| | | | | | NewObject (typeName: Cell)
| | | | | Assign ()
| | | | | | Field (fieldName: k)
| | | | | | | Var (name: c)
| | | | | | Index ()
| | | | | | | Var (name: input)
| | | | | | | Var (name: i)
| | | | | Assign ()
| | | | | | Index ()
| | | | | | | Var (name: normalCells)
| | | | | | | Var (name: i)
| | | | | | Cast (typeName: Object)
| | | | | | | Var (name: c)
| | | | | Assign ()
| | | | | | Var (name: i)
| | | | | | BinaryOp (operator: B_PLUS)
| | | | | | | Var (name: i)
| | | | | | | IntConst (value: 1)
| | | MethodCall ()
| | | | MethodCallExpr (methodName: checkpoint)
| | | | | ThisRef ()
| | | Assign ()
| | | | Var (name: tree)
| | | | MethodCallExpr (methodName: fromArray)
| | | | | Var (name: factory)
| | | | | Var (name: normalCells)
| | | | | Var (name: size)
| | | MethodCall ()
| | | | MethodCallExpr (methodName: printKeys)
| | | | | Var (name: tree)
| | | Assign ()
| | | | Var (name: i)
| | | | UnaryOp (operator: U_MINUS)
| | | | | IntConst (value: 2)
| | | WhileLoop ()
| | | | BinaryOp (operator: B_LESS_THAN)
| | | | | Var (name: i)
| | | | | BinaryOp (operator: B_PLUS)
| | | | | | Var (name: size)
| | | | | | IntConst (value: 2)
| | | | Seq ()
| | | | | BuiltInWrite ()
| | | | | | Field (fieldName: k)
| | | | | | | Var (name: c)
| | | | | Assign ()
| | | | | | Var (name: i)
| | | | | | BinaryOp (operator: B_PLUS)
| | | | | | | Var (name: i)
| | | | | | | IntConst (value: 1)
| | | BuiltInWriteln ()
| | | MethodCall ()
| | | | MethodCallExpr (methodName: checkpoint)
| | | | | ThisRef ()
| | | Assign ()
| | | | Var (name: i)
| | | | IntConst (value: 0)
ClassDecl (name: Cell, superClass: Object)
| VarDecl (name: k, type: int)
| MethodDecl (argumentNames: [], argumentTypes: [], name: print, returnType: void)
| | Seq ()
| | Seq ()
| | | BuiltInWrite ()
| | | | Var (name: k)
ClassDecl (name: NegativeCell, superClass: Cell)
| MethodDecl (argumentNames: [], argumentTypes: [], name: print, returnType: void)
| | Seq ()
| | Seq ()
| | | BuiltInWrite ()
| | | | UnaryOp (operator: U_MINUS)
| | | | | Var (name: k)
ClassDecl (name: ReadToClearCell, superClass: Cell)
| MethodDecl (argumentNames: [], argumentTypes: [], name: print, returnType: void)
| | Seq ()
| | Seq ()
| | | BuiltInWrite ()
| | | | Var (name: k)
| | | Assign ()
| | | | Var (name: k)
| | | | IntConst (value: 0)
ClassDecl (name: DelayedCell, superClass: Cell)
| VarDecl (name: k, type: int)
| MethodDecl (argumentNames: [], argumentTypes: [], name: print, returnType: void)
| | Seq ()
| | | VarDecl (name: c, type: Cell)
| | Seq ()
| | | BuiltInWrite ()
| | | | Var (name: k)
| | | Assign ()
| | | | Var (name: c)
| | | | Cast (typeName: Cell)
| | | | | ThisRef ()
| | | Assign ()
| | | | Var (name: k)
| | | | Field (fieldName: k)
| | | | | Var (name: c)
