Main.foo
  BB0 out: []
    (a && b): []
  BB1 out: []
  BB2 out: []
    return 3: []
  BB3 out: []
    return 5: []


Main.main
  BB0 out: []
    ((true && false) || true): []
  BB1 out: []
  BB2 out: []
    write(0): []
  BB3 out: []
    write(1): []
  BB4 out: []
    a = this.foo(...): []
    write(a): []


