ClassDecl (name: Test, superClass: Object)
| VarDecl (name: i, type: int)
| MethodDecl (argumentNames: [], argumentTypes: [], name: test, returnType: int)
| | Seq ()
| | Seq ()
| | | ReturnStmt ()
| | | | Var (name: i)
ClassDecl (name: Main, superClass: Object)
| MethodDecl (argumentNames: [], argumentTypes: [], name: main, returnType: void)
| | Seq ()
| | | VarDecl (name: fieldAccessLHS, type: Test)
| | | VarDecl (name: fieldAccessRHS, type: Test)
| | | VarDecl (name: methodAccessLHS, type: Test)
| | | VarDecl (name: methodAccessRHS, type: Test)
| | | VarDecl (name: arrayAccessLHS, type: int[])
| | | VarDecl (name: arrayAccessRHS, type: int[])
| | | VarDecl (name: i, type: int)
| | Seq ()
| | | Assign ()
| | | | Field (fieldName: i)
| | | | | Var (name: fieldAccessLHS)
| | | | IntConst (value: 3)
| | | MethodCall ()
| | | | MethodCallExpr (methodName: test)
| | | | | Var (name: methodAccessLHS)
| | | Assign ()
| | | | Index ()
| | | | | Var (name: arrayAccessLHS)
| | | | | IntConst (value: 0)
| | | | IntConst (value: 7)
