Main.main
  BB0 out: [arrayAccessLHS, fieldAccessLHS, methodAccessLHS]
    fieldAccessLHS.i = 3: []
    methodAccessLHS.test(...): [fieldAccessLHS]
    arrayAccessLHS[0] = 7: [fieldAccessLHS, methodAccessLHS]
  BB1 out: [arrayAccessLHS, fieldAccessLHS, methodAccessLHS]


Test.test
  BB0 out: []
    return this.i: []
  BB1 out: []


