ClassDecl (name: Main, superClass: Object)
| MethodDecl (argumentNames: [], argumentTypes: [], name: main, returnType: void)
| | Seq ()
| | Seq ()
| MethodDecl (argumentNames: [input, size], argumentTypes: [int[], int], name: cellTest, returnType: void)
| | Seq ()
| | | VarDecl (name: c, type: Cell)
| | | VarDecl (name: i, type: int)
| | Seq ()
| | | WhileLoop ()
| | | | BinaryOp (operator: B_LESS_THAN)
| | | | | Var (name: i)
| | | | | Var (name: size)
| | | | Seq ()
| | | | | Assign ()
| | | | | | Var (name: c)
| | | | | | NewObject (typeName: Cell)
| | | | | Assign ()
| | | | | | Var (name: i)
| | | | | | BinaryOp (operator: B_PLUS)
| | | | | | | Var (name: i)
| | | | | | | IntConst (value: 1)
| | | Assign ()
| | | | Var (name: i)
| | | | UnaryOp (operator: U_MINUS)
| | | | | IntConst (value: 2)
| | | WhileLoop ()
| | | | BinaryOp (operator: B_LESS_THAN)
| | | | | Var (name: i)
| | | | | BinaryOp (operator: B_PLUS)
| | | | | | Var (name: size)
| | | | | | IntConst (value: 2)
| | | | Seq ()
| | | | | BuiltInWrite ()
| | | | | | Field (fieldName: k)
| | | | | | | Var (name: c)
| | | | | Assign ()
| | | | | | Var (name: i)
| | | | | | BinaryOp (operator: B_PLUS)
| | | | | | | Var (name: i)
| | | | | | | IntConst (value: 1)
ClassDecl (name: Cell, superClass: Object)
| VarDecl (name: k, type: int)
