ClassDecl (name: Main, superClass: Object)
| MethodDecl (argumentNames: [], argumentTypes: [], name: main, returnType: void)
| | Seq ()
| | | VarDecl (name: sub, type: Sub)
| | | VarDecl (name: super, type: Super)
| | Seq ()
| | | Assign ()
| | | | Var (name: sub)
| | | | Cast (typeName: Sub)
| | | | | Var (name: super)
ClassDecl (name: Sub, superClass: Super)
ClassDecl (name: Super, superClass: Object)
