ClassDecl (name: Main, superClass: Object)
| MethodDecl (argumentNames: [], argumentTypes: [], name: main, returnType: void)
| | Seq ()
| | | VarDecl (name: b, type: boolean)
| | Seq ()
| | | Assign ()
| | | | Var (name: b)
| | | | BooleanConst (value: true)
| | | IfElse ()
| | | | UnaryOp (operator: U_BOOL_NOT)
| | | | | BooleanConst (value: false)
| | | | Seq ()
| | | | Nop ()
| | | IfElse ()
| | | | BinaryOp (operator: B_EQUAL)
| | | | | Var (name: b)
| | | | | BooleanConst (value: false)
| | | | Seq ()
| | | | Nop ()
