Board.Board
  BB0 out:
  BB1 out:


Board.columnComplete
  BB0 out:
    i = 0
  BB1 out:
    i = (i + 1)
    i = 0
  BB2 out:
    i = (i + 1)
    i = 0
  BB3 out:
    i = (i + 1)
    i = 0
  BB4 out:
    i = (i + 1)
    i = 0
  BB5 out:
    i = (i + 1)
    i = 0
  BB6 out:
    i = (i + 1)
    i = 0
  BB7 out:
    i = (i + 1)


Board.diagonal1Complete
  BB0 out:
  BB1 out:


Board.diagonal2Complete
  BB0 out:
  BB1 out:


Board.full
  BB0 out:
    i = 0
  BB1 out:
    i = (i + 1)
    i = 0
    j = (j + 1)
    j = 0
  BB2 out:
    i = (i + 1)
    i = 0
    j = (j + 1)
    j = 0
  BB3 out:
    i = (i + 1)
    i = 0
    j = 0
  BB4 out:
    i = (i + 1)
    i = 0
    j = (j + 1)
    j = 0
  BB5 out:
    i = (i + 1)
    i = 0
    j = (j + 1)
    j = 0
  BB6 out:
    i = (i + 1)
    i = 0
    j = (j + 1)
    j = 0
  BB7 out:
    i = (i + 1)
    j = (j + 1)
    j = 0
  BB8 out:
    i = (i + 1)
    i = 0
    j = (j + 1)
    j = 0
  BB9 out:
    i = (i + 1)
    i = 0
    j = (j + 1)
    j = 0
  BB10 out:
    i = (i + 1)
    i = 0
    j = (j + 1)


Board.hasWon
  BB0 out:
    i = 0
  BB1 out:
    i = (i + 1)
    i = (i + 1)
    i = 0
    i = 0
  BB2 out:
    i = (i + 1)
    i = 0
  BB3 out:
    i = (i + 1)
    i = 0
  BB4 out:
    i = 0
  BB5 out:
    i = (i + 1)
    i = 0
  BB6 out:
    i = (i + 1)
    i = 0
  BB7 out:
    i = (i + 1)
  BB8 out:
    i = (i + 1)
    i = 0
  BB9 out:
    i = (i + 1)
    i = 0
  BB10 out:
    i = (i + 1)
    i = 0
  BB11 out:
    i = (i + 1)
    i = 0
  BB12 out:
    i = (i + 1)
    i = 0
  BB13 out:
    i = (i + 1)


Board.rowComplete
  BB0 out:
    j = 0
  BB1 out:
    j = (j + 1)
    j = 0
  BB2 out:
    j = (j + 1)
    j = 0
  BB3 out:
    j = (j + 1)
    j = 0
  BB4 out:
    j = (j + 1)
    j = 0
  BB5 out:
    j = (j + 1)
    j = 0
  BB6 out:
    j = (j + 1)
    j = 0
  BB7 out:
    j = (j + 1)


Board.set
  BB0 out:
  BB1 out:
  BB2 out:
  BB3 out:
  BB4 out:


Main.main
  BB0 out:
    i = 0
    n = read()
  BB1 out:
    i = (i + 1)
    i = 0
    n = read()
  BB2 out:
    i = (i + 1)
    i = 0
    n = read()
  BB3 out:
    i = (i + 1)
    n = read()
  BB4 out:
    i = (i + 1)
    i = 0
    n = read()


Main.runGame
  BB0 out:
    currentPlayer = 1
    winner = 0
  BB1 out:
    currentPlayer = (3 - currentPlayer)
    currentPlayer = 1
    winner = 0
    winner = currentPlayer
  BB2 out:
    currentPlayer = (3 - currentPlayer)
    currentPlayer = 1
    winner = 0
    winner = currentPlayer
  BB3 out:
    currentPlayer = (3 - currentPlayer)
    currentPlayer = 1
    winner = 0
    winner = currentPlayer
  BB4 out:
    currentPlayer = (3 - currentPlayer)
    currentPlayer = 1
    winner = 0
    winner = currentPlayer
  BB5 out:
    currentPlayer = (3 - currentPlayer)
    currentPlayer = 1
    winner = currentPlayer
  BB6 out:
    currentPlayer = (3 - currentPlayer)
    currentPlayer = 1
    winner = 0
    winner = currentPlayer
  BB7 out:
    currentPlayer = (3 - currentPlayer)
    winner = 0
    winner = currentPlayer
  BB8 out:
    currentPlayer = (3 - currentPlayer)
    currentPlayer = 1
    winner = 0
    winner = currentPlayer
  BB9 out:
    currentPlayer = (3 - currentPlayer)
    currentPlayer = 1
    winner = 0
    winner = currentPlayer
  BB10 out:
    currentPlayer = (3 - currentPlayer)
    currentPlayer = 1
    winner = 0
    winner = currentPlayer
  BB11 out:
    currentPlayer = (3 - currentPlayer)
    currentPlayer = 1
    winner = 0
    winner = currentPlayer
  BB12 out:
    currentPlayer = (3 - currentPlayer)
    currentPlayer = 1
    winner = 0
    winner = currentPlayer
  BB13 out:
    currentPlayer = (3 - currentPlayer)
    currentPlayer = 1
    winner = 0
    winner = currentPlayer
  BB14 out:
    currentPlayer = (3 - currentPlayer)
    currentPlayer = 1
    winner = 0
    winner = currentPlayer
  BB15 out:
    currentPlayer = (3 - currentPlayer)
    currentPlayer = 1
    winner = 0
    winner = currentPlayer
  BB16 out:
    currentPlayer = (3 - currentPlayer)
    currentPlayer = 1
    winner = 0
    winner = currentPlayer


Main.runPlayer
  BB0 out:
    column = (pos % n)
    m = this.b
    n = 3
    pos = (pos - 1)
    row = (pos / n)
  BB1 out:
    column = (pos % n)
    m = this.b
    n = 3
    pos = (pos - 1)
    row = (pos / n)
  BB2 out:
    column = (pos % n)
    m = this.b
    n = 3
    pos = (pos - 1)
    row = (pos / n)
  BB3 out:
    column = (pos % n)
    m = this.b
    n = 3
    pos = (pos - 1)
    row = (pos / n)
  BB4 out:
    column = (pos % n)
    m = this.b
    n = 3
    pos = (pos - 1)
    row = (pos / n)


Matrix.Matrix
  BB0 out:
    i = 0
  BB1 out:
    i = (i + 1)
    i = 0
    temp = new Vector()
  BB2 out:
    i = (i + 1)
    i = 0
    temp = new Vector()
  BB3 out:
    i = (i + 1)
    temp = new Vector()
  BB4 out:
    i = (i + 1)
    i = 0
    temp = new Vector()


Matrix.columns
  BB0 out:
  BB1 out:


Matrix.compactOK
  BB0 out:
    i = 0
  BB1 out:
    i = (i + 1)
    i = 0
  BB2 out:
    i = (i + 1)
    i = 0
  BB3 out:
    i = (i + 1)
    i = 0
  BB4 out:
    i = (i + 1)
    i = 0
  BB5 out:
    i = (i + 1)
    i = 0
  BB6 out:
    i = (i + 1)
    i = 0
  BB7 out:
    i = (i + 1)


Matrix.contains
  BB0 out:
    i = 0
  BB1 out:
    i = (i + 1)
    i = 0
  BB2 out:
    i = (i + 1)
    i = 0
  BB3 out:
    i = (i + 1)
    i = 0
  BB4 out:
    i = (i + 1)
    i = 0
  BB5 out:
    i = (i + 1)
    i = 0
  BB6 out:
    i = (i + 1)
    i = 0
  BB7 out:
    i = (i + 1)


Matrix.fill
  BB0 out:
    i = 0
  BB1 out:
    i = (i + 1)
    i = 0
  BB2 out:
    i = (i + 1)
    i = 0
  BB3 out:
    i = (i + 1)
  BB4 out:
    i = (i + 1)
    i = 0


Matrix.get
  BB0 out:
  BB1 out:


Matrix.mult
  BB0 out:
  BB1 out:
    i = (i + 1)
    i = 0
    j = (j + 1)
    j = 0
    k = (k + 1)
    k = 0
    sum = (sum + (A.get(...) * B.get(...)))
    sum = 0
  BB2 out:
  BB3 out:
  BB4 out:
  BB5 out:
  BB6 out:
  BB7 out:
  BB8 out:
  BB9 out:
  BB10 out:
    i = 0
  BB11 out:
    i = (i + 1)
    i = 0
    j = (j + 1)
    j = 0
    k = (k + 1)
    k = 0
    sum = (sum + (A.get(...) * B.get(...)))
    sum = 0
  BB12 out:
    i = (i + 1)
    i = 0
    j = 0
    k = (k + 1)
    k = 0
    sum = (sum + (A.get(...) * B.get(...)))
    sum = 0
  BB13 out:
    i = (i + 1)
    i = 0
    j = (j + 1)
    j = 0
    k = (k + 1)
    k = 0
    sum = (sum + (A.get(...) * B.get(...)))
    sum = 0
  BB14 out:
    i = (i + 1)
    i = 0
    j = (j + 1)
    j = 0
    k = (k + 1)
    k = 0
    sum = (sum + (A.get(...) * B.get(...)))
    sum = 0
  BB15 out:
    i = (i + 1)
    i = 0
    j = (j + 1)
    j = 0
    k = 0
    sum = 0
  BB16 out:
    i = (i + 1)
    j = (j + 1)
    j = 0
    k = (k + 1)
    k = 0
    sum = (sum + (A.get(...) * B.get(...)))
    sum = 0
  BB17 out:
    i = (i + 1)
    i = 0
    j = (j + 1)
    j = 0
    k = (k + 1)
    k = 0
    sum = (sum + (A.get(...) * B.get(...)))
    sum = 0
  BB18 out:
    i = (i + 1)
    i = 0
    j = (j + 1)
    j = 0
    k = (k + 1)
    sum = (sum + (A.get(...) * B.get(...)))
  BB19 out:
    i = (i + 1)
    i = 0
    j = (j + 1)
    k = (k + 1)
    k = 0
    sum = (sum + (A.get(...) * B.get(...)))
    sum = 0


Matrix.print
  BB0 out:
    compact = this.compactOK(...)
    i = 0
  BB1 out:
    compact = this.compactOK(...)
    i = (i + 1)
    i = 0
  BB2 out:
    compact = this.compactOK(...)
    i = (i + 1)
    i = 0
  BB3 out:
    compact = this.compactOK(...)
    i = (i + 1)
  BB4 out:
    compact = this.compactOK(...)
    i = (i + 1)
    i = 0


Matrix.rows
  BB0 out:
  BB1 out:


Matrix.set
  BB0 out:
  BB1 out:


SquareMatrix.SquareMatrix
  BB0 out:
  BB1 out:


SquareMatrix.fillIdentity
  BB0 out:
    i = 0
  BB1 out:
    i = (i + 1)
    i = 0
  BB2 out:
    i = (i + 1)
    i = 0
  BB3 out:
    i = (i + 1)
  BB4 out:
    i = (i + 1)
    i = 0


Vector.Vector
  BB0 out:
  BB1 out:


Vector.compactOK
  BB0 out:
    i = 0
  BB1 out:
    i = (i + 1)
    i = 0
    value = this.v[i]
  BB2 out:
    i = (i + 1)
    i = 0
    value = this.v[i]
  BB3 out:
    i = (i + 1)
    i = 0
    value = this.v[i]
  BB4 out:
    i = (i + 1)
    i = 0
    value = this.v[i]
  BB5 out:
    i = (i + 1)
    i = 0
    value = this.v[i]
  BB6 out:
    i = (i + 1)
    i = 0
    value = this.v[i]
  BB7 out:
    i = (i + 1)
    value = this.v[i]


Vector.contains
  BB0 out:
    i = 0
  BB1 out:
    i = (i + 1)
    i = 0
  BB2 out:
    i = (i + 1)
    i = 0
  BB3 out:
    i = (i + 1)
    i = 0
  BB4 out:
    i = (i + 1)
    i = 0
  BB5 out:
    i = (i + 1)
    i = 0
  BB6 out:
    i = (i + 1)
    i = 0
  BB7 out:
    i = (i + 1)


Vector.fill
  BB0 out:
    i = 0
  BB1 out:
    i = (i + 1)
    i = 0
  BB2 out:
    i = (i + 1)
    i = 0
  BB3 out:
    i = (i + 1)
  BB4 out:
    i = (i + 1)
    i = 0


Vector.get
  BB0 out:
  BB1 out:


Vector.print
  BB0 out:
  BB1 out:


Vector.print2
  BB0 out:
    i = 0
    nc = !(compact)
  BB1 out:
    i = (i + 1)
    i = 0
    nc = !(compact)
  BB2 out:
    i = (i + 1)
    i = 0
    nc = !(compact)
  BB3 out:
    i = (i + 1)
    i = 0
    nc = !(compact)
  BB4 out:
    i = (i + 1)
    i = 0
    nc = !(compact)
  BB5 out:
    i = (i + 1)
    i = 0
    nc = !(compact)
  BB6 out:
    i = (i + 1)
    i = 0
    nc = !(compact)
  BB7 out:
    i = (i + 1)
    nc = !(compact)


Vector.set
  BB0 out:
  BB1 out:


