ClassDecl (name: Vector, superClass: Object)
| VarDecl (name: n, type: int)
| VarDecl (name: v, type: int[])
| MethodDecl (argumentNames: [n, default], argumentTypes: [int, int], name: Vector, returnType: void)
| | Seq ()
| | Seq ()
| | | Assign ()
| | | | Field (fieldName: n)
| | | | | ThisRef ()
| | | | Var (name: n)
| | | Assign ()
| | | | Var (name: v)
| | | | NewArray (typeName: int[])
| | | | | Var (name: n)
| | | MethodCall ()
| | | | MethodCallExpr (methodName: fill)
| | | | | ThisRef ()
| | | | | Var (name: default)
| MethodDecl (argumentNames: [value], argumentTypes: [int], name: fill, returnType: void)
| | Seq ()
| | | VarDecl (name: i, type: int)
| | Seq ()
| | | Assign ()
| | | | Var (name: i)
| | | | IntConst (value: 0)
| | | WhileLoop ()
| | | | BinaryOp (operator: B_LESS_THAN)
| | | | | Var (name: i)
| | | | | Var (name: n)
| | | | Seq ()
| | | | | Assign ()
| | | | | | Index ()
| | | | | | | Var (name: v)
| | | | | | | Var (name: i)
| | | | | | Var (name: value)
| | | | | Assign ()
| | | | | | Var (name: i)
| | | | | | BinaryOp (operator: B_PLUS)
| | | | | | | Var (name: i)
| | | | | | | IntConst (value: 1)
| MethodDecl (argumentNames: [value], argumentTypes: [int], name: contains, returnType: boolean)
| | Seq ()
| | | VarDecl (name: i, type: int)
| | Seq ()
| | | Assign ()
| | | | Var (name: i)
| | | | IntConst (value: 0)
| | | WhileLoop ()
| | | | BinaryOp (operator: B_LESS_THAN)
| | | | | Var (name: i)
| | | | | Var (name: n)
| | | | Seq ()
| | | | | IfElse ()
| | | | | | BinaryOp (operator: B_EQUAL)
| | | | | | | Index ()
| | | | | | | | Var (name: v)
| | | | | | | | Var (name: i)
| | | | | | | Var (name: value)
| | | | | | Seq ()
| | | | | | | ReturnStmt ()
| | | | | | | | BooleanConst (value: true)
| | | | | | Nop ()
| | | | | Assign ()
| | | | | | Var (name: i)
| | | | | | BinaryOp (operator: B_PLUS)
| | | | | | | Var (name: i)
| | | | | | | IntConst (value: 1)
| | | ReturnStmt ()
| | | | BooleanConst (value: false)
| MethodDecl (argumentNames: [], argumentTypes: [], name: compactOK, returnType: boolean)
| | Seq ()
| | | VarDecl (name: i, type: int)
| | | VarDecl (name: value, type: int)
| | Seq ()
| | | Assign ()
| | | | Var (name: i)
| | | | IntConst (value: 0)
| | | WhileLoop ()
| | | | BinaryOp (operator: B_LESS_THAN)
| | | | | Var (name: i)
| | | | | Var (name: n)
| | | | Seq ()
| | | | | Assign ()
| | | | | | Var (name: value)
| | | | | | Index ()
| | | | | | | Var (name: v)
| | | | | | | Var (name: i)
| | | | | IfElse ()
| | | | | | BinaryOp (operator: B_OR)
| | | | | | | BinaryOp (operator: B_LESS_THAN)
| | | | | | | | Var (name: value)
| | | | | | | | IntConst (value: 0)
| | | | | | | BinaryOp (operator: B_LESS_THAN)
| | | | | | | | IntConst (value: 9)
| | | | | | | | Var (name: value)
| | | | | | Seq ()
| | | | | | | ReturnStmt ()
| | | | | | | | BooleanConst (value: false)
| | | | | | Nop ()
| | | | | Assign ()
| | | | | | Var (name: i)
| | | | | | BinaryOp (operator: B_PLUS)
| | | | | | | Var (name: i)
| | | | | | | IntConst (value: 1)
| | | ReturnStmt ()
| | | | BooleanConst (value: true)
| MethodDecl (argumentNames: [], argumentTypes: [], name: print, returnType: void)
| | Seq ()
| | Seq ()
| | | MethodCall ()
| | | | MethodCallExpr (methodName: print2)
| | | | | ThisRef ()
| | | | | MethodCallExpr (methodName: compactOK)
| | | | | | ThisRef ()
| MethodDecl (argumentNames: [compact], argumentTypes: [boolean], name: print2, returnType: void)
| | Seq ()
| | | VarDecl (name: i, type: int)
| | | VarDecl (name: nc, type: boolean)
| | Seq ()
| | | Assign ()
| | | | Var (name: nc)
| | | | UnaryOp (operator: U_BOOL_NOT)
| | | | | Var (name: compact)
| | | Assign ()
| | | | Var (name: i)
| | | | IntConst (value: 0)
| | | WhileLoop ()
| | | | BinaryOp (operator: B_LESS_THAN)
| | | | | Var (name: i)
| | | | | Var (name: n)
| | | | Seq ()
| | | | | BuiltInWrite ()
| | | | | | Index ()
| | | | | | | Var (name: v)
| | | | | | | Var (name: i)
| | | | | IfElse ()
| | | | | | Var (name: nc)
| | | | | | Seq ()
| | | | | | | BuiltInWriteln ()
| | | | | | Nop ()
| | | | | Assign ()
| | | | | | Var (name: i)
| | | | | | BinaryOp (operator: B_PLUS)
| | | | | | | Var (name: i)
| | | | | | | IntConst (value: 1)
| | | BuiltInWriteln ()
| MethodDecl (argumentNames: [i, value], argumentTypes: [int, int], name: set, returnType: void)
| | Seq ()
| | Seq ()
| | | Assign ()
| | | | Index ()
| | | | | Var (name: v)
| | | | | Var (name: i)
| | | | Var (name: value)
| MethodDecl (argumentNames: [i], argumentTypes: [int], name: get, returnType: int)
| | Seq ()
| | Seq ()
| | | ReturnStmt ()
| | | | Index ()
| | | | | Var (name: v)
| | | | | Var (name: i)
ClassDecl (name: Matrix, superClass: Object)
| VarDecl (name: m, type: int)
| VarDecl (name: vectors, type: Vector[])
| MethodDecl (argumentNames: [m, n, default], argumentTypes: [int, int, int], name: Matrix, returnType: void)
| | Seq ()
| | | VarDecl (name: temp, type: Vector)
| | | VarDecl (name: i, type: int)
| | Seq ()
| | | Assign ()
| | | | Field (fieldName: m)
| | | | | ThisRef ()
| | | | Var (name: m)
| | | Assign ()
| | | | Var (name: vectors)
| | | | NewArray (typeName: Vector[])
| | | | | Var (name: n)
| | | Assign ()
| | | | Var (name: i)
| | | | IntConst (value: 0)
| | | WhileLoop ()
| | | | BinaryOp (operator: B_LESS_THAN)
| | | | | Var (name: i)
| | | | | Var (name: m)
| | | | Seq ()
| | | | | Assign ()
| | | | | | Var (name: temp)
| | | | | | NewObject (typeName: Vector)
| | | | | MethodCall ()
| | | | | | MethodCallExpr (methodName: Vector)
| | | | | | | Var (name: temp)
| | | | | | | Var (name: n)
| | | | | | | Var (name: default)
| | | | | Assign ()
| | | | | | Index ()
| | | | | | | Var (name: vectors)
| | | | | | | Var (name: i)
| | | | | | Var (name: temp)
| | | | | Assign ()
| | | | | | Var (name: i)
| | | | | | BinaryOp (operator: B_PLUS)
| | | | | | | Var (name: i)
| | | | | | | IntConst (value: 1)
| MethodDecl (argumentNames: [value], argumentTypes: [int], name: fill, returnType: void)
| | Seq ()
| | | VarDecl (name: i, type: int)
| | Seq ()
| | | Assign ()
| | | | Var (name: i)
| | | | IntConst (value: 0)
| | | WhileLoop ()
| | | | BinaryOp (operator: B_LESS_THAN)
| | | | | Var (name: i)
| | | | | Var (name: m)
| | | | Seq ()
| | | | | MethodCall ()
| | | | | | MethodCallExpr (methodName: fill)
| | | | | | | Index ()
| | | | | | | | Var (name: vectors)
| | | | | | | | Var (name: i)
| | | | | | | Var (name: value)
| | | | | Assign ()
| | | | | | Var (name: i)
| | | | | | BinaryOp (operator: B_PLUS)
| | | | | | | Var (name: i)
| | | | | | | IntConst (value: 1)
| MethodDecl (argumentNames: [value], argumentTypes: [int], name: contains, returnType: boolean)
| | Seq ()
| | | VarDecl (name: i, type: int)
| | Seq ()
| | | Assign ()
| | | | Var (name: i)
| | | | IntConst (value: 0)
| | | WhileLoop ()
| | | | BinaryOp (operator: B_LESS_THAN)
| | | | | Var (name: i)
| | | | | Var (name: m)
| | | | Seq ()
| | | | | IfElse ()
| | | | | | MethodCallExpr (methodName: contains)
| | | | | | | Index ()
| | | | | | | | Var (name: vectors)
| | | | | | | | Var (name: i)
| | | | | | | Var (name: value)
| | | | | | Seq ()
| | | | | | | ReturnStmt ()
| | | | | | | | BooleanConst (value: true)
| | | | | | Nop ()
| | | | | Assign ()
| | | | | | Var (name: i)
| | | | | | BinaryOp (operator: B_PLUS)
| | | | | | | Var (name: i)
| | | | | | | IntConst (value: 1)
| | | ReturnStmt ()
| | | | BooleanConst (value: false)
| MethodDecl (argumentNames: [], argumentTypes: [], name: compactOK, returnType: boolean)
| | Seq ()
| | | VarDecl (name: i, type: int)
| | Seq ()
| | | Assign ()
| | | | Var (name: i)
| | | | IntConst (value: 0)
| | | WhileLoop ()
| | | | BinaryOp (operator: B_LESS_THAN)
| | | | | Var (name: i)
| | | | | Var (name: m)
| | | | Seq ()
| | | | | IfElse ()
| | | | | | UnaryOp (operator: U_BOOL_NOT)
| | | | | | | MethodCallExpr (methodName: compactOK)
| | | | | | | | Index ()
| | | | | | | | | Var (name: vectors)
| | | | | | | | | Var (name: i)
| | | | | | Seq ()
| | | | | | | ReturnStmt ()
| | | | | | | | BooleanConst (value: false)
| | | | | | Nop ()
| | | | | Assign ()
| | | | | | Var (name: i)
| | | | | | BinaryOp (operator: B_PLUS)
| | | | | | | Var (name: i)
| | | | | | | IntConst (value: 1)
| | | ReturnStmt ()
| | | | BooleanConst (value: true)
| MethodDecl (argumentNames: [], argumentTypes: [], name: print, returnType: void)
| | Seq ()
| | | VarDecl (name: compact, type: boolean)
| | | VarDecl (name: i, type: int)
| | Seq ()
| | | Assign ()
| | | | Var (name: compact)
| | | | MethodCallExpr (methodName: compactOK)
| | | | | ThisRef ()
| | | Assign ()
| | | | Var (name: i)
| | | | IntConst (value: 0)
| | | WhileLoop ()
| | | | BinaryOp (operator: B_LESS_THAN)
| | | | | Var (name: i)
| | | | | Var (name: m)
| | | | Seq ()
| | | | | MethodCall ()
| | | | | | MethodCallExpr (methodName: print2)
| | | | | | | Index ()
| | | | | | | | Var (name: vectors)
| | | | | | | | Var (name: i)
| | | | | | | Var (name: compact)
| | | | | Assign ()
| | | | | | Var (name: i)
| | | | | | BinaryOp (operator: B_PLUS)
| | | | | | | Var (name: i)
| | | | | | | IntConst (value: 1)
| | | BuiltInWriteln ()
| MethodDecl (argumentNames: [i, j, value], argumentTypes: [int, int, int], name: set, returnType: void)
| | Seq ()
| | Seq ()
| | | MethodCall ()
| | | | MethodCallExpr (methodName: set)
| | | | | Index ()
| | | | | | Var (name: vectors)
| | | | | | Var (name: i)
| | | | | Var (name: j)
| | | | | Var (name: value)
| MethodDecl (argumentNames: [i, j], argumentTypes: [int, int], name: get, returnType: int)
| | Seq ()
| | Seq ()
| | | ReturnStmt ()
| | | | MethodCallExpr (methodName: get)
| | | | | Index ()
| | | | | | Var (name: vectors)
| | | | | | Var (name: i)
| | | | | Var (name: j)
| MethodDecl (argumentNames: [], argumentTypes: [], name: rows, returnType: int)
| | Seq ()
| | Seq ()
| | | ReturnStmt ()
| | | | Var (name: m)
| MethodDecl (argumentNames: [], argumentTypes: [], name: columns, returnType: int)
| | Seq ()
| | Seq ()
| | | ReturnStmt ()
| | | | Field (fieldName: n)
| | | | | Index ()
| | | | | | Var (name: vectors)
| | | | | | IntConst (value: 0)
| MethodDecl (argumentNames: [A, B], argumentTypes: [Matrix, Matrix], name: mult, returnType: Matrix)
| | Seq ()
| | | VarDecl (name: i, type: int)
| | | VarDecl (name: j, type: int)
| | | VarDecl (name: k, type: int)
| | | VarDecl (name: sum, type: int)
| | Seq ()
| | | IfElse ()
| | | | BinaryOp (operator: B_OR)
| | | | | BinaryOp (operator: B_EQUAL)
| | | | | | NullConst ()
| | | | | | Var (name: A)
| | | | | BinaryOp (operator: B_EQUAL)
| | | | | | NullConst ()
| | | | | | Var (name: B)
| | | | Seq ()
| | | | | ReturnStmt ()
| | | | | | NullConst ()
| | | | Nop ()
| | | IfElse ()
| | | | BinaryOp (operator: B_OR)
| | | | | BinaryOp (operator: B_NOT_EQUAL)
| | | | | | MethodCallExpr (methodName: rows)
| | | | | | | ThisRef ()
| | | | | | MethodCallExpr (methodName: rows)
| | | | | | | Var (name: A)
| | | | | BinaryOp (operator: B_NOT_EQUAL)
| | | | | | MethodCallExpr (methodName: columns)
| | | | | | | ThisRef ()
| | | | | | MethodCallExpr (methodName: columns)
| | | | | | | Var (name: B)
| | | | Seq ()
| | | | | ReturnStmt ()
| | | | | | NullConst ()
| | | | Nop ()
| | | IfElse ()
| | | | BinaryOp (operator: B_NOT_EQUAL)
| | | | | MethodCallExpr (methodName: columns)
| | | | | | Var (name: A)
| | | | | MethodCallExpr (methodName: rows)
| | | | | | Var (name: B)
| | | | Seq ()
| | | | | ReturnStmt ()
| | | | | | NullConst ()
| | | | Nop ()
| | | Assign ()
| | | | Var (name: i)
| | | | IntConst (value: 0)
| | | WhileLoop ()
| | | | BinaryOp (operator: B_LESS_THAN)
| | | | | Var (name: i)
| | | | | MethodCallExpr (methodName: rows)
| | | | | | ThisRef ()
| | | | Seq ()
| | | | | Assign ()
| | | | | | Var (name: j)
| | | | | | IntConst (value: 0)
| | | | | WhileLoop ()
| | | | | | BinaryOp (operator: B_LESS_THAN)
| | | | | | | Var (name: j)
| | | | | | | MethodCallExpr (methodName: columns)
| | | | | | | | ThisRef ()
| | | | | | Seq ()
| | | | | | | Assign ()
| | | | | | | | Var (name: sum)
| | | | | | | | IntConst (value: 0)
| | | | | | | Assign ()
| | | | | | | | Var (name: k)
| | | | | | | | IntConst (value: 0)
| | | | | | | WhileLoop ()
| | | | | | | | BinaryOp (operator: B_LESS_THAN)
| | | | | | | | | Var (name: k)
| | | | | | | | | MethodCallExpr (methodName: columns)
| | | | | | | | | | ThisRef ()
| | | | | | | | Seq ()
| | | | | | | | | Assign ()
| | | | | | | | | | Var (name: sum)
| | | | | | | | | | BinaryOp (operator: B_PLUS)
| | | | | | | | | | | Var (name: sum)
| | | | | | | | | | | BinaryOp (operator: B_TIMES)
| | | | | | | | | | | | MethodCallExpr (methodName: get)
| | | | | | | | | | | | | Var (name: A)
| | | | | | | | | | | | | Var (name: i)
| | | | | | | | | | | | | Var (name: k)
| | | | | | | | | | | | MethodCallExpr (methodName: get)
| | | | | | | | | | | | | Var (name: B)
| | | | | | | | | | | | | Var (name: k)
| | | | | | | | | | | | | Var (name: j)
| | | | | | | | | Assign ()
| | | | | | | | | | Var (name: k)
| | | | | | | | | | BinaryOp (operator: B_PLUS)
| | | | | | | | | | | Var (name: k)
| | | | | | | | | | | IntConst (value: 1)
| | | | | | | MethodCall ()
| | | | | | | | MethodCallExpr (methodName: set)
| | | | | | | | | ThisRef ()
| | | | | | | | | Var (name: i)
| | | | | | | | | Var (name: j)
| | | | | | | | | Var (name: sum)
| | | | | | | Assign ()
| | | | | | | | Var (name: j)
| | | | | | | | BinaryOp (operator: B_PLUS)
| | | | | | | | | Var (name: j)
| | | | | | | | | IntConst (value: 1)
| | | | | Assign ()
| | | | | | Var (name: i)
| | | | | | BinaryOp (operator: B_PLUS)
| | | | | | | Var (name: i)
| | | | | | | IntConst (value: 1)
| | | ReturnStmt ()
| | | | ThisRef ()
ClassDecl (name: SquareMatrix, superClass: Matrix)
| MethodDecl (argumentNames: [n, default], argumentTypes: [int, int], name: SquareMatrix, returnType: void)
| | Seq ()
| | Seq ()
| | | MethodCall ()
| | | | MethodCallExpr (methodName: Matrix)
| | | | | ThisRef ()
| | | | | Var (name: n)
| | | | | Var (name: n)
| | | | | Var (name: default)
| MethodDecl (argumentNames: [], argumentTypes: [], name: fillIdentity, returnType: void)
| | Seq ()
| | | VarDecl (name: i, type: int)
| | Seq ()
| | | Assign ()
| | | | Var (name: i)
| | | | IntConst (value: 0)
| | | WhileLoop ()
| | | | BinaryOp (operator: B_LESS_THAN)
| | | | | Var (name: i)
| | | | | Var (name: m)
| | | | Seq ()
| | | | | MethodCall ()
| | | | | | MethodCallExpr (methodName: set)
| | | | | | | ThisRef ()
| | | | | | | Var (name: i)
| | | | | | | Var (name: i)
| | | | | | | IntConst (value: 1)
| | | | | Assign ()
| | | | | | Var (name: i)
| | | | | | BinaryOp (operator: B_PLUS)
| | | | | | | Var (name: i)
| | | | | | | IntConst (value: 1)
ClassDecl (name: Board, superClass: SquareMatrix)
| MethodDecl (argumentNames: [], argumentTypes: [], name: Board, returnType: void)
| | Seq ()
| | Seq ()
| | | MethodCall ()
| | | | MethodCallExpr (methodName: SquareMatrix)
| | | | | ThisRef ()
| | | | | IntConst (value: 3)
| | | | | IntConst (value: 0)
| MethodDecl (argumentNames: [player], argumentTypes: [int], name: hasWon, returnType: boolean)
| | Seq ()
| | | VarDecl (name: i, type: int)
| | Seq ()
| | | Assign ()
| | | | Var (name: i)
| | | | IntConst (value: 0)
| | | WhileLoop ()
| | | | BinaryOp (operator: B_LESS_THAN)
| | | | | Var (name: i)
| | | | | IntConst (value: 3)
| | | | Seq ()
| | | | | IfElse ()
| | | | | | MethodCallExpr (methodName: rowComplete)
| | | | | | | ThisRef ()
| | | | | | | Var (name: i)
| | | | | | | Var (name: player)
| | | | | | Seq ()
| | | | | | | ReturnStmt ()
| | | | | | | | BooleanConst (value: true)
| | | | | | Nop ()
| | | | | Assign ()
| | | | | | Var (name: i)
| | | | | | BinaryOp (operator: B_PLUS)
| | | | | | | Var (name: i)
| | | | | | | IntConst (value: 1)
| | | Assign ()
| | | | Var (name: i)
| | | | IntConst (value: 0)
| | | WhileLoop ()
| | | | BinaryOp (operator: B_LESS_THAN)
| | | | | Var (name: i)
| | | | | IntConst (value: 3)
| | | | Seq ()
| | | | | IfElse ()
| | | | | | MethodCallExpr (methodName: columnComplete)
| | | | | | | ThisRef ()
| | | | | | | Var (name: i)
| | | | | | | Var (name: player)
| | | | | | Seq ()
| | | | | | | ReturnStmt ()
| | | | | | | | BooleanConst (value: true)
| | | | | | Nop ()
| | | | | Assign ()
| | | | | | Var (name: i)
| | | | | | BinaryOp (operator: B_PLUS)
| | | | | | | Var (name: i)
| | | | | | | IntConst (value: 1)
| | | ReturnStmt ()
| | | | BinaryOp (operator: B_OR)
| | | | | MethodCallExpr (methodName: diagonal1Complete)
| | | | | | ThisRef ()
| | | | | | Var (name: player)
| | | | | MethodCallExpr (methodName: diagonal2Complete)
| | | | | | ThisRef ()
| | | | | | Var (name: player)
| MethodDecl (argumentNames: [i, player], argumentTypes: [int, int], name: rowComplete, returnType: boolean)
| | Seq ()
| | | VarDecl (name: j, type: int)
| | Seq ()
| | | Assign ()
| | | | Var (name: j)
| | | | IntConst (value: 0)
| | | WhileLoop ()
| | | | BinaryOp (operator: B_LESS_THAN)
| | | | | Var (name: j)
| | | | | IntConst (value: 3)
| | | | Seq ()
| | | | | IfElse ()
| | | | | | BinaryOp (operator: B_NOT_EQUAL)
| | | | | | | MethodCallExpr (methodName: get)
| | | | | | | | ThisRef ()
| | | | | | | | Var (name: i)
| | | | | | | | Var (name: j)
| | | | | | | Var (name: player)
| | | | | | Seq ()
| | | | | | | ReturnStmt ()
| | | | | | | | BooleanConst (value: false)
| | | | | | Nop ()
| | | | | Assign ()
| | | | | | Var (name: j)
| | | | | | BinaryOp (operator: B_PLUS)
| | | | | | | Var (name: j)
| | | | | | | IntConst (value: 1)
| | | ReturnStmt ()
| | | | BooleanConst (value: true)
| MethodDecl (argumentNames: [j, player], argumentTypes: [int, int], name: columnComplete, returnType: boolean)
| | Seq ()
| | | VarDecl (name: i, type: int)
| | Seq ()
| | | Assign ()
| | | | Var (name: i)
| | | | IntConst (value: 0)
| | | WhileLoop ()
| | | | BinaryOp (operator: B_LESS_THAN)
| | | | | Var (name: i)
| | | | | IntConst (value: 3)
| | | | Seq ()
| | | | | IfElse ()
| | | | | | BinaryOp (operator: B_NOT_EQUAL)
| | | | | | | MethodCallExpr (methodName: get)
| | | | | | | | ThisRef ()
| | | | | | | | Var (name: i)
| | | | | | | | Var (name: j)
| | | | | | | Var (name: player)
| | | | | | Seq ()
| | | | | | | ReturnStmt ()
| | | | | | | | BooleanConst (value: false)
| | | | | | Nop ()
| | | | | Assign ()
| | | | | | Var (name: i)
| | | | | | BinaryOp (operator: B_PLUS)
| | | | | | | Var (name: i)
| | | | | | | IntConst (value: 1)
| | | ReturnStmt ()
| | | | BooleanConst (value: true)
| MethodDecl (argumentNames: [player], argumentTypes: [int], name: diagonal1Complete, returnType: boolean)
| | Seq ()
| | Seq ()
| | | ReturnStmt ()
| | | | BinaryOp (operator: B_AND)
| | | | | BinaryOp (operator: B_AND)
| | | | | | BinaryOp (operator: B_EQUAL)
| | | | | | | MethodCallExpr (methodName: get)
| | | | | | | | ThisRef ()
| | | | | | | | IntConst (value: 0)
| | | | | | | | IntConst (value: 0)
| | | | | | | Var (name: player)
| | | | | | BinaryOp (operator: B_EQUAL)
| | | | | | | MethodCallExpr (methodName: get)
| | | | | | | | ThisRef ()
| | | | | | | | IntConst (value: 1)
| | | | | | | | IntConst (value: 1)
| | | | | | | Var (name: player)
| | | | | BinaryOp (operator: B_EQUAL)
| | | | | | MethodCallExpr (methodName: get)
| | | | | | | ThisRef ()
| | | | | | | IntConst (value: 2)
| | | | | | | IntConst (value: 2)
| | | | | | Var (name: player)
| MethodDecl (argumentNames: [player], argumentTypes: [int], name: diagonal2Complete, returnType: boolean)
| | Seq ()
| | Seq ()
| | | ReturnStmt ()
| | | | BinaryOp (operator: B_AND)
| | | | | BinaryOp (operator: B_AND)
| | | | | | BinaryOp (operator: B_EQUAL)
| | | | | | | MethodCallExpr (methodName: get)
| | | | | | | | ThisRef ()
| | | | | | | | IntConst (value: 0)
| | | | | | | | IntConst (value: 2)
| | | | | | | Var (name: player)
| | | | | | BinaryOp (operator: B_EQUAL)
| | | | | | | MethodCallExpr (methodName: get)
| | | | | | | | ThisRef ()
| | | | | | | | IntConst (value: 1)
| | | | | | | | IntConst (value: 1)
| | | | | | | Var (name: player)
| | | | | BinaryOp (operator: B_EQUAL)
| | | | | | MethodCallExpr (methodName: get)
| | | | | | | ThisRef ()
| | | | | | | IntConst (value: 2)
| | | | | | | IntConst (value: 0)
| | | | | | Var (name: player)
| MethodDecl (argumentNames: [], argumentTypes: [], name: full, returnType: boolean)
| | Seq ()
| | | VarDecl (name: i, type: int)
| | | VarDecl (name: j, type: int)
| | Seq ()
| | | Assign ()
| | | | Var (name: i)
| | | | IntConst (value: 0)
| | | WhileLoop ()
| | | | BinaryOp (operator: B_LESS_THAN)
| | | | | Var (name: i)
| | | | | IntConst (value: 3)
| | | | Seq ()
| | | | | Assign ()
| | | | | | Var (name: j)
| | | | | | IntConst (value: 0)
| | | | | WhileLoop ()
| | | | | | BinaryOp (operator: B_LESS_THAN)
| | | | | | | Var (name: j)
| | | | | | | IntConst (value: 3)
| | | | | | Seq ()
| | | | | | | IfElse ()
| | | | | | | | BinaryOp (operator: B_EQUAL)
| | | | | | | | | IntConst (value: 0)
| | | | | | | | | MethodCallExpr (methodName: get)
| | | | | | | | | | ThisRef ()
| | | | | | | | | | Var (name: i)
| | | | | | | | | | Var (name: j)
| | | | | | | | Seq ()
| | | | | | | | | ReturnStmt ()
| | | | | | | | | | BooleanConst (value: false)
| | | | | | | | Nop ()
| | | | | | | Assign ()
| | | | | | | | Var (name: j)
| | | | | | | | BinaryOp (operator: B_PLUS)
| | | | | | | | | Var (name: j)
| | | | | | | | | IntConst (value: 1)
| | | | | Assign ()
| | | | | | Var (name: i)
| | | | | | BinaryOp (operator: B_PLUS)
| | | | | | | Var (name: i)
| | | | | | | IntConst (value: 1)
| | | ReturnStmt ()
| | | | BooleanConst (value: true)
| MethodDecl (argumentNames: [i, j, value], argumentTypes: [int, int, int], name: set, returnType: void)
| | Seq ()
| | Seq ()
| | | IfElse ()
| | | | BinaryOp (operator: B_EQUAL)
| | | | | IntConst (value: 0)
| | | | | MethodCallExpr (methodName: get)
| | | | | | ThisRef ()
| | | | | | Var (name: i)
| | | | | | Var (name: j)
| | | | Seq ()
| | | | | MethodCall ()
| | | | | | MethodCallExpr (methodName: set)
| | | | | | | Index ()
| | | | | | | | Var (name: vectors)
| | | | | | | | Var (name: i)
| | | | | | | Var (name: j)
| | | | | | | Var (name: value)
| | | | Seq ()
| | | | | MethodCall ()
| | | | | | MethodCallExpr (methodName: set)
| | | | | | | Index ()
| | | | | | | | Var (name: vectors)
| | | | | | | | Var (name: i)
| | | | | | | Var (name: j)
| | | | | | | IntConst (value: 9)
ClassDecl (name: Main, superClass: Object)
| VarDecl (name: b, type: Board)
| MethodDecl (argumentNames: [player], argumentTypes: [int], name: runPlayer, returnType: boolean)
| | Seq ()
| | | VarDecl (name: pos, type: int)
| | | VarDecl (name: row, type: int)
| | | VarDecl (name: column, type: int)
| | | VarDecl (name: n, type: int)
| | | VarDecl (name: m, type: Matrix)
| | Seq ()
| | | Assign ()
| | | | Var (name: m)
| | | | Var (name: b)
| | | Assign ()
| | | | Var (name: n)
| | | | IntConst (value: 3)
| | | Assign ()
| | | | Var (name: pos)
| | | | BuiltInRead ()
| | | Assign ()
| | | | Var (name: pos)
| | | | BinaryOp (operator: B_MINUS)
| | | | | Var (name: pos)
| | | | | IntConst (value: 1)
| | | Assign ()
| | | | Var (name: row)
| | | | BinaryOp (operator: B_DIV)
| | | | | Var (name: pos)
| | | | | Var (name: n)
| | | Assign ()
| | | | Var (name: column)
| | | | BinaryOp (operator: B_MOD)
| | | | | Var (name: pos)
| | | | | Var (name: n)
| | | IfElse ()
| | | | BinaryOp (operator: B_EQUAL)
| | | | | IntConst (value: 1)
| | | | | Var (name: player)
| | | | Seq ()
| | | | | MethodCall ()
| | | | | | MethodCallExpr (methodName: set)
| | | | | | | Var (name: b)
| | | | | | | Var (name: row)
| | | | | | | Var (name: column)
| | | | | | | Var (name: player)
| | | | Seq ()
| | | | | MethodCall ()
| | | | | | MethodCallExpr (methodName: set)
| | | | | | | Var (name: m)
| | | | | | | Var (name: row)
| | | | | | | Var (name: column)
| | | | | | | Var (name: player)
| | | Assign ()
| | | | Var (name: b)
| | | | Cast (typeName: Board)
| | | | | Var (name: m)
| | | MethodCall ()
| | | | MethodCallExpr (methodName: print)
| | | | | Var (name: b)
| | | ReturnStmt ()
| | | | MethodCallExpr (methodName: hasWon)
| | | | | Var (name: b)
| | | | | Var (name: player)
| MethodDecl (argumentNames: [], argumentTypes: [], name: runGame, returnType: void)
| | Seq ()
| | | VarDecl (name: winner, type: int)
| | | VarDecl (name: currentPlayer, type: int)
| | Seq ()
| | | MethodCall ()
| | | | MethodCallExpr (methodName: fill)
| | | | | Var (name: b)
| | | | | IntConst (value: 0)
| | | MethodCall ()
| | | | MethodCallExpr (methodName: print)
| | | | | Var (name: b)
| | | Assign ()
| | | | Var (name: winner)
| | | | IntConst (value: 0)
| | | Assign ()
| | | | Var (name: currentPlayer)
| | | | IntConst (value: 1)
| | | WhileLoop ()
| | | | BinaryOp (operator: B_AND)
| | | | | BinaryOp (operator: B_AND)
| | | | | | BinaryOp (operator: B_EQUAL)
| | | | | | | IntConst (value: 0)
| | | | | | | Var (name: winner)
| | | | | | UnaryOp (operator: U_BOOL_NOT)
| | | | | | | MethodCallExpr (methodName: full)
| | | | | | | | Var (name: b)
| | | | | UnaryOp (operator: U_BOOL_NOT)
| | | | | | MethodCallExpr (methodName: contains)
| | | | | | | Var (name: b)
| | | | | | | IntConst (value: 9)
| | | | Seq ()
| | | | | IfElse ()
| | | | | | MethodCallExpr (methodName: runPlayer)
| | | | | | | ThisRef ()
| | | | | | | Var (name: currentPlayer)
| | | | | | Seq ()
| | | | | | | Assign ()
| | | | | | | | Var (name: winner)
| | | | | | | | Var (name: currentPlayer)
| | | | | | Nop ()
| | | | | Assign ()
| | | | | | Var (name: currentPlayer)
| | | | | | BinaryOp (operator: B_MINUS)
| | | | | | | IntConst (value: 3)
| | | | | | | Var (name: currentPlayer)
| | | IfElse ()
| | | | BinaryOp (operator: B_EQUAL)
| | | | | IntConst (value: 1)
| | | | | Var (name: winner)
| | | | Seq ()
| | | | | MethodCall ()
| | | | | | MethodCallExpr (methodName: fill)
| | | | | | | Var (name: b)
| | | | | | | IntConst (value: 1)
| | | | Seq ()
| | | | | IfElse ()
| | | | | | BinaryOp (operator: B_EQUAL)
| | | | | | | IntConst (value: 2)
| | | | | | | Var (name: winner)
| | | | | | Seq ()
| | | | | | | MethodCall ()
| | | | | | | | MethodCallExpr (methodName: fill)
| | | | | | | | | Var (name: b)
| | | | | | | | | IntConst (value: 2)
| | | | | | Seq ()
| | | | | | | IfElse ()
| | | | | | | | MethodCallExpr (methodName: contains)
| | | | | | | | | Var (name: b)
| | | | | | | | | IntConst (value: 9)
| | | | | | | | Seq ()
| | | | | | | | | MethodCall ()
| | | | | | | | | | MethodCallExpr (methodName: fill)
| | | | | | | | | | | Var (name: b)
| | | | | | | | | | | IntConst (value: 9)
| | | | | | | | Seq ()
| | | | | | | | | MethodCall ()
| | | | | | | | | | MethodCallExpr (methodName: fill)
| | | | | | | | | | | Var (name: b)
| | | | | | | | | | | IntConst (value: 0)
| MethodDecl (argumentNames: [], argumentTypes: [], name: main, returnType: void)
| | Seq ()
| | | VarDecl (name: i, type: int)
| | | VarDecl (name: n, type: int)
| | Seq ()
| | | Assign ()
| | | | Var (name: b)
| | | | NewObject (typeName: Board)
| | | MethodCall ()
| | | | MethodCallExpr (methodName: Board)
| | | | | Var (name: b)
| | | Assign ()
| | | | Var (name: n)
| | | | BuiltInRead ()
| | | Assign ()
| | | | Var (name: i)
| | | | IntConst (value: 0)
| | | WhileLoop ()
| | | | BinaryOp (operator: B_LESS_THAN)
| | | | | Var (name: i)
| | | | | Var (name: n)
| | | | Seq ()
| | | | | MethodCall ()
| | | | | | MethodCallExpr (methodName: runGame)
| | | | | | | ThisRef ()
| | | | | MethodCall ()
| | | | | | MethodCallExpr (methodName: print)
| | | | | | | Var (name: b)
| | | | | Assign ()
| | | | | | Var (name: i)
| | | | | | BinaryOp (operator: B_PLUS)
| | | | | | | Var (name: i)
| | | | | | | IntConst (value: 1)
