ClassDecl (name: Main, superClass: Object)
| MethodDecl (argumentNames: [], argumentTypes: [], name: main, returnType: void)
| | Seq ()
| | | VarDecl (name: x, type: int)
| | Seq ()
| | | Assign ()
| | | | Var (name: x)
| | | | IntConst (value: 2)
| | | IfElse ()
| | | | BooleanConst (value: false)
| | | | Seq ()
| | | | | BuiltInWrite ()
| | | | | | IntConst (value: 1)
| | | | Seq ()
| | | | | BuiltInWrite ()
| | | | | | MethodCallExpr (methodName: foo)
| | | | | | | ThisRef ()
| | | | | | | Var (name: x)
| MethodDecl (argumentNames: [x], argumentTypes: [int], name: foo, returnType: boolean)
| | Seq ()
| | Seq ()
| | | ReturnStmt ()
| | | | BinaryOp (operator: B_PLUS)
| | | | | Var (name: x)
| | | | | IntConst (value: 1)
