ClassDecl (name: Main, superClass: Object)
| MethodDecl (argumentNames: [], argumentTypes: [], name: main, returnType: void)
| | Seq ()
| | Seq ()
| | | IfElse ()
| | | | BinaryOp (operator: B_EQUAL)
| | | | | MethodCallExpr (methodName: bug)
| | | | | | ThisRef ()
| | | | | MethodCallExpr (methodName: bug)
| | | | | | ThisRef ()
| | | | Seq ()
| | | | | BuiltInWrite ()
| | | | | | IntConst (value: 0)
| | | | | BuiltInWriteln ()
| | | | Nop ()
| | | IfElse ()
| | | | BinaryOp (operator: B_NOT_EQUAL)
| | | | | MethodCallExpr (methodName: bug)
| | | | | | ThisRef ()
| | | | | MethodCallExpr (methodName: bug)
| | | | | | ThisRef ()
| | | | Seq ()
| | | | | BuiltInWrite ()
| | | | | | UnaryOp (operator: U_MINUS)
| | | | | | | IntConst (value: 1)
| | | | | BuiltInWriteln ()
| | | | Nop ()
| MethodDecl (argumentNames: [], argumentTypes: [], name: bug, returnType: void)
| | Seq ()
| | Seq ()
