digraph G {
  graph [ rankdir = "LR" ];
  subgraph cluster_0 {
    label = "Main.main"
    M0_BB0 [
      shape="record"
      label="BB0"
    ];
    M0_BB0 -> M0_BB1;
    M0_BB1 [
      shape="record"
      label="BB1"
    ];
  }
  subgraph cluster_1 {
    label = "Main.foo"
    M1_BB0 [
      shape="record"
      label="BB0|If: (this.row(...) != a.rows(...))"
    ];
    M1_BB0 -> M1_BB2;
    M1_BB0 -> M1_BB3 [label="False"];
    M1_BB1 [
      shape="record"
      label="BB1"
    ];
    M1_BB2 [
      shape="record"
      label="BB2|return"
    ];
    M1_BB2 -> M1_BB1;
    M1_BB3 [
      shape="record"
      label="BB3|nop"
    ];
    M1_BB3 -> M1_BB4;
    M1_BB4 [
      shape="record"
      label="BB4"
    ];
    M1_BB4 -> M1_BB1;
  }
  subgraph cluster_2 {
    label = "Main.row"
    M2_BB0 [
      shape="record"
      label="BB0|return 1"
    ];
    M2_BB0 -> M2_BB1;
    M2_BB1 [
      shape="record"
      label="BB1"
    ];
  }
  subgraph cluster_3 {
    label = "A.rows"
    M3_BB0 [
      shape="record"
      label="BB0|return 0"
    ];
    M3_BB0 -> M3_BB1;
    M3_BB1 [
      shape="record"
      label="BB1"
    ];
  }
}
