ClassDecl (name: Main, superClass: Object)
| MethodDecl (argumentNames: [], argumentTypes: [], name: main, returnType: void)
| | Seq ()
| | Seq ()
| | | WhileLoop ()
| | | | BinaryOp (operator: B_GREATER_THAN)
| | | | | Var (name: a)
| | | | | IntConst (value: 0)
| | | | Seq ()
| | | | | IfElse ()
| | | | | | BinaryOp (operator: B_NOT_EQUAL)
| | | | | | | Var (name: b)
| | | | | | | IntConst (value: 0)
| | | | | | Seq ()
| | | | | | | Assign ()
| | | | | | | | Var (name: c)
| | | | | | | | IntConst (value: 5)
| | | | | | Seq ()
| | | | | | | Assign ()
| | | | | | | | Var (name: e)
| | | | | | | | IntConst (value: 37)
