ClassDecl (name: Main, superClass: Object)
| MethodDecl (argumentNames: [], argumentTypes: [], name: main, returnType: void)
| | Seq ()
| | Seq ()
ClassDecl (name: Sub, superClass: Super)
| MethodDecl (argumentNames: [a, b], argumentTypes: [int, boolean], name: foo, returnType: int)
| | Seq ()
| | Seq ()
ClassDecl (name: Super, superClass: Object)
| MethodDecl (argumentNames: [a, b], argumentTypes: [int, boolean], name: foo, returnType: void)
| | Seq ()
| | Seq ()
