ClassDecl (name: Main, superClass: Object)
| MethodDecl (argumentNames: [], argumentTypes: [], name: main, returnType: void)
| | Seq ()
| | | VarDecl (name: sub1, type: Sub1)
| | | VarDecl (name: sub2, type: Sub2)
| | Seq ()
| | | Assign ()
| | | | Var (name: sub1)
| | | | Cast (typeName: Sub1)
| | | | | Var (name: sub2)
ClassDecl (name: Sub1, superClass: Super)
ClassDecl (name: Sub2, superClass: Super)
ClassDecl (name: Super, superClass: Object)
