ClassDecl (name: Main, superClass: Object)
| MethodDecl (argumentNames: [], argumentTypes: [], name: main, returnType: void)
| | Seq ()
| | Seq ()
| | | MethodCall ()
| | | | MethodCallExpr (methodName: foo)
| | | | | ThisRef ()
| | | | | Var (name: field)
| MethodDecl (argumentNames: [a, b], argumentTypes: [int, boolean], name: foo, returnType: void)
| | Seq ()
| | Seq ()
| VarDecl (name: field, type: int)
