ClassDecl (name: Main, superClass: Object)
| MethodDecl (argumentNames: [], argumentTypes: [], name: main, returnType: void)
| | Seq ()
| | | VarDecl (name: a1, type: Sub1)
| | | VarDecl (name: a2, type: Sub1)
| | Seq ()
| | | MethodCall ()
| | | | MethodCallExpr (methodName: foo)
| | | | | ThisRef ()
| | | | | Var (name: a1)
| | | | | Var (name: a2)
| MethodDecl (argumentNames: [p1, p2], argumentTypes: [Super, Super], name: foo, returnType: void)
| | Seq ()
| | Seq ()
ClassDecl (name: Sub1, superClass: Super)
ClassDecl (name: Sub2, superClass: Super)
ClassDecl (name: Super, superClass: Object)
