ClassDecl (name: Main, superClass: Object)
| MethodDecl (argumentNames: [], argumentTypes: [], name: main, returnType: void)
| | Seq ()
| | | VarDecl (name: p, type: boolean)
| | | VarDecl (name: a, type: int)
| | | VarDecl (name: b, type: int)
| | Seq ()
| | | Assign ()
| | | | Var (name: b)
| | | | IntConst (value: 1)
| | | Assign ()
| | | | Var (name: c)
| | | | IntConst (value: 10)
| | | Assign ()
| | | | Var (name: k)
| | | | BinaryOp (operator: B_AND)
| | | | | BinaryOp (operator: B_LESS_THAN)
| | | | | | Var (name: b)
| | | | | | IntConst (value: 6)
| | | | | BinaryOp (operator: B_LESS_THAN)
| | | | | | IntConst (value: 0)
| | | | | | Var (name: c)
| | | IfElse ()
| | | | Var (name: p)
| | | | Seq ()
| | | | | BuiltInWrite ()
| | | | | | IntConst (value: 1)
| | | | Seq ()
| | | | | BuiltInWrite ()
| | | | | | IntConst (value: 0)
