Main.main
  BB0 out: []
    a = 1: []
    b = 10: []
    (3 == 3): []
  BB1 out: []
  BB2 out: []
    write(1): []
  BB3 out: []
    nop: []
  BB4 out: []
    (3 > 5): []
  BB5 out: []
    write(2): []
  BB6 out: []
    nop: []
  BB7 out: []
    (a != b): []
  BB8 out: []
    write(3): []
  BB9 out: []
    nop: []
  BB10 out: []


