ClassDecl (name: X, superClass: Object)
ClassDecl (name: Main, superClass: Object)
| MethodDecl (argumentNames: [], argumentTypes: [], name: main, returnType: void)
| | Seq ()
| | | VarDecl (name: x, type: X)
| | Seq ()
| | | Assign ()
| | | | Var (name: x)
| | | | NewObject (typeName: X)
| | | MethodCall ()
| | | | MethodCallExpr (methodName: notamethod)
| | | | | Var (name: x)
