ClassDecl (name: Main, superClass: Object)
| MethodDecl (argumentNames: [], argumentTypes: [], name: main, returnType: void)
| | Seq ()
| | Seq ()
| | | IfElse ()
| | | | BooleanConst (value: true)
| | | | Seq ()
| | | | | BuiltInWrite ()
| | | | | | BooleanConst (value: true)
| | | | | BuiltInWriteln ()
| | | | Nop ()
| | | BuiltInWrite ()
| | | | IntConst (value: 2)
| | | BuiltInWriteln ()
