ClassDecl (name: Main, superClass: Object)
| MethodDecl (argumentNames: [], argumentTypes: [], name: main, returnType: void)
| | Seq ()
| | | VarDecl (name: a, type: A)
| | | VarDecl (name: b, type: B)
| | Seq ()
| | | Assign ()
| | | | Var (name: a)
| | | | MethodCallExpr (methodName: foo)
| | | | | ThisRef ()
| | | | | Var (name: a)
| | | | | Var (name: a)
| | | | | Var (name: b)
| MethodDecl (argumentNames: [arg1, arg2, arg3], argumentTypes: [A, A, B], name: foo, returnType: A)
| | Seq ()
| | Seq ()
| | | ReturnStmt ()
| | | | Var (name: arg3)
ClassDecl (name: A, superClass: Object)
ClassDecl (name: B, superClass: Object)
