ClassDecl (name: Main, superClass: Object)
| VarDecl (name: b, type: int)
| MethodDecl (argumentNames: [], argumentTypes: [], name: main, returnType: void)
| | Seq ()
| | | VarDecl (name: a, type: int)
| | Seq ()
| | | Assign ()
| | | | Var (name: b)
| | | | IntConst (value: 300)
| | | Assign ()
| | | | Var (name: a)
| | | | IntConst (value: 400)
| | | IfElse ()
| | | | BinaryOp (operator: B_EQUAL)
| | | | | Var (name: a)
| | | | | Var (name: b)
| | | | Seq ()
| | | | | BuiltInWrite ()
| | | | | | Var (name: a)
| | | | Nop ()
