ClassDecl (name: A, superClass: Object)
| VarDecl (name: a, type: int)
| VarDecl (name: b, type: int)
| MethodDecl (argumentNames: [], argumentTypes: [], name: print, returnType: void)
| | Seq ()
| | Seq ()
| | | Assign ()
| | | | Var (name: a)
| | | | IntConst (value: 5)
| | | Assign ()
| | | | Var (name: b)
| | | | IntConst (value: 5)
| | | BuiltInWrite ()
| | | | Var (name: a)
| | | BuiltInWrite ()
| | | | Var (name: b)
| | | BuiltInWriteln ()
ClassDecl (name: B, superClass: A)
| VarDecl (name: b, type: int)
| MethodDecl (argumentNames: [], argumentTypes: [], name: print, returnType: void)
| | Seq ()
| | Seq ()
| | | Assign ()
| | | | Var (name: a)
| | | | IntConst (value: 6)
| | | Assign ()
| | | | Var (name: b)
| | | | IntConst (value: 6)
| | | BuiltInWrite ()
| | | | Var (name: a)
| | | BuiltInWrite ()
| | | | Var (name: b)
| | | BuiltInWriteln ()
ClassDecl (name: Main, superClass: Object)
| MethodDecl (argumentNames: [], argumentTypes: [], name: main, returnType: void)
| | Seq ()
| | | VarDecl (name: a, type: A)
| | | VarDecl (name: b, type: B)
| | Seq ()
| | | Assign ()
| | | | Var (name: a)
| | | | NewObject (typeName: B)
| | | Assign ()
| | | | Var (name: b)
| | | | Cast (typeName: B)
| | | | | Var (name: a)
| | | BuiltInWrite ()
| | | | IntConst (value: 0)
| | | BuiltInWriteln ()
| | | MethodCall ()
| | | | MethodCallExpr (methodName: print)
| | | | | Var (name: a)
| | | MethodCall ()
| | | | MethodCallExpr (methodName: print)
| | | | | Var (name: b)
