ClassDecl (name: A, superClass: Object)
| VarDecl (name: x, type: int)
| MethodDecl (argumentNames: [], argumentTypes: [], name: foo, returnType: void)
| | Seq ()
| | Seq ()
| | | BuiltInWrite ()
| | | | Var (name: x)
| MethodDecl (argumentNames: [], argumentTypes: [], name: funA, returnType: void)
| | Seq ()
| | Seq ()
ClassDecl (name: B, superClass: A)
| MethodDecl (argumentNames: [], argumentTypes: [], name: funB, returnType: void)
| | Seq ()
| | Seq ()
| MethodDecl (argumentNames: [], argumentTypes: [], name: foo, returnType: void)
| | Seq ()
| | Seq ()
ClassDecl (name: Main, superClass: Object)
| VarDecl (name: a, type: A)
| VarDecl (name: b, type: B)
| VarDecl (name: g, type: int)
| MethodDecl (argumentNames: [], argumentTypes: [], name: main, returnType: void)
| | Seq ()
| | | VarDecl (name: c, type: int[])
| | Seq ()
| | | Assign ()
| | | | Var (name: c)
| | | | NewArray (typeName: int[])
| | | | | IntConst (value: 3)
| | | Assign ()
| | | | Var (name: a)
| | | | NewObject (typeName: A)
| | | Assign ()
| | | | Var (name: b)
| | | | NewObject (typeName: B)
| | | Assign ()
| | | | Var (name: g)
| | | | IntConst (value: 1)
| | | Assign ()
| | | | Var (name: g)
| | | | IntConst (value: 1)
| | | Assign ()
| | | | Index ()
| | | | | Var (name: c)
| | | | | IntConst (value: 0)
| | | | MethodCallExpr (methodName: loc)
| | | | | ThisRef ()
| | | | | BinaryOp (operator: B_PLUS)
| | | | | | IntConst (value: 1)
| | | | | | IntConst (value: 5)
| | | BuiltInWrite ()
| | | | Index ()
| | | | | Var (name: c)
| | | | | IntConst (value: 0)
| MethodDecl (argumentNames: [arg], argumentTypes: [int], name: loc, returnType: int)
| | Seq ()
| | Seq ()
| | | Assign ()
| | | | Var (name: arg)
| | | | BinaryOp (operator: B_PLUS)
| | | | | Var (name: arg)
| | | | | IntConst (value: 2)
| | | ReturnStmt ()
| | | | Var (name: arg)
