ClassDecl (name: A, superClass: Object)
| MethodDecl (argumentNames: [], argumentTypes: [], name: foo, returnType: void)
| | Seq ()
| | Seq ()
ClassDecl (name: B, superClass: A)
| MethodDecl (argumentNames: [], argumentTypes: [], name: fooB, returnType: void)
| | Seq ()
| | Seq ()
ClassDecl (name: Main, superClass: Object)
| VarDecl (name: a, type: A)
| VarDecl (name: b, type: B)
| MethodDecl (argumentNames: [], argumentTypes: [], name: main, returnType: void)
| | Seq ()
| | Seq ()
| | | BuiltInWrite ()
| | | | IntConst (value: 10)
| | | BuiltInWriteln ()
