ClassDecl (name: Main, superClass: Object)
| MethodDecl (argumentNames: [], argumentTypes: [], name: main, returnType: void)
| | Seq ()
| | Seq ()
| | | IfElse ()
| | | | BooleanConst (value: true)
| | | | Seq ()
| | | | | BuiltInWrite ()
| | | | | | IntConst (value: 1)
| | | | | BuiltInWriteln ()
| | | | | IfElse ()
| | | | | | BooleanConst (value: false)
| | | | | | Seq ()
| | | | | | | IfElse ()
| | | | | | | | BinaryOp (operator: B_MINUS)
| | | | | | | | | IntConst (value: 1)
| | | | | | | | | IntConst (value: 6)
| | | | | | | | Seq ()
| | | | | | | | Nop ()
| | | | | | Nop ()
| | | | Nop ()
| | | BuiltInWrite ()
| | | | IntConst (value: 2)
| | | BuiltInWriteln ()
