ClassDecl (name: Main, superClass: Object)
| MethodDecl (argumentNames: [], argumentTypes: [], name: test, returnType: int)
| | Seq ()
| | Seq ()
| | | IfElse ()
| | | | BooleanConst (value: true)
| | | | Seq ()
| | | | | IfElse ()
| | | | | | BooleanConst (value: true)
| | | | | | Seq ()
| | | | | | | ReturnStmt ()
| | | | | | | | IntConst (value: 1)
| | | | | | Seq ()
| | | | | | | IfElse ()
| | | | | | | | BooleanConst (value: false)
| | | | | | | | Seq ()
| | | | | | | | Seq ()
| | | | | | | | | ReturnStmt ()
| | | | | | | | | | IntConst (value: 1)
| | | | Seq ()
| | | | | ReturnStmt ()
| | | | | | IntConst (value: 1)
| MethodDecl (argumentNames: [], argumentTypes: [], name: main, returnType: void)
| | Seq ()
| | Seq ()
