ClassDecl (name: A, superClass: Object)
| VarDecl (name: k, type: int)
ClassDecl (name: B, superClass: Object)
| VarDecl (name: a, type: A)
ClassDecl (name: Main, superClass: Object)
| VarDecl (name: j, type: int)
| VarDecl (name: b2, type: B)
| MethodDecl (argumentNames: [], argumentTypes: [], name: main, returnType: void)
| | Seq ()
| | | VarDecl (name: b, type: B)
| | Seq ()
| | | Assign ()
| | | | Field (fieldName: j)
| | | | | Field (fieldName: a)
| | | | | | Var (name: b)
| | | | IntConst (value: 0)
| | | Assign ()
| | | | Field (fieldName: j)
| | | | | Field (fieldName: a)
| | | | | | Var (name: b2)
| | | | IntConst (value: 0)
