ClassDecl (name: Main, superClass: Object)
| MethodDecl (argumentNames: [], argumentTypes: [], name: main, returnType: void)
| | Seq ()
| | | VarDecl (name: i, type: boolean)
| | Seq ()
| | | Assign ()
| | | | Var (name: i)
| | | | BooleanConst (value: true)
| | | Assign ()
| | | | Var (name: i)
| | | | BooleanConst (value: false)
