ClassDecl (name: Main, superClass: Object)
| MethodDecl (argumentNames: [], argumentTypes: [], name: main, returnType: void)
| | Seq ()
| | | VarDecl (name: a, type: int[])
| | | VarDecl (name: i, type: int)
| | Seq ()
| | | Assign ()
| | | | Var (name: a)
| | | | NewArray (typeName: int[])
| | | | | IntConst (value: 100)
| | | Assign ()
| | | | Var (name: i)
| | | | Index ()
| | | | | Var (name: a)
| | | | | IntConst (value: 0)
