ClassDecl (name: A, superClass: Object)
| MethodDecl (argumentNames: [], argumentTypes: [], name: k, returnType: int)
| | Seq ()
| | Seq ()
| | | ReturnStmt ()
| | | | IntConst (value: 1)
ClassDecl (name: B, superClass: Object)
| VarDecl (name: a, type: A)
ClassDecl (name: Main, superClass: Object)
| VarDecl (name: j, type: int)
| VarDecl (name: b2, type: B)
| MethodDecl (argumentNames: [], argumentTypes: [], name: main, returnType: void)
| | Seq ()
| | | VarDecl (name: b, type: B)
| | | VarDecl (name: c, type: int)
| | Seq ()
| | | Assign ()
| | | | Var (name: c)
| | | | MethodCallExpr (methodName: j)
| | | | | Field (fieldName: a)
| | | | | | Var (name: b2)
