ClassDecl (name: Main, superClass: Object)
| VarDecl (name: a, type: A)
| VarDecl (name: b, type: B)
| VarDecl (name: c, type: C)
| MethodDecl (argumentNames: [], argumentTypes: [], name: main, returnType: void)
| | Seq ()
| | Seq ()
| | | Assign ()
| | | | Var (name: a)
| | | | NewObject (typeName: A)
| | | MethodCall ()
| | | | MethodCallExpr (methodName: fun)
| | | | | Var (name: a)
| | | | | Var (name: b)
| | | | | Var (name: b)
ClassDecl (name: A, superClass: Object)
| MethodDecl (argumentNames: [a, b], argumentTypes: [int, boolean], name: prim, returnType: void)
| | Seq ()
| | Seq ()
| MethodDecl (argumentNames: [c, b], argumentTypes: [C, B], name: fun, returnType: void)
| | Seq ()
| | Seq ()
ClassDecl (name: B, superClass: C)
ClassDecl (name: C, superClass: Object)
