ClassDecl (name: Main, superClass: Object)
| VarDecl (name: a, type: A)
| MethodDecl (argumentNames: [], argumentTypes: [], name: main, returnType: void)
| | Seq ()
| | Seq ()
| | | Assign ()
| | | | Var (name: a)
| | | | NewObject (typeName: A)
| | | MethodCall ()
| | | | MethodCallExpr (methodName: method)
| | | | | Var (name: a)
| | | | | IntConst (value: 1)
| | | | | IntConst (value: 1)
| | | MethodCall ()
| | | | MethodCallExpr (methodName: method)
| | | | | Var (name: a)
| | | | | IntConst (value: 1)
ClassDecl (name: A, superClass: Object)
| MethodDecl (argumentNames: [a, b], argumentTypes: [int, int], name: method, returnType: void)
| | Seq ()
| | Seq ()
