ClassDecl (name: Main, superClass: Object)
| VarDecl (name: a, type: int[])
| VarDecl (name: b, type: int)
| MethodDecl (argumentNames: [], argumentTypes: [], name: main, returnType: void)
| | Seq ()
| | Seq ()
| | | Assign ()
| | | | Index ()
| | | | | Var (name: a)
| | | | | IntConst (value: 1)
| | | | IntConst (value: 0)
