ClassDecl (name: A, superClass: Object)
ClassDecl (name: B, superClass: A)
ClassDecl (name: Main, superClass: Object)
| VarDecl (name: a, type: A[])
| VarDecl (name: b, type: B)
| MethodDecl (argumentNames: [], argumentTypes: [], name: main, returnType: void)
| | Seq ()
| | Seq ()
| | | Assign ()
| | | | Var (name: b)
| | | | Cast (typeName: B)
| | | | | Index ()
| | | | | | Var (name: a)
| | | | | | IntConst (value: 0)
