ClassDecl (name: D, superClass: Object)
| MethodDecl (argumentNames: [], argumentTypes: [], name: fun, returnType: A)
| | Seq ()
| | | VarDecl (name: a, type: A)
| | Seq ()
| | | ReturnStmt ()
| | | | Var (name: a)
ClassDecl (name: Main, superClass: D)
| VarDecl (name: d, type: D)
| MethodDecl (argumentNames: [], argumentTypes: [], name: main, returnType: void)
| | Seq ()
| | Seq ()
| | | BuiltInWrite ()
| | | | Field (fieldName: foo)
| | | | | MethodCallExpr (methodName: fun)
| | | | | | Field (fieldName: d)
| | | | | | | ThisRef ()
ClassDecl (name: A, superClass: B)
| MethodDecl (argumentNames: [], argumentTypes: [], name: print, returnType: void)
| | Seq ()
| | Seq ()
| | | BuiltInWrite ()
| | | | IntConst (value: 1)
ClassDecl (name: B, superClass: C)
| VarDecl (name: foo0, type: int)
ClassDecl (name: C, superClass: Object)
| VarDecl (name: foo, type: int)
