ClassDecl (name: Main, superClass: Object)
| MethodDecl (argumentNames: [], argumentTypes: [], name: main, returnType: void)
| | Seq ()
| | | VarDecl (name: x, type: int)
| | Seq ()
| | | Assign ()
| | | | Var (name: x)
| | | | MethodCallExpr (methodName: foo)
| | | | | ThisRef ()
| | | | | IntConst (value: 6)
| MethodDecl (argumentNames: [y], argumentTypes: [int], name: foo, returnType: int)
| | Seq ()
| | Seq ()
| | | IfElse ()
| | | | BinaryOp (operator: B_LESS_THAN)
| | | | | Var (name: y)
| | | | | IntConst (value: 9)
| | | | Seq ()
| | | | | ReturnStmt ()
| | | | | | IntConst (value: 3)
| | | | Nop ()
