ClassDecl (name: Record, superClass: Object)
| VarDecl (name: b, type: int)
ClassDecl (name: Main, superClass: Object)
| VarDecl (name: a, type: Record)
| MethodDecl (argumentNames: [], argumentTypes: [], name: main, returnType: void)
| | Seq ()
| | Seq ()
| | | Assign ()
| | | | Var (name: a)
| | | | NewObject (typeName: Rekord)
