ClassDecl (name: Main, superClass: Object)
| MethodDecl (argumentNames: [], argumentTypes: [], name: m, returnType: int)
| | Seq ()
| | Seq ()
| | | ReturnStmt ()
| | | | IntConst (value: 0)
| MethodDecl (argumentNames: [], argumentTypes: [], name: main, returnType: void)
| | Seq ()
| | | VarDecl (name: ab, type: A)
| | | VarDecl (name: res, type: int)
| | Seq ()
| | | Assign ()
| | | | Var (name: res)
| | | | BinaryOp (operator: B_PLUS)
| | | | | Var (name: a)
| | | | | BinaryOp (operator: B_TIMES)
| | | | | | IntConst (value: 3)
| | | | | | IntConst (value: 7)
| | | Assign ()
| | | | Field (fieldName: a)
| | | | | Var (name: ab)
| | | | Var (name: res)
| | | Assign ()
| | | | Field (fieldName: a)
| | | | | Var (name: ab)
| | | | MethodCallExpr (methodName: k)
| | | | | Var (name: ab)
| | | | | Var (name: res)
ClassDecl (name: A, superClass: Object)
| VarDecl (name: a, type: int)
| MethodDecl (argumentNames: [c], argumentTypes: [int], name: k, returnType: int)
| | Seq ()
| | Seq ()
| | | ReturnStmt ()
| | | | BinaryOp (operator: B_TIMES)
| | | | | Var (name: c)
| | | | | IntConst (value: 3)
