ClassDecl (name: Main, superClass: Object)
| MethodDecl (argumentNames: [], argumentTypes: [], name: main, returnType: void)
| | Seq ()
| | | VarDecl (name: a1, type: A1)
| | | VarDecl (name: b, type: B)
| | Seq ()
| | | Assign ()
| | | | Var (name: b)
| | | | NewObject (typeName: B)
| | | Assign ()
| | | | Var (name: a1)
| | | | NewObject (typeName: A1)
| | | MethodCall ()
| | | | MethodCallExpr (methodName: foo)
| | | | | Var (name: a1)
| | | | | Var (name: b)
ClassDecl (name: A1, superClass: Object)
| MethodDecl (argumentNames: [x], argumentTypes: [A], name: foo, returnType: void)
| | Seq ()
| | Seq ()
ClassDecl (name: A, superClass: Object)
ClassDecl (name: B, superClass: A)
