ClassDecl (name: Main, superClass: Object)
| VarDecl (name: x, type: int)
| VarDecl (name: a, type: A)
| VarDecl (name: s, type: S)
| MethodDecl (argumentNames: [], argumentTypes: [], name: main, returnType: void)
| | Seq ()
| | Seq ()
| | | Assign ()
| | | | Var (name: x)
| | | | Field (fieldName: i)
| | | | | Var (name: a)
| | | Assign ()
| | | | Var (name: x)
| | | | Field (fieldName: s)
| | | | | Var (name: s)
| | | Assign ()
| | | | Var (name: x)
| | | | Field (fieldName: i)
| | | | | Var (name: s)
| | | MethodCall ()
| | | | MethodCallExpr (methodName: fun1)
| | | | | Var (name: a)
| | | | | IntConst (value: 1)
| | | MethodCall ()
| | | | MethodCallExpr (methodName: fun1)
| | | | | Var (name: s)
| | | | | IntConst (value: 2)
| | | Assign ()
| | | | Var (name: x)
| | | | Field (fieldName: h)
| | | | | Var (name: a)
| | | Assign ()
| | | | Var (name: x)
| | | | Field (fieldName: h)
| | | | | Var (name: s)
| | | Assign ()
| | | | Var (name: x)
| | | | MethodCallExpr (methodName: funNo)
| | | | | Var (name: s)
ClassDecl (name: A, superClass: Object)
| VarDecl (name: i, type: int)
| VarDecl (name: h, type: int)
| MethodDecl (argumentNames: [i1], argumentTypes: [int], name: fun1, returnType: void)
| | Seq ()
| | Seq ()
ClassDecl (name: S, superClass: A)
| VarDecl (name: h, type: int)
| VarDecl (name: s, type: int)
| MethodDecl (argumentNames: [in], argumentTypes: [int], name: fun1, returnType: void)
| | Seq ()
| | Seq ()
