ClassDecl (name: Main, superClass: Object)
| VarDecl (name: i, type: int)
| MethodDecl (argumentNames: [], argumentTypes: [], name: main, returnType: void)
| | Seq ()
| | | VarDecl (name: i, type: int)
| | Seq ()
| MethodDecl (argumentNames: [], argumentTypes: [], name: foo, returnType: void)
| | Seq ()
| | Seq ()
