ClassDecl (name: Main, superClass: Object)
| MethodDecl (argumentNames: [], argumentTypes: [], name: main, returnType: void)
| | Seq ()
| | | VarDecl (name: b, type: boolean)
| | | VarDecl (name: sub1, type: Sub1)
| | | VarDecl (name: sub2, type: Sub2)
| | Seq ()
| | | Assign ()
| | | | Var (name: b)
| | | | BinaryOp (operator: B_NOT_EQUAL)
| | | | | Var (name: sub1)
| | | | | Var (name: sub2)
ClassDecl (name: Sub1, superClass: Super)
ClassDecl (name: Sub2, superClass: Super)
ClassDecl (name: Super, superClass: Object)
