ClassDecl (name: Main, superClass: Object)
| MethodDecl (argumentNames: [], argumentTypes: [], name: main, returnType: void)
| | Seq ()
| | | VarDecl (name: blob, type: Blob)
| | Seq ()
| | | Assign ()
| | | | Var (name: blob)
| | | | NewObject (typeName: Blob)
ClassDecl (name: Blob, superClass: Object)
