ClassDecl (name: Main, superClass: Object)
| MethodDecl (argumentNames: [], argumentTypes: [], name: main, returnType: void)
| | Seq ()
| | Seq ()
| MethodDecl (argumentNames: [p], argumentTypes: [Sub], name: foo, returnType: Super)
| | Seq ()
| | Seq ()
| | | ReturnStmt ()
| | | | Var (name: p)
ClassDecl (name: Sub, superClass: Super)
ClassDecl (name: Super, superClass: Object)
