ClassDecl (name: Main, superClass: Object)
| VarDecl (name: i, type: int)
| MethodDecl (argumentNames: [], argumentTypes: [], name: main, returnType: void)
| | Seq ()
| | Seq ()
| | | Assign ()
| | | | Var (name: i)
| | | | IntConst (value: 4)
| | | IfElse ()
| | | | BinaryOp (operator: B_LESS_THAN)
| | | | | Var (name: i)
| | | | | IntConst (value: 2)
| | | | Seq ()
| | | | | BuiltInWrite ()
| | | | | | IntConst (value: 2)
| | | | Seq ()
| | | | | BuiltInWrite ()
| | | | | | Var (name: i)
