ClassDecl (name: Main, superClass: Object)
| MethodDecl (argumentNames: [], argumentTypes: [], name: main, returnType: void)
| | Seq ()
| | | VarDecl (name: a, type: boolean)
| | | VarDecl (name: b, type: boolean)
| | | VarDecl (name: c, type: boolean)
| | | VarDecl (name: d, type: boolean)
| | | VarDecl (name: e, type: boolean)
| | | VarDecl (name: f, type: boolean)
| | | VarDecl (name: g, type: boolean)
| | Seq ()
| | | Assign ()
| | | | Var (name: a)
| | | | BinaryOp (operator: B_OR)
| | | | | BooleanConst (value: false)
| | | | | BooleanConst (value: false)
| | | Assign ()
| | | | Var (name: b)
| | | | BinaryOp (operator: B_OR)
| | | | | BooleanConst (value: false)
| | | | | BooleanConst (value: true)
| | | Assign ()
| | | | Var (name: c)
| | | | BinaryOp (operator: B_OR)
| | | | | BooleanConst (value: true)
| | | | | BooleanConst (value: false)
| | | Assign ()
| | | | Var (name: d)
| | | | BinaryOp (operator: B_AND)
| | | | | BooleanConst (value: true)
| | | | | BooleanConst (value: false)
| | | Assign ()
| | | | Var (name: e)
| | | | BinaryOp (operator: B_AND)
| | | | | BooleanConst (value: false)
| | | | | BooleanConst (value: false)
| | | IfElse ()
| | | | Var (name: a)
| | | | Seq ()
| | | | | IfElse ()
| | | | | | BinaryOp (operator: B_OR)
| | | | | | | BinaryOp (operator: B_OR)
| | | | | | | | Var (name: b)
| | | | | | | | Var (name: a)
| | | | | | | Var (name: c)
| | | | | | Seq ()
| | | | | | | BuiltInWrite ()
| | | | | | | | IntConst (value: 0)
| | | | | | Seq ()
| | | | | | | BuiltInWrite ()
| | | | | | | | IntConst (value: 1)
| | | | Seq ()
| | | | | IfElse ()
| | | | | | BinaryOp (operator: B_OR)
| | | | | | | BinaryOp (operator: B_AND)
| | | | | | | | Var (name: d)
| | | | | | | | Var (name: d)
| | | | | | | Var (name: d)
| | | | | | Seq ()
| | | | | | | BuiltInWrite ()
| | | | | | | | IntConst (value: 2)
| | | | | | Nop ()
| | | | | IfElse ()
| | | | | | BinaryOp (operator: B_AND)
| | | | | | | Var (name: e)
| | | | | | | BooleanConst (value: false)
| | | | | | Seq ()
| | | | | | | BuiltInWrite ()
| | | | | | | | IntConst (value: 3)
| | | | | | Seq ()
| | | | | | | IfElse ()
| | | | | | | | BinaryOp (operator: B_OR)
| | | | | | | | | BooleanConst (value: true)
| | | | | | | | | Var (name: e)
| | | | | | | | Seq ()
| | | | | | | | | Assign ()
| | | | | | | | | | Var (name: e)
| | | | | | | | | | BooleanConst (value: false)
| | | | | | | | | BuiltInWrite ()
| | | | | | | | | | IntConst (value: 4)
| | | | | | | | Nop ()
| | | | | IfElse ()
| | | | | | UnaryOp (operator: U_BOOL_NOT)
| | | | | | | Var (name: e)
| | | | | | Seq ()
| | | | | | | Assign ()
| | | | | | | | Var (name: e)
| | | | | | | | BinaryOp (operator: B_OR)
| | | | | | | | | BinaryOp (operator: B_OR)
| | | | | | | | | | Var (name: a)
| | | | | | | | | | Var (name: b)
| | | | | | | | | Var (name: c)
| | | | | | | BuiltInWrite ()
| | | | | | | | IntConst (value: 7)
| | | | | | Nop ()
