ClassDecl (name: Main, superClass: Object)
| MethodDecl (argumentNames: [], argumentTypes: [], name: main, returnType: void)
| | Seq ()
| | | VarDecl (name: b, type: boolean)
| | | VarDecl (name: i, type: int)
| | Seq ()
| | | Assign ()
| | | | Var (name: i)
| | | | IntConst (value: 1)
| | | Assign ()
| | | | Var (name: b)
| | | | BooleanConst (value: true)
| | | Assign ()
| | | | Var (name: b)
| | | | BinaryOp (operator: B_AND)
| | | | | Var (name: b)
| | | | | Var (name: i)
