ClassDecl (name: Main, superClass: Object)
| MethodDecl (argumentNames: [], argumentTypes: [], name: main, returnType: void)
| | Seq ()
| | | VarDecl (name: a, type: boolean)
| | | VarDecl (name: b, type: boolean)
| | Seq ()
| | | Assign ()
| | | | Var (name: a)
| | | | BooleanConst (value: true)
| | | Assign ()
| | | | Var (name: b)
| | | | BooleanConst (value: false)
| | | IfElse ()
| | | | BinaryOp (operator: B_AND)
| | | | | Var (name: a)
| | | | | Var (name: b)
| | | | Seq ()
| | | | | BuiltInWrite ()
| | | | | | IntConst (value: 0)
| | | | Nop ()
