digraph G {
  graph [ rankdir = "LR" ];
  subgraph cluster_0 {
    label = "Main.main"
    M0_BB0 [
      shape="record"
      label="BB0|this.a = 7|this.b = 8|c = this.b|c = this.a|this.a = this.foo(...)|write(this.a)|writeln()|write(this.b)"
    ];
    M0_BB0 -> M0_BB1;
    M0_BB1 [
      shape="record"
      label="BB1"
    ];
  }
  subgraph cluster_1 {
    label = "Main.foo"
    M1_BB0 [
      shape="record"
      label="BB0|this.a = a|return (2 * a)"
    ];
    M1_BB0 -> M1_BB1;
    M1_BB1 [
      shape="record"
      label="BB1"
    ];
  }
}
