ClassDecl (name: Main, superClass: Object)
| VarDecl (name: a, type: int)
| VarDecl (name: b, type: int)
| MethodDecl (argumentNames: [], argumentTypes: [], name: main, returnType: void)
| | Seq ()
| | | VarDecl (name: c, type: int)
| | Seq ()
| | | Assign ()
| | | | Field (fieldName: a)
| | | | | ThisRef ()
| | | | IntConst (value: 7)
| | | Assign ()
| | | | Var (name: b)
| | | | IntConst (value: 8)
| | | Assign ()
| | | | Var (name: c)
| | | | Field (fieldName: b)
| | | | | ThisRef ()
| | | Assign ()
| | | | Var (name: c)
| | | | Var (name: a)
| | | Assign ()
| | | | Var (name: a)
| | | | MethodCallExpr (methodName: foo)
| | | | | ThisRef ()
| | | | | Field (fieldName: b)
| | | | | | ThisRef ()
| | | BuiltInWrite ()
| | | | Var (name: a)
| | | BuiltInWriteln ()
| | | BuiltInWrite ()
| | | | Field (fieldName: b)
| | | | | ThisRef ()
| MethodDecl (argumentNames: [a], argumentTypes: [int], name: foo, returnType: int)
| | Seq ()
| | Seq ()
| | | Assign ()
| | | | Field (fieldName: a)
| | | | | ThisRef ()
| | | | Var (name: a)
| | | ReturnStmt ()
| | | | BinaryOp (operator: B_TIMES)
| | | | | IntConst (value: 2)
| | | | | Var (name: a)
