Main.main
  BB0 out: []
    a = 3: []
    b = 17: []
    c = (b % a): []
    (a < b): []
  BB1 out: []
  BB2 out: []
    b = 3: []
    (b > c): []
  BB3 out: []
    a = 2: []
    c = 9: []
    (b < c): []
  BB4 out: []
    c = 7: []
  BB5 out: []
    a = 0: []
  BB6 out: []
  BB7 out: []
    a = 3: []
  BB8 out: []
    b = (a + c): []
  BB9 out: []
  BB10 out: []
    write(a): []
    writeln(): []
    write(b): []
    writeln(): []
    write(c): []


