Main.main
  BB0 out: []
    a = (false || false): []
    b = (false || true): []
    c = (true || false): []
    d = (true && false): []
    e = (false && false): []
    a: []
  BB1 out: []
  BB2 out: []
    ((b || a) || c): []
  BB3 out: []
    ((d && d) || d): []
  BB4 out: []
    write(0): []
  BB5 out: []
    write(1): []
  BB6 out: []
  BB7 out: []
    write(2): []
  BB8 out: []
    nop: []
  BB9 out: []
    (e && false): []
  BB10 out: []
    write(3): []
  BB11 out: []
    (true || e): []
  BB12 out: []
    e = false: []
    write(4): []
  BB13 out: []
    nop: []
  BB14 out: []
  BB15 out: []
    !(e): []
  BB16 out: []
    e = ((a || b) || c): []
    write(7): []
  BB17 out: []
    nop: []
  BB18 out: []
  BB19 out: []


