ClassDecl (name: Main, superClass: Object)
| MethodDecl (argumentNames: [], argumentTypes: [], name: main, returnType: void)
| | Seq ()
| | Seq ()
| | | WhileLoop ()
| | | | BinaryOp (operator: B_OR)
| | | | | BinaryOp (operator: B_AND)
| | | | | | BooleanConst (value: false)
| | | | | | BooleanConst (value: true)
| | | | | BooleanConst (value: false)
| | | | Seq ()
| | | | | BuiltInWrite ()
| | | | | | IntConst (value: 1)
| | | BuiltInWrite ()
| | | | IntConst (value: 0)
