ClassDecl (name: Main, superClass: Object)
| MethodDecl (argumentNames: [], argumentTypes: [], name: main, returnType: void)
| | Seq ()
| | | VarDecl (name: b, type: int)
| | | VarDecl (name: a, type: int)
| | Seq ()
| | | Assign ()
| | | | Var (name: a)
| | | | IntConst (value: 0)
| | | Assign ()
| | | | Var (name: b)
| | | | IntConst (value: 2)
| | | BuiltInWrite ()
| | | | BinaryOp (operator: B_TIMES)
| | | | | BinaryOp (operator: B_TIMES)
| | | | | | IntConst (value: 100)
| | | | | | BinaryOp (operator: B_PLUS)
| | | | | | | BinaryOp (operator: B_TIMES)
| | | | | | | | BinaryOp (operator: B_PLUS)
| | | | | | | | | BinaryOp (operator: B_PLUS)
| | | | | | | | | | Var (name: b)
| | | | | | | | | | IntConst (value: 1)
| | | | | | | | | BinaryOp (operator: B_PLUS)
| | | | | | | | | | IntConst (value: 1)
| | | | | | | | | | IntConst (value: 1)
| | | | | | | | BinaryOp (operator: B_PLUS)
| | | | | | | | | BinaryOp (operator: B_PLUS)
| | | | | | | | | | IntConst (value: 1)
| | | | | | | | | | IntConst (value: 1)
| | | | | | | | | BinaryOp (operator: B_PLUS)
| | | | | | | | | | IntConst (value: 1)
| | | | | | | | | | IntConst (value: 1)
| | | | | | | BinaryOp (operator: B_TIMES)
| | | | | | | | BinaryOp (operator: B_PLUS)
| | | | | | | | | BinaryOp (operator: B_PLUS)
| | | | | | | | | | IntConst (value: 1)
| | | | | | | | | | IntConst (value: 1)
| | | | | | | | | BinaryOp (operator: B_PLUS)
| | | | | | | | | | IntConst (value: 1)
| | | | | | | | | | IntConst (value: 1)
| | | | | | | | BinaryOp (operator: B_PLUS)
| | | | | | | | | BinaryOp (operator: B_PLUS)
| | | | | | | | | | IntConst (value: 1)
| | | | | | | | | | IntConst (value: 1)
| | | | | | | | | BinaryOp (operator: B_PLUS)
| | | | | | | | | | IntConst (value: 1)
| | | | | | | | | | IntConst (value: 1)
| | | | | BinaryOp (operator: B_PLUS)
| | | | | | BinaryOp (operator: B_TIMES)
| | | | | | | BinaryOp (operator: B_PLUS)
| | | | | | | | BinaryOp (operator: B_PLUS)
| | | | | | | | | IntConst (value: 1)
| | | | | | | | | IntConst (value: 1)
| | | | | | | | BinaryOp (operator: B_PLUS)
| | | | | | | | | IntConst (value: 1)
| | | | | | | | | IntConst (value: 1)
| | | | | | | BinaryOp (operator: B_PLUS)
| | | | | | | | BinaryOp (operator: B_PLUS)
| | | | | | | | | IntConst (value: 1)
| | | | | | | | | IntConst (value: 1)
| | | | | | | | BinaryOp (operator: B_PLUS)
| | | | | | | | | IntConst (value: 1)
| | | | | | | | | Var (name: a)
| | | | | | BinaryOp (operator: B_TIMES)
| | | | | | | BinaryOp (operator: B_PLUS)
| | | | | | | | BinaryOp (operator: B_PLUS)
| | | | | | | | | IntConst (value: 1)
| | | | | | | | | IntConst (value: 1)
| | | | | | | | BinaryOp (operator: B_PLUS)
| | | | | | | | | IntConst (value: 1)
| | | | | | | | | IntConst (value: 1)
| | | | | | | BinaryOp (operator: B_PLUS)
| | | | | | | | BinaryOp (operator: B_PLUS)
| | | | | | | | | IntConst (value: 1)
| | | | | | | | | IntConst (value: 1)
| | | | | | | | BinaryOp (operator: B_PLUS)
| | | | | | | | | IntConst (value: 1)
| | | | | | | | | IntConst (value: 1)
