ClassDecl (name: Main, superClass: Object)
| MethodDecl (argumentNames: [], argumentTypes: [], name: main, returnType: void)
| | Seq ()
| | | VarDecl (name: a, type: int)
| | | VarDecl (name: b, type: int)
| | | VarDecl (name: c, type: int)
| | | VarDecl (name: d, type: int)
| | Seq ()
| | | Assign ()
| | | | Var (name: a)
| | | | BinaryOp (operator: B_PLUS)
| | | | | BinaryOp (operator: B_TIMES)
| | | | | | BinaryOp (operator: B_PLUS)
| | | | | | | BinaryOp (operator: B_PLUS)
| | | | | | | | BinaryOp (operator: B_TIMES)
| | | | | | | | | IntConst (value: 1000)
| | | | | | | | | Var (name: a)
| | | | | | | | Var (name: b)
| | | | | | | BinaryOp (operator: B_PLUS)
| | | | | | | | Var (name: c)
| | | | | | | | Var (name: d)
| | | | | | BinaryOp (operator: B_PLUS)
| | | | | | | BinaryOp (operator: B_PLUS)
| | | | | | | | Var (name: a)
| | | | | | | | Var (name: b)
| | | | | | | BinaryOp (operator: B_PLUS)
| | | | | | | | Var (name: c)
| | | | | | | | Var (name: d)
| | | | | BinaryOp (operator: B_TIMES)
| | | | | | BinaryOp (operator: B_PLUS)
| | | | | | | BinaryOp (operator: B_PLUS)
| | | | | | | | Var (name: a)
| | | | | | | | Var (name: b)
| | | | | | | BinaryOp (operator: B_PLUS)
| | | | | | | | Var (name: c)
| | | | | | | | Var (name: d)
| | | | | | BinaryOp (operator: B_PLUS)
| | | | | | | BinaryOp (operator: B_PLUS)
| | | | | | | | Var (name: a)
| | | | | | | | Var (name: b)
| | | | | | | BinaryOp (operator: B_PLUS)
| | | | | | | | Var (name: c)
| | | | | | | | Var (name: d)
| | | Assign ()
| | | | Var (name: b)
| | | | BinaryOp (operator: B_PLUS)
| | | | | BinaryOp (operator: B_TIMES)
| | | | | | BinaryOp (operator: B_PLUS)
| | | | | | | BinaryOp (operator: B_PLUS)
| | | | | | | | Var (name: a)
| | | | | | | | Var (name: b)
| | | | | | | BinaryOp (operator: B_PLUS)
| | | | | | | | Var (name: c)
| | | | | | | | Var (name: d)
| | | | | | BinaryOp (operator: B_PLUS)
| | | | | | | BinaryOp (operator: B_PLUS)
| | | | | | | | Var (name: a)
| | | | | | | | Var (name: b)
| | | | | | | BinaryOp (operator: B_PLUS)
| | | | | | | | Var (name: c)
| | | | | | | | Var (name: d)
| | | | | BinaryOp (operator: B_TIMES)
| | | | | | BinaryOp (operator: B_PLUS)
| | | | | | | BinaryOp (operator: B_PLUS)
| | | | | | | | Var (name: a)
| | | | | | | | Var (name: b)
| | | | | | | BinaryOp (operator: B_PLUS)
| | | | | | | | Var (name: c)
| | | | | | | | Var (name: d)
| | | | | | BinaryOp (operator: B_PLUS)
| | | | | | | BinaryOp (operator: B_PLUS)
| | | | | | | | Var (name: a)
| | | | | | | | Var (name: b)
| | | | | | | BinaryOp (operator: B_PLUS)
| | | | | | | | Var (name: c)
| | | | | | | | Var (name: d)
| | | Assign ()
| | | | Var (name: c)
| | | | BinaryOp (operator: B_PLUS)
| | | | | BinaryOp (operator: B_TIMES)
| | | | | | BinaryOp (operator: B_PLUS)
| | | | | | | BinaryOp (operator: B_PLUS)
| | | | | | | | Var (name: a)
| | | | | | | | Var (name: b)
| | | | | | | BinaryOp (operator: B_PLUS)
| | | | | | | | Var (name: c)
| | | | | | | | Var (name: d)
| | | | | | BinaryOp (operator: B_PLUS)
| | | | | | | BinaryOp (operator: B_PLUS)
| | | | | | | | Var (name: a)
| | | | | | | | Var (name: b)
| | | | | | | BinaryOp (operator: B_PLUS)
| | | | | | | | Var (name: c)
| | | | | | | | Var (name: d)
| | | | | BinaryOp (operator: B_TIMES)
| | | | | | BinaryOp (operator: B_PLUS)
| | | | | | | BinaryOp (operator: B_PLUS)
| | | | | | | | Var (name: a)
| | | | | | | | Var (name: b)
| | | | | | | BinaryOp (operator: B_PLUS)
| | | | | | | | Var (name: c)
| | | | | | | | Var (name: d)
| | | | | | BinaryOp (operator: B_PLUS)
| | | | | | | BinaryOp (operator: B_PLUS)
| | | | | | | | Var (name: a)
| | | | | | | | Var (name: b)
| | | | | | | BinaryOp (operator: B_PLUS)
| | | | | | | | Var (name: c)
| | | | | | | | Var (name: d)
| | | Assign ()
| | | | Var (name: d)
| | | | BinaryOp (operator: B_PLUS)
| | | | | BinaryOp (operator: B_TIMES)
| | | | | | BinaryOp (operator: B_PLUS)
| | | | | | | BinaryOp (operator: B_PLUS)
| | | | | | | | Var (name: a)
| | | | | | | | Var (name: b)
| | | | | | | BinaryOp (operator: B_PLUS)
| | | | | | | | Var (name: c)
| | | | | | | | Var (name: d)
| | | | | | BinaryOp (operator: B_PLUS)
| | | | | | | BinaryOp (operator: B_PLUS)
| | | | | | | | Var (name: a)
| | | | | | | | Var (name: b)
| | | | | | | BinaryOp (operator: B_PLUS)
| | | | | | | | Var (name: c)
| | | | | | | | Var (name: d)
| | | | | BinaryOp (operator: B_TIMES)
| | | | | | BinaryOp (operator: B_PLUS)
| | | | | | | BinaryOp (operator: B_PLUS)
| | | | | | | | Var (name: a)
| | | | | | | | Var (name: b)
| | | | | | | BinaryOp (operator: B_PLUS)
| | | | | | | | Var (name: c)
| | | | | | | | Var (name: d)
| | | | | | BinaryOp (operator: B_PLUS)
| | | | | | | BinaryOp (operator: B_PLUS)
| | | | | | | | Var (name: a)
| | | | | | | | Var (name: b)
| | | | | | | BinaryOp (operator: B_PLUS)
| | | | | | | | Var (name: c)
| | | | | | | | Var (name: d)
| | | BuiltInWrite ()
| | | | BinaryOp (operator: B_PLUS)
| | | | | BinaryOp (operator: B_TIMES)
| | | | | | Var (name: a)
| | | | | | Var (name: b)
| | | | | BinaryOp (operator: B_TIMES)
| | | | | | Var (name: c)
| | | | | | Var (name: d)
| | | BuiltInWriteln ()
| | | BuiltInWrite ()
| | | | BinaryOp (operator: B_TIMES)
| | | | | Var (name: c)
| | | | | IntConst (value: 0)
| | | BuiltInWriteln ()
