ClassDecl (name: Main, superClass: Object)
| MethodDecl (argumentNames: [], argumentTypes: [], name: main, returnType: void)
| | Seq ()
| | | VarDecl (name: a, type: int)
| | | VarDecl (name: b, type: int)
| | Seq ()
| | | Assign ()
| | | | Var (name: a)
| | | | BinaryOp (operator: B_PLUS)
| | | | | BinaryOp (operator: B_PLUS)
| | | | | | BinaryOp (operator: B_PLUS)
| | | | | | | IntConst (value: 4)
| | | | | | | IntConst (value: 5)
| | | | | | BinaryOp (operator: B_MINUS)
| | | | | | | IntConst (value: 3)
| | | | | | | IntConst (value: 2)
| | | | | BinaryOp (operator: B_PLUS)
| | | | | | BinaryOp (operator: B_MINUS)
| | | | | | | IntConst (value: 3)
| | | | | | | IntConst (value: 1)
| | | | | | BinaryOp (operator: B_PLUS)
| | | | | | | IntConst (value: 7)
| | | | | | | IntConst (value: 8)
| | | BuiltInWrite ()
| | | | Var (name: a)
| | | BuiltInWriteln ()
| | | Assign ()
| | | | Var (name: b)
| | | | BinaryOp (operator: B_PLUS)
| | | | | BinaryOp (operator: B_MINUS)
| | | | | | IntConst (value: 8)
| | | | | | IntConst (value: 5)
| | | | | BinaryOp (operator: B_PLUS)
| | | | | | IntConst (value: 4)
| | | | | | BinaryOp (operator: B_MINUS)
| | | | | | | IntConst (value: 7)
| | | | | | | IntConst (value: 1)
| | | BuiltInWrite ()
| | | | BinaryOp (operator: B_MINUS)
| | | | | BinaryOp (operator: B_PLUS)
| | | | | | Var (name: a)
| | | | | | Var (name: b)
| | | | | Var (name: a)
| | | BuiltInWriteln ()
