ClassDecl (name: Main, superClass: Object)
| VarDecl (name: a, type: A)
| VarDecl (name: s, type: S)
| VarDecl (name: c, type: C)
| MethodDecl (argumentNames: [], argumentTypes: [], name: main, returnType: void)
| | Seq ()
| | | VarDecl (name: b, type: boolean)
| | Seq ()
| | | Assign ()
| | | | Var (name: b)
| | | | BinaryOp (operator: B_EQUAL)
| | | | | Var (name: a)
| | | | | Var (name: s)
ClassDecl (name: C, superClass: Object)
ClassDecl (name: A, superClass: Object)
ClassDecl (name: S, superClass: A)
