ClassDecl (name: Main, superClass: Object)
| MethodDecl (argumentNames: [], argumentTypes: [], name: main, returnType: void)
| | Seq ()
| | | VarDecl (name: a, type: int)
| | Seq ()
| | | MethodCall ()
| | | | MethodCallExpr (methodName: foo)
| | | | | Var (name: a)
| MethodDecl (argumentNames: [], argumentTypes: [], name: foo, returnType: void)
| | Seq ()
| | Seq ()
| | | BuiltInWrite ()
| | | | IntConst (value: 5)
| | | BuiltInWriteln ()
