ClassDecl (name: Main, superClass: Object)
| MethodDecl (argumentNames: [], argumentTypes: [], name: main, returnType: void)
| | Seq ()
| | | VarDecl (name: x, type: int)
| | Seq ()
| | | Assign ()
| | | | Var (name: x)
| | | | MethodCallExpr (methodName: foo)
| | | | | ThisRef ()
| | | | | IntConst (value: 5)
| MethodDecl (argumentNames: [x, y], argumentTypes: [int, int], name: foo, returnType: int)
| | Seq ()
| | Seq ()
| | | ReturnStmt ()
| | | | Var (name: y)
