ClassDecl (name: Main, superClass: Object)
| MethodDecl (argumentNames: [], argumentTypes: [], name: main, returnType: void)
| | Seq ()
| | Seq ()
| | | BuiltInWrite ()
| | | | IntConst (value: 5)
| | | BuiltInWriteln ()
| MethodDecl (argumentNames: [y], argumentTypes: [int], name: foo, returnType: int)
| | Seq ()
| | Seq ()
| | | IfElse ()
| | | | BinaryOp (operator: B_GREATER_THAN)
| | | | | Var (name: y)
| | | | | IntConst (value: 5)
| | | | Seq ()
| | | | | IfElse ()
| | | | | | BinaryOp (operator: B_GREATER_THAN)
| | | | | | | Var (name: y)
| | | | | | | IntConst (value: 7)
| | | | | | Seq ()
| | | | | | | ReturnStmt ()
| | | | | | | | IntConst (value: 3)
| | | | | | Nop ()
| | | | Seq ()
| | | | | ReturnStmt ()
| | | | | | IntConst (value: 4)
