ClassDecl (name: A, superClass: Object)
| MethodDecl (argumentNames: [], argumentTypes: [], name: foo, returnType: B1)
| | Seq ()
| | | VarDecl (name: a, type: A1)
| | Seq ()
| | | Assign ()
| | | | Var (name: a)
| | | | NewObject (typeName: A1)
| | | ReturnStmt ()
| | | | Var (name: a)
ClassDecl (name: A1, superClass: B1)
ClassDecl (name: B1, superClass: Object)
ClassDecl (name: Main, superClass: Object)
| MethodDecl (argumentNames: [], argumentTypes: [], name: main, returnType: void)
| | Seq ()
| | | VarDecl (name: a, type: A)
| | Seq ()
