ClassDecl (name: X, superClass: Object)
| MethodDecl (argumentNames: [], argumentTypes: [], name: method, returnType: int)
| | Seq ()
| | Seq ()
| | | ReturnStmt ()
| | | | IntConst (value: 0)
ClassDecl (name: Main, superClass: Object)
| MethodDecl (argumentNames: [], argumentTypes: [], name: method, returnType: int)
| | Seq ()
| | Seq ()
| | | ReturnStmt ()
| | | | IntConst (value: 0)
| MethodDecl (argumentNames: [], argumentTypes: [], name: main, returnType: void)
| | Seq ()
| | | VarDecl (name: x, type: X)
| | Seq ()
| | | Assign ()
| | | | Var (name: x)
| | | | NewObject (typeName: X)
| | | Assign ()
| | | | MethodCallExpr (methodName: method)
| | | | | Var (name: x)
| | | | IntConst (value: 1)
