ClassDecl (name: X, superClass: Object)
| VarDecl (name: field, type: int)
ClassDecl (name: Main, superClass: Object)
| VarDecl (name: field, type: int)
| MethodDecl (argumentNames: [], argumentTypes: [], name: main, returnType: void)
| | Seq ()
| | | VarDecl (name: var, type: int)
| | | VarDecl (name: x, type: X)
| | Seq ()
| | | Assign ()
| | | | Var (name: x)
| | | | NewObject (typeName: X)
| | | Assign ()
| | | | Field (fieldName: field)
| | | | | Var (name: x)
| | | | IntConst (value: 1)
| | | Assign ()
| | | | Var (name: field)
| | | | IntConst (value: 1)
| | | Assign ()
| | | | Field (fieldName: field)
| | | | | ThisRef ()
| | | | IntConst (value: 1)
