ClassDecl (name: Main, superClass: Object)
| MethodDecl (argumentNames: [], argumentTypes: [], name: main, returnType: void)
| | Seq ()
| | | VarDecl (name: x, type: int[])
| | Seq ()
| | | Assign ()
| | | | Var (name: x)
| | | | NewArray (typeName: int[])
| | | | | IntConst (value: 5)
| | | Assign ()
| | | | Index ()
| | | | | Var (name: x)
| | | | | IntConst (value: 7)
| | | | IntConst (value: 5)
