ClassDecl (name: Main, superClass: Object)
| VarDecl (name: a, type: A)
| VarDecl (name: b, type: B)
| VarDecl (name: c, type: C)
| VarDecl (name: i, type: int)
| MethodDecl (argumentNames: [], argumentTypes: [], name: main, returnType: void)
| | Seq ()
| | Seq ()
| MethodDecl (argumentNames: [i], argumentTypes: [int], name: foo, returnType: void)
| | Seq ()
| | | VarDecl (name: x, type: int)
| | Seq ()
| | | Assign ()
| | | | Var (name: c)
| | | | NewObject (typeName: C)
| | | Assign ()
| | | | Var (name: x)
| | | | Field (fieldName: i)
| | | | | Field (fieldName: b)
| | | | | | Var (name: c)
| | | Assign ()
| | | | Var (name: x)
| | | | Var (name: i)
| | | Assign ()
| | | | Var (name: i)
| | | | Field (fieldName: i)
| | | | | ThisRef ()
| | | Assign ()
| | | | Var (name: b)
| | | | Cast (typeName: B)
| | | | | Var (name: a)
| | | Assign ()
| | | | Field (fieldName: i)
| | | | | ThisRef ()
| | | | Field (fieldName: x)
| | | | | Var (name: b)
ClassDecl (name: A, superClass: Object)
| VarDecl (name: b, type: B)
| VarDecl (name: i, type: int)
ClassDecl (name: B, superClass: A)
| VarDecl (name: x, type: int)
ClassDecl (name: C, superClass: B)
