ClassDecl (name: A, superClass: Object)
ClassDecl (name: B, superClass: A)
ClassDecl (name: Main, superClass: Object)
| VarDecl (name: a, type: A[])
| VarDecl (name: o, type: A)
| VarDecl (name: i, type: int[])
| VarDecl (name: k, type: int)
| VarDecl (name: b, type: boolean)
| MethodDecl (argumentNames: [], argumentTypes: [], name: main, returnType: void)
| | Seq ()
| | Seq ()
| | | Assign ()
| | | | Var (name: a)
| | | | NewArray (typeName: B[])
| | | | | IntConst (value: 4)
| | | Assign ()
| | | | Var (name: o)
| | | | NewObject (typeName: A)
| | | Assign ()
| | | | Var (name: a)
| | | | NewArray (typeName: A[])
| | | | | IntConst (value: 3)
| | | Assign ()
| | | | Var (name: o)
| | | | NewObject (typeName: B)
| | | Assign ()
| | | | Var (name: i)
| | | | NewArray (typeName: boolean[])
| | | | | IntConst (value: 5)
| | | Assign ()
| | | | Var (name: o)
| | | | NewObject (typeName: B)
