ClassDecl (name: Main, superClass: Object)
| VarDecl (name: i1, type: int)
| VarDecl (name: i2, type: int)
| VarDecl (name: b1, type: boolean)
| VarDecl (name: b2, type: boolean)
| MethodDecl (argumentNames: [], argumentTypes: [], name: main, returnType: void)
| | Seq ()
| | Seq ()
| | | Assign ()
| | | | Var (name: i1)
| | | | IntConst (value: 1)
| | | Assign ()
| | | | Var (name: i2)
| | | | IntConst (value: 0)
| | | Assign ()
| | | | Var (name: b1)
| | | | BinaryOp (operator: B_LESS_THAN)
| | | | | Var (name: i1)
| | | | | Var (name: i2)
| | | Assign ()
| | | | Var (name: b2)
| | | | BinaryOp (operator: B_LESS_OR_EQUAL)
| | | | | IntConst (value: 10)
| | | | | IntConst (value: 5)
| | | Assign ()
| | | | Var (name: b1)
| | | | BinaryOp (operator: B_GREATER_THAN)
| | | | | Var (name: i1)
| | | | | IntConst (value: 0)
| | | Assign ()
| | | | Var (name: b2)
| | | | BinaryOp (operator: B_GREATER_OR_EQUAL)
| | | | | UnaryOp (operator: U_MINUS)
| | | | | | IntConst (value: 5)
| | | | | Var (name: i2)
