ClassDecl (name: Main, superClass: Object)
| MethodDecl (argumentNames: [], argumentTypes: [], name: main, returnType: void)
| | Seq ()
| | Seq ()
| MethodDecl (argumentNames: [], argumentTypes: [], name: foo1, returnType: A)
| | Seq ()
| | Seq ()
| | | ReturnStmt ()
| | | | Var (name: s)
| MethodDecl (argumentNames: [], argumentTypes: [], name: foo2, returnType: S)
| | Seq ()
| | Seq ()
| | | ReturnStmt ()
| | | | NullConst ()
ClassDecl (name: A, superClass: Object)
ClassDecl (name: B, superClass: Object)
ClassDecl (name: S, superClass: A)
