ClassDecl (name: Main, superClass: Object)
| VarDecl (name: a, type: int[])
| VarDecl (name: b, type: int)
| MethodDecl (argumentNames: [], argumentTypes: [], name: main, returnType: void)
| | Seq ()
| | Seq ()
| | | Assign ()
| | | | Var (name: a)
| | | | NewArray (typeName: int[])
| | | | | IntConst (value: 3)
| | | Assign ()
| | | | Index ()
| | | | | Var (name: a)
| | | | | UnaryOp (operator: U_MINUS)
| | | | | | IntConst (value: 1)
| | | | IntConst (value: 1)
| | | Assign ()
| | | | Index ()
| | | | | Var (name: a)
| | | | | IntConst (value: 1)
| | | | IntConst (value: 1)
| | | Assign ()
| | | | Index ()
| | | | | Var (name: a)
| | | | | IntConst (value: 2)
| | | | IntConst (value: 1)
| | | Assign ()
| | | | Var (name: b)
| | | | Index ()
| | | | | Var (name: a)
| | | | | IntConst (value: 1)
| | | BuiltInWrite ()
| | | | Index ()
| | | | | Var (name: a)
| | | | | IntConst (value: 0)
