ClassDecl (name: Main, superClass: Object)
| VarDecl (name: b, type: int)
| MethodDecl (argumentNames: [], argumentTypes: [], name: main, returnType: void)
| | Seq ()
| | | VarDecl (name: bt, type: boolean)
| | | VarDecl (name: bf, type: boolean)
| | | VarDecl (name: a, type: int)
| | Seq ()
| | | Assign ()
| | | | Var (name: b)
| | | | IntConst (value: 300)
| | | Assign ()
| | | | Var (name: a)
| | | | IntConst (value: 200)
| | | Assign ()
| | | | Var (name: bt)
| | | | BooleanConst (value: true)
| | | Assign ()
| | | | Var (name: bf)
| | | | BooleanConst (value: false)
| | | IfElse ()
| | | | BinaryOp (operator: B_LESS_THAN)
| | | | | Var (name: a)
| | | | | Var (name: b)
| | | | Seq ()
| | | | | BuiltInWrite ()
| | | | | | Var (name: a)
| | | | Seq ()
| | | | | BuiltInWrite ()
| | | | | | IntConst (value: 666)
| | | IfElse ()
| | | | BinaryOp (operator: B_LESS_OR_EQUAL)
| | | | | Var (name: a)
| | | | | Var (name: b)
| | | | Seq ()
| | | | | BuiltInWrite ()
| | | | | | Var (name: a)
| | | | Seq ()
| | | | | BuiltInWrite ()
| | | | | | IntConst (value: 666)
| | | IfElse ()
| | | | BinaryOp (operator: B_GREATER_THAN)
| | | | | Var (name: a)
| | | | | Var (name: b)
| | | | Seq ()
| | | | | BuiltInWrite ()
| | | | | | Var (name: a)
| | | | Seq ()
| | | | | BuiltInWrite ()
| | | | | | IntConst (value: 666)
| | | IfElse ()
| | | | BinaryOp (operator: B_GREATER_THAN)
| | | | | Var (name: a)
| | | | | Var (name: b)
| | | | Seq ()
| | | | | BuiltInWrite ()
| | | | | | Var (name: a)
| | | | Seq ()
| | | | | BuiltInWrite ()
| | | | | | IntConst (value: 666)
| | | IfElse ()
| | | | UnaryOp (operator: U_BOOL_NOT)
| | | | | BooleanConst (value: true)
| | | | Seq ()
| | | | | BuiltInWrite ()
| | | | | | Var (name: a)
| | | | Seq ()
| | | | | BuiltInWrite ()
| | | | | | IntConst (value: 666)
| | | IfElse ()
| | | | UnaryOp (operator: U_BOOL_NOT)
| | | | | BooleanConst (value: false)
| | | | Seq ()
| | | | | BuiltInWrite ()
| | | | | | Var (name: a)
| | | | Seq ()
| | | | | BuiltInWrite ()
| | | | | | IntConst (value: 666)
| | | BuiltInWriteln ()
| | | IfElse ()
| | | | BinaryOp (operator: B_AND)
| | | | | BooleanConst (value: false)
| | | | | BooleanConst (value: true)
| | | | Seq ()
| | | | | BuiltInWrite ()
| | | | | | Var (name: a)
| | | | Seq ()
| | | | | BuiltInWrite ()
| | | | | | IntConst (value: 666)
| | | BuiltInWriteln ()
| | | IfElse ()
| | | | BinaryOp (operator: B_OR)
| | | | | Var (name: bt)
| | | | | Var (name: bf)
| | | | Seq ()
| | | | | BuiltInWrite ()
| | | | | | IntConst (value: 1)
| | | | Seq ()
| | | | | BuiltInWrite ()
| | | | | | IntConst (value: 0)
| | | BuiltInWrite ()
| | | | BinaryOp (operator: B_TIMES)
| | | | | IntConst (value: 3)
| | | | | IntConst (value: 4)
| | | BuiltInWriteln ()
| | | BuiltInWrite ()
| | | | BinaryOp (operator: B_PLUS)
| | | | | IntConst (value: 3)
| | | | | IntConst (value: 4)
| | | BuiltInWriteln ()
| | | BuiltInWrite ()
| | | | BinaryOp (operator: B_MINUS)
| | | | | IntConst (value: 3)
| | | | | IntConst (value: 4)
| | | BuiltInWriteln ()
| | | BuiltInWrite ()
| | | | BinaryOp (operator: B_MOD)
| | | | | IntConst (value: 13)
| | | | | IntConst (value: 7)
| | | BuiltInWriteln ()
| | | BuiltInWrite ()
| | | | BinaryOp (operator: B_DIV)
| | | | | IntConst (value: 17)
| | | | | IntConst (value: 7)
| | | Assign ()
| | | | Var (name: bt)
| | | | BinaryOp (operator: B_LESS_THAN)
| | | | | IntConst (value: 3)
| | | | | IntConst (value: 4)
| | | Assign ()
| | | | Var (name: bt)
| | | | BinaryOp (operator: B_LESS_THAN)
| | | | | IntConst (value: 4)
| | | | | IntConst (value: 3)
| | | Assign ()
| | | | Var (name: bt)
| | | | BinaryOp (operator: B_LESS_THAN)
| | | | | IntConst (value: 4)
| | | | | IntConst (value: 4)
| | | Assign ()
| | | | Var (name: bt)
| | | | BinaryOp (operator: B_LESS_OR_EQUAL)
| | | | | IntConst (value: 3)
| | | | | IntConst (value: 4)
| | | Assign ()
| | | | Var (name: bt)
| | | | BinaryOp (operator: B_LESS_OR_EQUAL)
| | | | | IntConst (value: 4)
| | | | | IntConst (value: 3)
| | | Assign ()
| | | | Var (name: bt)
| | | | BinaryOp (operator: B_LESS_OR_EQUAL)
| | | | | IntConst (value: 4)
| | | | | IntConst (value: 4)
| | | Assign ()
| | | | Var (name: bt)
| | | | BinaryOp (operator: B_GREATER_THAN)
| | | | | IntConst (value: 3)
| | | | | IntConst (value: 4)
| | | Assign ()
| | | | Var (name: bt)
| | | | BinaryOp (operator: B_GREATER_THAN)
| | | | | IntConst (value: 4)
| | | | | IntConst (value: 3)
| | | Assign ()
| | | | Var (name: bt)
| | | | BinaryOp (operator: B_GREATER_THAN)
| | | | | IntConst (value: 4)
| | | | | IntConst (value: 4)
| | | Assign ()
| | | | Var (name: bt)
| | | | BinaryOp (operator: B_GREATER_OR_EQUAL)
| | | | | IntConst (value: 3)
| | | | | IntConst (value: 4)
| | | Assign ()
| | | | Var (name: bt)
| | | | BinaryOp (operator: B_GREATER_OR_EQUAL)
| | | | | IntConst (value: 4)
| | | | | IntConst (value: 3)
| | | Assign ()
| | | | Var (name: bt)
| | | | BinaryOp (operator: B_GREATER_OR_EQUAL)
| | | | | IntConst (value: 4)
| | | | | IntConst (value: 4)
| | | Assign ()
| | | | Var (name: bt)
| | | | BinaryOp (operator: B_AND)
| | | | | BooleanConst (value: true)
| | | | | BooleanConst (value: true)
| | | Assign ()
| | | | Var (name: bt)
| | | | BinaryOp (operator: B_AND)
| | | | | BooleanConst (value: true)
| | | | | BooleanConst (value: false)
| | | Assign ()
| | | | Var (name: bt)
| | | | BinaryOp (operator: B_AND)
| | | | | BooleanConst (value: false)
| | | | | BooleanConst (value: false)
| | | Assign ()
| | | | Var (name: bt)
| | | | BinaryOp (operator: B_OR)
| | | | | BooleanConst (value: true)
| | | | | BooleanConst (value: true)
| | | Assign ()
| | | | Var (name: bt)
| | | | BinaryOp (operator: B_OR)
| | | | | BooleanConst (value: true)
| | | | | BooleanConst (value: false)
| | | Assign ()
| | | | Var (name: bt)
| | | | BinaryOp (operator: B_OR)
| | | | | BooleanConst (value: false)
| | | | | BooleanConst (value: false)
| | | Assign ()
| | | | Var (name: bt)
| | | | UnaryOp (operator: U_BOOL_NOT)
| | | | | Var (name: bf)
| | | Assign ()
| | | | Var (name: bt)
| | | | UnaryOp (operator: U_BOOL_NOT)
| | | | | BooleanConst (value: true)
| | | BuiltInWriteln ()
| | | IfElse ()
| | | | Var (name: bt)
| | | | Seq ()
| | | | | BuiltInWrite ()
| | | | | | IntConst (value: 1)
| | | | Seq ()
| | | | | BuiltInWrite ()
| | | | | | IntConst (value: 0)
| | | BuiltInWriteln ()
| | | BuiltInWrite ()
| | | | UnaryOp (operator: U_PLUS)
| | | | | IntConst (value: 1)
| | | BuiltInWriteln ()
| | | BuiltInWrite ()
| | | | UnaryOp (operator: U_MINUS)
| | | | | IntConst (value: 0)
| | | BuiltInWriteln ()
| | | Assign ()
| | | | Var (name: bt)
| | | | BooleanConst (value: true)
| | | WhileLoop ()
| | | | BinaryOp (operator: B_AND)
| | | | | UnaryOp (operator: U_BOOL_NOT)
| | | | | | BooleanConst (value: false)
| | | | | Var (name: bt)
| | | | Seq ()
| | | | | BuiltInWrite ()
| | | | | | IntConst (value: 1)
| | | | | Assign ()
| | | | | | Var (name: bt)
| | | | | | UnaryOp (operator: U_BOOL_NOT)
| | | | | | | Var (name: bt)
| | | BuiltInWrite ()
| | | | IntConst (value: 0)
| | | BuiltInWriteln ()
| | | Assign ()
| | | | Var (name: bt)
| | | | BinaryOp (operator: B_EQUAL)
| | | | | BooleanConst (value: true)
| | | | | BooleanConst (value: true)
| | | BuiltInWriteln ()
| | | IfElse ()
| | | | Var (name: bt)
| | | | Seq ()
| | | | | BuiltInWrite ()
| | | | | | IntConst (value: 1)
| | | | Seq ()
| | | | | BuiltInWrite ()
| | | | | | IntConst (value: 0)
