ClassDecl (name: Main, superClass: Object)
| MethodDecl (argumentNames: [], argumentTypes: [], name: main, returnType: void)
| | Seq ()
| | | VarDecl (name: a, type: int)
| | | VarDecl (name: b, type: int)
| | Seq ()
| | | Assign ()
| | | | Var (name: a)
| | | | IntConst (value: 10)
| | | Assign ()
| | | | Var (name: b)
| | | | IntConst (value: 3)
| | | BuiltInWrite ()
| | | | BinaryOp (operator: B_MOD)
| | | | | Var (name: a)
| | | | | Var (name: b)
| | | BuiltInWrite ()
| | | | BinaryOp (operator: B_MOD)
| | | | | IntConst (value: 100)
| | | | | IntConst (value: 4)
