ClassDecl (name: Main, superClass: Object)
| MethodDecl (argumentNames: [], argumentTypes: [], name: main, returnType: void)
| | Seq ()
| | | VarDecl (name: b, type: int)
| | Seq ()
| | | Assign ()
| | | | Var (name: b)
| | | | MethodCallExpr (methodName: foo)
| | | | | ThisRef ()
| | | WhileLoop ()
| | | | BinaryOp (operator: B_LESS_THAN)
| | | | | Var (name: b)
| | | | | IntConst (value: 10)
| | | | Seq ()
| | | | | Assign ()
| | | | | | Var (name: b)
| | | | | | BinaryOp (operator: B_PLUS)
| | | | | | | Var (name: b)
| | | | | | | IntConst (value: 1)
| | | | | BuiltInWrite ()
| | | | | | Var (name: b)
| MethodDecl (argumentNames: [], argumentTypes: [], name: foo, returnType: int)
| | Seq ()
| | Seq ()
| | | ReturnStmt ()
| | | | IntConst (value: 3)
