ClassDecl (name: Main, superClass: Object)
| VarDecl (name: a, type: int[])
| VarDecl (name: b, type: boolean)
| MethodDecl (argumentNames: [], argumentTypes: [], name: main, returnType: void)
| | Seq ()
| | Seq ()
| | | Assign ()
| | | | Var (name: a)
| | | | NewArray (typeName: int[])
| | | | | IntConst (value: 5)
| | | Assign ()
| | | | Var (name: a)
| | | | NewArray (typeName: int[])
| | | | | Var (name: b)
