ClassDecl (name: Main, superClass: Object)
| VarDecl (name: i, type: int)
| VarDecl (name: b1, type: boolean)
| VarDecl (name: b2, type: boolean)
| MethodDecl (argumentNames: [], argumentTypes: [], name: main, returnType: void)
| | Seq ()
| | Seq ()
| | | Assign ()
| | | | Var (name: b2)
| | | | BooleanConst (value: false)
| | | Assign ()
| | | | Var (name: b1)
| | | | BinaryOp (operator: B_OR)
| | | | | BooleanConst (value: true)
| | | | | Var (name: b2)
| | | Assign ()
| | | | Var (name: b1)
| | | | UnaryOp (operator: U_BOOL_NOT)
| | | | | BooleanConst (value: true)
| | | Assign ()
| | | | Var (name: b1)
| | | | UnaryOp (operator: U_BOOL_NOT)
| | | | | BinaryOp (operator: B_AND)
| | | | | | Var (name: b2)
| | | | | | Var (name: b1)
| | | Assign ()
| | | | Var (name: b1)
| | | | BinaryOp (operator: B_AND)
| | | | | Var (name: i)
| | | | | BooleanConst (value: true)
