ClassDecl (name: Main, superClass: Object)
| VarDecl (name: a, type: A)
| VarDecl (name: s, type: S)
| MethodDecl (argumentNames: [], argumentTypes: [], name: main, returnType: void)
| | Seq ()
| | Seq ()
| | | Assign ()
| | | | Var (name: a)
| | | | NewObject (typeName: A)
| | | Assign ()
| | | | Var (name: s)
| | | | NewObject (typeName: S)
| | | Assign ()
| | | | Var (name: a)
| | | | NewObject (typeName: S)
| | | Assign ()
| | | | Var (name: a)
| | | | Cast (typeName: A)
| | | | | Var (name: s)
ClassDecl (name: B, superClass: Object)
ClassDecl (name: A, superClass: Object)
ClassDecl (name: S, superClass: A)
