ClassDecl (name: Main, superClass: Object)
| MethodDecl (argumentNames: [a], argumentTypes: [int], name: bla, returnType: boolean)
| | Seq ()
| | Seq ()
| | | IfElse ()
| | | | BinaryOp (operator: B_LESS_THAN)
| | | | | Var (name: a)
| | | | | IntConst (value: 2)
| | | | Seq ()
| | | | | ReturnStmt ()
| | | | | | BooleanConst (value: true)
| | | | Nop ()
| | | ReturnStmt ()
| | | | BooleanConst (value: false)
| MethodDecl (argumentNames: [a], argumentTypes: [int], name: ok, returnType: boolean)
| | Seq ()
| | | VarDecl (name: b, type: int)
| | Seq ()
| | | MethodCall ()
| | | | MethodCallExpr (methodName: bla)
| | | | | ThisRef ()
| | | | | Var (name: a)
| | | BuiltInWrite ()
| | | | Var (name: a)
| | | IfElse ()
| | | | BinaryOp (operator: B_LESS_THAN)
| | | | | Var (name: a)
| | | | | IntConst (value: 5)
| | | | Seq ()
| | | | | Assign ()
| | | | | | Var (name: b)
| | | | | | IntConst (value: 3)
| | | | | ReturnStmt ()
| | | | | | BooleanConst (value: true)
| | | | Seq ()
| | | | | IfElse ()
| | | | | | BinaryOp (operator: B_LESS_THAN)
| | | | | | | Var (name: a)
| | | | | | | IntConst (value: 2)
| | | | | | Seq ()
| | | | | | Seq ()
| | | | | | | Assign ()
| | | | | | | | Var (name: a)
| | | | | | | | IntConst (value: 4)
| | | WhileLoop ()
| | | | BooleanConst (value: true)
| | | | Seq ()
| | | | | ReturnStmt ()
| | | | | | BooleanConst (value: true)
| | | ReturnStmt ()
| | | | BooleanConst (value: true)
| MethodDecl (argumentNames: [], argumentTypes: [], name: main, returnType: void)
| | Seq ()
| | | VarDecl (name: a, type: int)
| | | VarDecl (name: b, type: boolean)
| | Seq ()
| | | Assign ()
| | | | Var (name: a)
| | | | IntConst (value: 6)
| | | Assign ()
| | | | Var (name: b)
| | | | MethodCallExpr (methodName: ok)
| | | | | ThisRef ()
| | | | | IntConst (value: 6)
