ClassDecl (name: Main, superClass: Object)
| MethodDecl (argumentNames: [], argumentTypes: [], name: main, returnType: void)
| | Seq ()
| | | VarDecl (name: b, type: B)
| | | VarDecl (name: a, type: int[])
| | Seq ()
| | | Assign ()
| | | | Var (name: a)
| | | | IntConst (value: 5)
ClassDecl (name: B, superClass: Main)
