digraph G {
  graph [ rankdir = "LR" ];
  subgraph cluster_0 {
    label = "Main.main"
    M0_BB0 [
      shape="record"
      label="BB0|j = 1|i = (j + 1)|a1 = new A()|a2 = new A()|b = new B()|a1 = a2|a1 = b|a1 = null"
    ];
    M0_BB0 -> M0_BB1;
    M0_BB1 [
      shape="record"
      label="BB1"
    ];
  }
}
