ClassDecl (name: A, superClass: Object)
ClassDecl (name: B, superClass: A)
ClassDecl (name: X, superClass: Object)
| MethodDecl (argumentNames: [], argumentTypes: [], name: method, returnType: B)
| | Seq ()
| | | VarDecl (name: b, type: B)
| | Seq ()
| | | Assign ()
| | | | Var (name: b)
| | | | NewObject (typeName: B)
| | | ReturnStmt ()
| | | | Var (name: b)
ClassDecl (name: Y, superClass: X)
| MethodDecl (argumentNames: [], argumentTypes: [], name: method, returnType: A)
| | Seq ()
| | | VarDecl (name: a, type: A)
| | Seq ()
| | | Assign ()
| | | | Var (name: a)
| | | | NewObject (typeName: A)
| | | ReturnStmt ()
| | | | Var (name: a)
ClassDecl (name: Main, superClass: Object)
| MethodDecl (argumentNames: [], argumentTypes: [], name: main, returnType: void)
| | Seq ()
| | Seq ()
