ClassDecl (name: X, superClass: Object)
| MethodDecl (argumentNames: [x], argumentTypes: [int], name: method, returnType: int)
| | Seq ()
| | Seq ()
| | | ReturnStmt ()
| | | | IntConst (value: 0)
ClassDecl (name: Y, superClass: X)
| MethodDecl (argumentNames: [x], argumentTypes: [int], name: method, returnType: boolean)
| | Seq ()
| | Seq ()
| | | ReturnStmt ()
| | | | BooleanConst (value: true)
ClassDecl (name: Main, superClass: Object)
| MethodDecl (argumentNames: [], argumentTypes: [], name: main, returnType: void)
| | Seq ()
| | Seq ()
