ClassDecl (name: A, superClass: Object)
ClassDecl (name: B, superClass: A)
ClassDecl (name: Main, superClass: Object)
| MethodDecl (argumentNames: [], argumentTypes: [], name: main, returnType: void)
| | Seq ()
| | | VarDecl (name: i, type: int)
| | | VarDecl (name: j, type: int)
| | | VarDecl (name: a1, type: A)
| | | VarDecl (name: a2, type: A)
| | | VarDecl (name: b, type: B)
| | Seq ()
| | | Assign ()
| | | | Var (name: j)
| | | | IntConst (value: 1)
| | | Assign ()
| | | | Var (name: i)
| | | | BinaryOp (operator: B_PLUS)
| | | | | Var (name: j)
| | | | | IntConst (value: 1)
| | | Assign ()
| | | | Var (name: a1)
| | | | NewObject (typeName: A)
| | | Assign ()
| | | | Var (name: a2)
| | | | NewObject (typeName: A)
| | | Assign ()
| | | | Var (name: b)
| | | | NewObject (typeName: B)
| | | Assign ()
| | | | Var (name: a1)
| | | | Var (name: a2)
| | | Assign ()
| | | | Var (name: a1)
| | | | Var (name: b)
| | | Assign ()
| | | | Var (name: a1)
| | | | NullConst ()
