ClassDecl (name: Main, superClass: Object)
| MethodDecl (argumentNames: [], argumentTypes: [], name: main, returnType: void)
| | Seq ()
| | | VarDecl (name: i, type: boolean)
| | | VarDecl (name: arr, type: boolean[])
| | Seq ()
| | | Assign ()
| | | | Index ()
| | | | | Var (name: arr)
| | | | | Var (name: i)
| | | | Var (name: True)
