ClassDecl (name: Main, superClass: Object)
| MethodDecl (argumentNames: [], argumentTypes: [], name: main, returnType: void)
| | Seq ()
| | | VarDecl (name: i, type: boolean)
| | | VarDecl (name: arr, type: int[])
| | | VarDecl (name: k, type: int)
| | Seq ()
| | | Assign ()
| | | | Var (name: k)
| | | | Index ()
| | | | | Var (name: arr)
| | | | | Var (name: i)
