ClassDecl (name: Main, superClass: Object)
| MethodDecl (argumentNames: [], argumentTypes: [], name: main, returnType: void)
| | Seq ()
| | Seq ()
| | | Assign ()
| | | | MethodCallExpr (methodName: test)
| | | | | ThisRef ()
| | | | IntConst (value: 5)
| MethodDecl (argumentNames: [], argumentTypes: [], name: test, returnType: int)
| | Seq ()
| | Seq ()
| | | ReturnStmt ()
| | | | IntConst (value: 1)
