ClassDecl (name: Main, superClass: Object)
| MethodDecl (argumentNames: [], argumentTypes: [], name: main, returnType: void)
| | Seq ()
| | | VarDecl (name: arr, type: boolean[])
| | | VarDecl (name: j, type: boolean)
| | Seq ()
| | | Assign ()
| | | | Var (name: arr)
| | | | NewArray (typeName: boolean[])
| | | | | Var (name: j)
