ClassDecl (name: Main, superClass: Object)
| MethodDecl (argumentNames: [], argumentTypes: [], name: main, returnType: void)
| | Seq ()
| | | VarDecl (name: valid, type: boolean)
| | Seq ()
| | | Assign ()
| | | | Var (name: valid)
| | | | BinaryOp (operator: B_PLUS)
| | | | | BooleanConst (value: true)
| | | | | IntConst (value: 4)
