ClassDecl (name: A, superClass: Object)
| VarDecl (name: a, type: int)
| MethodDecl (argumentNames: [], argumentTypes: [], name: fun, returnType: void)
| | Seq ()
| | Seq ()
ClassDecl (name: Main, superClass: Object)
| MethodDecl (argumentNames: [], argumentTypes: [], name: main, returnType: void)
| | Seq ()
| | | VarDecl (name: a3, type: A)
| | Seq ()
| | | MethodCall ()
| | | | MethodCallExpr (methodName: fun)
| | | | | Var (name: a3)
