ClassDecl (name: Main, superClass: Object)
| VarDecl (name: a, type: int)
| MethodDecl (argumentNames: [], argumentTypes: [], name: main, returnType: void)
| | Seq ()
| | Seq ()
| | | MethodCall ()
| | | | MethodCallExpr (methodName: foo)
| | | | | ThisRef ()
| | | | | IntConst (value: 3)
| MethodDecl (argumentNames: [a], argumentTypes: [int], name: foo, returnType: void)
| | Seq ()
| | Seq ()
| | | Assign ()
| | | | Field (fieldName: a)
| | | | | ThisRef ()
| | | | Var (name: a)
