ClassDecl (name: Main, superClass: Object)
| MethodDecl (argumentNames: [], argumentTypes: [], name: main, returnType: void)
| | Seq ()
| | | VarDecl (name: i, type: int)
| | | VarDecl (name: j, type: int)
| | Seq ()
| | | Assign ()
| | | | Var (name: i)
| | | | IntConst (value: 5)
| | | Assign ()
| | | | Var (name: j)
| | | | IntConst (value: 2)
| | | BuiltInWrite ()
| | | | BinaryOp (operator: B_MOD)
| | | | | Var (name: i)
| | | | | Var (name: j)
