ClassDecl (name: Main, superClass: Object)
| MethodDecl (argumentNames: [], argumentTypes: [], name: main, returnType: void)
| | Seq ()
| | Seq ()
ClassDecl (name: A, superClass: Object)
| VarDecl (name: i, type: int)
| MethodDecl (argumentNames: [], argumentTypes: [], name: i, returnType: void)
| | Seq ()
| | Seq ()
