ClassDecl (name: Main, superClass: Object)
| MethodDecl (argumentNames: [], argumentTypes: [], name: main, returnType: void)
| | Seq ()
| | Seq ()
ClassDecl (name: A, superClass: Object)
| MethodDecl (argumentNames: [i, j, a], argumentTypes: [int, boolean, A], name: test, returnType: void)
| | Seq ()
| | Seq ()
ClassDecl (name: B, superClass: A)
| MethodDecl (argumentNames: [a, b, c], argumentTypes: [int, boolean, B], name: test, returnType: void)
| | Seq ()
| | Seq ()
