ClassDecl (name: A, superClass: Object)
ClassDecl (name: B, superClass: A)
| VarDecl (name: k, type: int)
| VarDecl (name: b, type: B)
ClassDecl (name: Main, superClass: Object)
| VarDecl (name: j, type: int)
| MethodDecl (argumentNames: [a], argumentTypes: [B], name: test, returnType: void)
| | Seq ()
| | Seq ()
| | | Assign ()
| | | | Field (fieldName: k)
| | | | | Field (fieldName: b)
| | | | | | Field (fieldName: b)
| | | | | | | Var (name: a)
| | | | IntConst (value: 5)
| MethodDecl (argumentNames: [], argumentTypes: [], name: main, returnType: void)
| | Seq ()
| | Seq ()
