ClassDecl (name: Main, superClass: Object)
| VarDecl (name: i, type: int)
| VarDecl (name: otherA, type: A)
| MethodDecl (argumentNames: [], argumentTypes: [], name: main, returnType: void)
| | Seq ()
| | | VarDecl (name: a, type: A)
| | | VarDecl (name: arr, type: int[])
| | Seq ()
| | | Assign ()
| | | | Field (fieldName: i)
| | | | | ThisRef ()
| | | | IntConst (value: 5)
| | | Assign ()
| | | | Field (fieldName: i)
| | | | | Var (name: a)
| | | | IntConst (value: 5)
| | | Assign ()
| | | | Field (fieldName: i)
| | | | | Var (name: otherA)
| | | | IntConst (value: 5)
| | | Assign ()
| | | | Field (fieldName: otherA)
| | | | | ThisRef ()
| | | | IntConst (value: 5)
| | | Assign ()
| | | | Index ()
| | | | | Var (name: arr)
| | | | | IntConst (value: 5)
| | | | IntConst (value: 10)
ClassDecl (name: A, superClass: Object)
| VarDecl (name: i, type: int)
