ClassDecl (name: Main, superClass: Object)
| MethodDecl (argumentNames: [], argumentTypes: [], name: main, returnType: void)
| | Seq ()
| | | VarDecl (name: a, type: boolean)
| | | VarDecl (name: b, type: boolean)
| | | VarDecl (name: c, type: Main)
| | Seq ()
| | | Assign ()
| | | | Var (name: a)
| | | | BinaryOp (operator: B_EQUAL)
| | | | | Var (name: b)
| | | | | Var (name: c)
