ClassDecl (name: Main, superClass: Object)
| MethodDecl (argumentNames: [], argumentTypes: [], name: main, returnType: void)
| | Seq ()
| | Seq ()
| | | MethodCall ()
| | | | MethodCallExpr (methodName: test)
| | | | | ThisRef ()
| | | | | IntConst (value: 1)
| | | | | IntConst (value: 2)
| | | | | IntConst (value: 3)
| MethodDecl (argumentNames: [i], argumentTypes: [int], name: test, returnType: void)
| | Seq ()
| | Seq ()
