ClassDecl (name: Main, superClass: Object)
| MethodDecl (argumentNames: [], argumentTypes: [], name: main, returnType: void)
| | Seq ()
| | | VarDecl (name: i, type: int)
| | | VarDecl (name: arr, type: boolean[])
| | | VarDecl (name: j, type: boolean)
| | Seq ()
| | | Assign ()
| | | | Var (name: arr)
| | | | NewArray (typeName: arr[])
| | | | | IntConst (value: 100)
| | | Assign ()
| | | | Var (name: j)
| | | | Index ()
| | | | | Var (name: arr)
| | | | | Var (name: i)
