ClassDecl (name: Main, superClass: Object)
| MethodDecl (argumentNames: [], argumentTypes: [], name: main, returnType: void)
| | Seq ()
| | Seq ()
| | | MethodCall ()
| | | | MethodCallExpr (methodName: method)
| | | | | ThisRef ()
| | | | | IntConst (value: 1)
| MethodDecl (argumentNames: [i], argumentTypes: [int], name: method, returnType: void)
| | Seq ()
| | Seq ()
