digraph G {
  graph [ rankdir = "LR" ];
  subgraph cluster_0 {
    label = "Main.bla"
    M0_BB0 [
      shape="record"
      label="BB0|If: (a \< 2)"
    ];
    M0_BB0 -> M0_BB2;
    M0_BB0 -> M0_BB3 [label="False"];
    M0_BB1 [
      shape="record"
      label="BB1"
    ];
    M0_BB2 [
      shape="record"
      label="BB2|return true"
    ];
    M0_BB2 -> M0_BB1;
    M0_BB3 [
      shape="record"
      label="BB3|nop"
    ];
    M0_BB3 -> M0_BB4;
    M0_BB4 [
      shape="record"
      label="BB4|return false"
    ];
    M0_BB4 -> M0_BB1;
  }
  subgraph cluster_1 {
    label = "Main.ok"
    M1_BB0 [
      shape="record"
      label="BB0|this.bla(...)|write(a)|If: (a \< 5)"
    ];
    M1_BB0 -> M1_BB2;
    M1_BB0 -> M1_BB3 [label="False"];
    M1_BB1 [
      shape="record"
      label="BB1"
    ];
    M1_BB2 [
      shape="record"
      label="BB2|b = 3|return true"
    ];
    M1_BB2 -> M1_BB1;
    M1_BB3 [
      shape="record"
      label="BB3|If: (a \< 2)"
    ];
    M1_BB3 -> M1_BB4;
    M1_BB3 -> M1_BB5 [label="False"];
    M1_BB4 [
      shape="record"
      label="BB4"
    ];
    M1_BB4 -> M1_BB6;
    M1_BB5 [
      shape="record"
      label="BB5|a = 4"
    ];
    M1_BB5 -> M1_BB6;
    M1_BB6 [
      shape="record"
      label="BB6"
    ];
    M1_BB6 -> M1_BB7;
    M1_BB7 [
      shape="record"
      label="BB7|return true"
    ];
    M1_BB7 -> M1_BB1;
  }
  subgraph cluster_2 {
    label = "Main.main"
    M2_BB0 [
      shape="record"
      label="BB0|a = 6|b = this.ok(...)"
    ];
    M2_BB0 -> M2_BB1;
    M2_BB1 [
      shape="record"
      label="BB1"
    ];
  }
}
