Main.bla
  BB0 out: []
    (a < 2): []
  BB1 out: []
  BB2 out: []
    return true: []
  BB3 out: []
    nop: []
  BB4 out: []
    return false: []


Main.main
  BB0 out: []
    a = 6: []
    b = this.ok(...): []
  BB1 out: []


Main.ok
  BB0 out: []
    this.bla(...): []
    write(a): []
    (a < 5): []
  BB1 out: []
  BB2 out: []
    b = 3: []
    return true: []
  BB3 out: []
    (a < 2): []
  BB4 out: []
  BB5 out: []
    a = 4: []
  BB6 out: []
  BB7 out: []
    return true: []


