Main.main
  BB0 out: []
    this.b = 300: []
    a = 200: []
    bt = true: []
    bf = false: []
    (a < this.b): []
  BB1 out: []
  BB2 out: []
    write(a): []
  BB3 out: []
    write(666): []
  BB4 out: []
    (a <= this.b): []
  BB5 out: []
    write(a): []
  BB6 out: []
    write(666): []
  BB7 out: []
    (a > this.b): []
  BB8 out: []
    write(a): []
  BB9 out: []
    write(666): []
  BB10 out: []
    (a > this.b): []
  BB11 out: []
    write(a): []
  BB12 out: []
    write(666): []
  BB13 out: []
    writeln(): []
    (false && true): []
  BB14 out: []
    write(a): []
  BB15 out: []
    write(666): []
  BB16 out: []
    writeln(): []
    (bt || bf): []
  BB17 out: []
    write(1): []
  BB18 out: []
    write(0): []
  BB19 out: []
    write((3 * 4)): []
    writeln(): []
    write((3 + 4)): []
    writeln(): []
    write((3 - 4)): []
    writeln(): []
    write((13 % 7)): []
    writeln(): []
    write((17 / 7)): []
    bt = (3 < 4): []
    bt = (4 < 3): []
    bt = (4 < 4): []
    bt = (3 <= 4): []
    bt = (4 <= 3): []
    bt = (4 <= 4): []
    bt = (3 > 4): []
    bt = (4 > 3): []
    bt = (4 > 4): []
    bt = (3 >= 4): []
    bt = (4 >= 3): []
    bt = (4 >= 4): []
    bt = (true && true): []
    bt = (true && false): []
    bt = (false && false): []
    bt = (true || true): []
    bt = (true || false): []
    bt = (false || false): []
    writeln(): []
    bt: []
  BB20 out: []
    write(1): []
  BB21 out: []
    write(0): []
  BB22 out: []


