ClassDecl (name: A, superClass: Object)
ClassDecl (name: B, superClass: A)
ClassDecl (name: X, superClass: Object)
| MethodDecl (argumentNames: [x], argumentTypes: [A], name: method, returnType: void)
| | Seq ()
| | Seq ()
ClassDecl (name: Y, superClass: X)
| MethodDecl (argumentNames: [x], argumentTypes: [B], name: method, returnType: void)
| | Seq ()
| | Seq ()
ClassDecl (name: Main, superClass: Object)
| MethodDecl (argumentNames: [], argumentTypes: [], name: main, returnType: void)
| | Seq ()
| | Seq ()
