digraph G {
  graph [ rankdir = "LR" ];
  subgraph cluster_0 {
    label = "Main.main"
    M0_BB0 [
      shape="record"
      label="BB0|a = 30|b = -(20)|c = 2147483647|d = -(c)|c = +(c)|d = (d - 2)|write(d)|writeln()|write(b)|writeln()|write(-(2147483645))|writeln()"
    ];
    M0_BB0 -> M0_BB1;
    M0_BB1 [
      shape="record"
      label="BB1"
    ];
  }
}
