Main.main
  BB0 out: []
    a = (((((1000 * a) + b) + (c + d)) * ((a + b) + (c + d))) + (((a + b) + (c + d)) * ((a + b) + (c + d)))): []
    b = ((((a + b) + (c + d)) * ((a + b) + (c + d))) + (((a + b) + (c + d)) * ((a + b) + (c + d)))): []
    c = ((((a + b) + (c + d)) * ((a + b) + (c + d))) + (((a + b) + (c + d)) * ((a + b) + (c + d)))): []
    d = ((((a + b) + (c + d)) * ((a + b) + (c + d))) + (((a + b) + (c + d)) * ((a + b) + (c + d)))): []
    write(((a * b) + (c * d))): []
    writeln(): []
    write((c * 0)): []
    writeln(): []
  BB1 out: []


