ClassDecl (name: D, superClass: Object)
| VarDecl (name: a, type: int)
ClassDecl (name: Main, superClass: D)
| VarDecl (name: b, type: int)
| MethodDecl (argumentNames: [], argumentTypes: [], name: main, returnType: void)
| | Seq ()
| | | VarDecl (name: a, type: int)
| | Seq ()
ClassDecl (name: A, superClass: B)
| MethodDecl (argumentNames: [], argumentTypes: [], name: print, returnType: void)
| | Seq ()
| | Seq ()
| | | BuiltInWrite ()
| | | | IntConst (value: 1)
ClassDecl (name: B, superClass: C)
| VarDecl (name: foo0, type: int)
ClassDecl (name: C, superClass: Object)
| VarDecl (name: foo, type: int)
