ClassDecl (name: Main, superClass: Object)
| VarDecl (name: c, type: int)
| MethodDecl (argumentNames: [], argumentTypes: [], name: main, returnType: void)
| | Seq ()
| | | VarDecl (name: c, type: int)
| | Seq ()
| | | Assign ()
| | | | Var (name: c)
| | | | IntConst (value: 1)
| | | Assign ()
| | | | Var (name: c)
| | | | Var (name: c)
| | | MethodCall ()
| | | | MethodCallExpr (methodName: foo)
| | | | | ThisRef ()
| | | | | Var (name: c)
| MethodDecl (argumentNames: [c], argumentTypes: [int], name: foo, returnType: void)
| | Seq ()
| | Seq ()
| | | Assign ()
| | | | Var (name: c)
| | | | Var (name: c)
