ClassDecl (name: A, superClass: Object)
| VarDecl (name: foo, type: int)
ClassDecl (name: Main, superClass: Object)
| MethodDecl (argumentNames: [], argumentTypes: [], name: main, returnType: void)
| | Seq ()
| | | VarDecl (name: a, type: A)
| | | VarDecl (name: b, type: B)
| | Seq ()
| MethodDecl (argumentNames: [c], argumentTypes: [int], name: foo, returnType: void)
| | Seq ()
| | | VarDecl (name: c, type: boolean)
| | Seq ()
ClassDecl (name: B, superClass: Object)
| VarDecl (name: foo, type: int)
