ClassDecl (name: Main, superClass: Object)
| MethodDecl (argumentNames: [], argumentTypes: [], name: main, returnType: void)
| | Seq ()
| | | VarDecl (name: a, type: int)
| | | VarDecl (name: b, type: int)
| | | VarDecl (name: c, type: boolean)
| | Seq ()
| | | Assign ()
| | | | Var (name: a)
| | | | IntConst (value: 3)
| | | Assign ()
| | | | Var (name: b)
| | | | IntConst (value: 1)
| | | Assign ()
| | | | Var (name: c)
| | | | BinaryOp (operator: B_EQUAL)
| | | | | Var (name: a)
| | | | | Var (name: b)
| | | IfElse ()
| | | | Var (name: c)
| | | | Seq ()
| | | | | BuiltInWrite ()
| | | | | | IntConst (value: 1)
| | | | | BuiltInWriteln ()
| | | | Seq ()
| | | | | BuiltInWrite ()
| | | | | | IntConst (value: 0)
| | | | | BuiltInWriteln ()
