ClassDecl (name: Main, superClass: Object)
| VarDecl (name: i1, type: int)
| VarDecl (name: i2, type: int)
| VarDecl (name: b, type: boolean)
| VarDecl (name: a, type: A)
| VarDecl (name: arr, type: int[])
| MethodDecl (argumentNames: [], argumentTypes: [], name: main, returnType: void)
| | Seq ()
| | Seq ()
| | | Assign ()
| | | | Var (name: i1)
| | | | Var (name: i2)
| | | Assign ()
| | | | Var (name: i1)
| | | | Field (fieldName: a)
| | | | | Var (name: a)
| | | Assign ()
| | | | Var (name: i2)
| | | | Index ()
| | | | | Var (name: arr)
| | | | | IntConst (value: 1)
| | | Assign ()
| | | | Var (name: i1)
| | | | MethodCallExpr (methodName: fun)
| | | | | Var (name: a)
| | | Assign ()
| | | | Var (name: i1)
| | | | MethodCallExpr (methodName: foo)
| | | | | ThisRef ()
| | | BuiltInWrite ()
| | | | Var (name: i2)
| | | BuiltInWrite ()
| | | | Field (fieldName: a)
| | | | | Var (name: a)
| | | BuiltInWrite ()
| | | | Index ()
| | | | | Var (name: arr)
| | | | | IntConst (value: 1)
| | | BuiltInWrite ()
| | | | MethodCallExpr (methodName: fun)
| | | | | Var (name: a)
| | | BuiltInWrite ()
| | | | MethodCallExpr (methodName: foo)
| | | | | ThisRef ()
| | | Assign ()
| | | | Field (fieldName: a)
| | | | | Var (name: a)
| | | | Var (name: i1)
| | | Assign ()
| | | | Index ()
| | | | | Var (name: arr)
| | | | | IntConst (value: 1)
| | | | Var (name: i2)
| MethodDecl (argumentNames: [], argumentTypes: [], name: foo, returnType: int)
| | Seq ()
| | Seq ()
| | | ReturnStmt ()
| | | | IntConst (value: 1)
ClassDecl (name: A, superClass: Object)
| VarDecl (name: a, type: int)
| MethodDecl (argumentNames: [], argumentTypes: [], name: fun, returnType: int)
| | Seq ()
| | Seq ()
| | | ReturnStmt ()
| | | | IntConst (value: 1)
