ClassDecl (name: A, superClass: Object)
ClassDecl (name: B, superClass: A)
ClassDecl (name: Main, superClass: Object)
| MethodDecl (argumentNames: [], argumentTypes: [], name: main, returnType: void)
| | Seq ()
| | | VarDecl (name: a, type: A[])
| | | VarDecl (name: b, type: B[])
| | | VarDecl (name: i, type: int[])
| | | VarDecl (name: bools, type: boolean[])
| | Seq ()
| | | Assign ()
| | | | Var (name: a)
| | | | NewArray (typeName: A[])
| | | | | IntConst (value: 1)
| | | Assign ()
| | | | Var (name: b)
| | | | NewArray (typeName: B[])
| | | | | IntConst (value: 1)
| | | Assign ()
| | | | Var (name: i)
| | | | NewArray (typeName: int[])
| | | | | IntConst (value: 2)
| | | Assign ()
| | | | Var (name: bools)
| | | | NewArray (typeName: boolean[])
| | | | | IntConst (value: 2)
| | | Assign ()
| | | | Index ()
| | | | | Var (name: b)
| | | | | IntConst (value: 0)
| | | | NewObject (typeName: B)
| | | Assign ()
| | | | Index ()
| | | | | Var (name: a)
| | | | | IntConst (value: 0)
| | | | Index ()
| | | | | Var (name: b)
| | | | | IntConst (value: 0)
| | | Assign ()
| | | | Index ()
| | | | | Var (name: i)
| | | | | IntConst (value: 0)
| | | | IntConst (value: 1)
| | | Assign ()
| | | | Index ()
| | | | | Var (name: i)
| | | | | IntConst (value: 1)
| | | | BinaryOp (operator: B_PLUS)
| | | | | Index ()
| | | | | | Var (name: i)
| | | | | | IntConst (value: 0)
| | | | | IntConst (value: 1)
| | | Assign ()
| | | | Index ()
| | | | | Var (name: bools)
| | | | | IntConst (value: 0)
| | | | BooleanConst (value: true)
| | | Assign ()
| | | | Index ()
| | | | | Var (name: bools)
| | | | | IntConst (value: 1)
| | | | BinaryOp (operator: B_AND)
| | | | | Index ()
| | | | | | Var (name: bools)
| | | | | | IntConst (value: 0)
| | | | | BooleanConst (value: false)
