ClassDecl (name: A, superClass: Object)
ClassDecl (name: B, superClass: A)
ClassDecl (name: Main, superClass: Object)
| MethodDecl (argumentNames: [], argumentTypes: [], name: main, returnType: void)
| | Seq ()
| | | VarDecl (name: a, type: A[])
| | | VarDecl (name: b, type: B[])
| | | VarDecl (name: i, type: int[])
| | | VarDecl (name: bools, type: boolean[])
| | Seq ()
| | | Assign ()
| | | | Var (name: a)
| | | | NewArray (typeName: A[])
| | | | | IntConst (value: 1)
| | | Assign ()
| | | | Var (name: b)
| | | | NewArray (typeName: B[])
| | | | | IntConst (value: 1)
