ClassDecl (name: Main, superClass: Object)
| MethodDecl (argumentNames: [], argumentTypes: [], name: main, returnType: void)
| | Seq ()
| | | VarDecl (name: a, type: A)
| | | VarDecl (name: b, type: B)
| | Seq ()
| | | Assign ()
| | | | Var (name: a)
| | | | MethodCallExpr (methodName: foo)
| | | | | Var (name: b)
| | | | | Var (name: a)
| | | | | Var (name: b)
ClassDecl (name: A, superClass: Object)
| MethodDecl (argumentNames: [arg1, arg2], argumentTypes: [A, A], name: foo, returnType: A)
| | Seq ()
| | | VarDecl (name: a, type: int)
| | | VarDecl (name: b, type: int)
| | Seq ()
| | | Assign ()
| | | | Var (name: a)
| | | | IntConst (value: 2)
| | | Assign ()
| | | | Var (name: b)
| | | | IntConst (value: 3)
| | | IfElse ()
| | | | BinaryOp (operator: B_EQUAL)
| | | | | Var (name: a)
| | | | | Var (name: b)
| | | | Seq ()
| | | | | BuiltInWrite ()
| | | | | | IntConst (value: 1)
| | | | | BuiltInWriteln ()
| | | | | ReturnStmt ()
| | | | | | Var (name: arg1)
| | | | Seq ()
| | | | | BuiltInWrite ()
| | | | | | IntConst (value: 0)
| | | | | BuiltInWriteln ()
| | | | | ReturnStmt ()
| | | | | | Var (name: arg2)
ClassDecl (name: B, superClass: A)
