ClassDecl (name: Main, superClass: Object)
| MethodDecl (argumentNames: [], argumentTypes: [], name: main, returnType: void)
| | Seq ()
| | | VarDecl (name: b, type: boolean)
| | Seq ()
| | | Assign ()
| | | | Var (name: b)
| | | | BinaryOp (operator: B_GREATER_OR_EQUAL)
| | | | | IntConst (value: 3)
| | | | | BooleanConst (value: true)
