ClassDecl (name: Main, superClass: Object)
| MethodDecl (argumentNames: [], argumentTypes: [], name: main, returnType: void)
| | Seq ()
| | Seq ()
| MethodDecl (argumentNames: [], argumentTypes: [], name: foo, returnType: void)
| | Seq ()
| | Seq ()
| | | Assign ()
| | | | Var (name: a)
| | | | IntConst (value: 1)
