ClassDecl (name: Main, superClass: Object)
| MethodDecl (argumentNames: [], argumentTypes: [], name: main, returnType: void)
| | Seq ()
| | | VarDecl (name: x, type: int)
| | Seq ()
| | | Assign ()
| | | | Var (name: x)
| | | | MethodCallExpr (methodName: foo)
| | | | | ThisRef ()
| | | | | IntConst (value: 5)
| | | | | BooleanConst (value: true)
| MethodDecl (argumentNames: [a, b], argumentTypes: [int, int], name: foo, returnType: int)
| | Seq ()
| | | VarDecl (name: c, type: int)
| | Seq ()
| | | Assign ()
| | | | Var (name: c)
| | | | BinaryOp (operator: B_PLUS)
| | | | | Var (name: a)
| | | | | Var (name: b)
| | | ReturnStmt ()
| | | | Var (name: c)
