digraph G {
  graph [ rankdir = "LR" ];
  subgraph cluster_0 {
    label = "Main.main"
    M0_BB0 [
      shape="record"
      label="BB0|a = 8|b = 2|c = 9|write(((a / b) / c))|writeln()|write((c / b))|writeln()|b = (a * c)|write(((a + b) + c))|writeln()|write(b)|writeln()|write((((6 * 7) / (4 * 3)) - ((3 + 2) + (6 + 3))))|writeln()|write((((((6 * 54) / (5 * 3)) / ((18 / 18) / (34 / 34))) / (((2 * 12) / (3 * 2)) / ((15 / 2) / (10 / 2)))) / ((((6 * 54) / (5 * 3)) / ((18 / 18) / (34 / 34))) / (((2 * 12) / (3 * 2)) / ((15 / 2) / (10 / 2))))))|writeln()"
    ];
    M0_BB0 -> M0_BB1;
    M0_BB1 [
      shape="record"
      label="BB1"
    ];
  }
}
