digraph G {
  graph [ rankdir = "LR" ];
  subgraph cluster_0 {
    label = "Main.main"
    M0_BB0 [
      shape="record"
      label="BB0|a = (((4 + 5) + (3 - 2)) + ((3 - 1) + (7 + 8)))|write(a)|writeln()|b = ((8 - 5) + (4 + (7 - 1)))|write(((a + b) - a))|writeln()"
    ];
    M0_BB0 -> M0_BB1;
    M0_BB1 [
      shape="record"
      label="BB1"
    ];
  }
}
